TC++ ver.1.3
Num. of MPI Processes = 1

 Read TC input (input.in)
  WARNING: reads_binary = false was set. You should know what you are doing.
  calc_method = TC
  calc_mode = BAND
  qe_save_dir = ./example29
  pseudo_dir = ./example29
  smearing_mode = fixed
  smearing_width = 0.01
  restarts = false
  includes_div_correction = true
  energy_tolerance = 1e-05
  charge_tolerance = 0.0001
  max_num_iterations = 1
  mixes_density_matrix = false
  mixing_beta = 0.7
  num_refresh_david = 1
  max_num_blocks_david = 2
  is_heg = false
  reads_binary = 0

 Bcast TC input (input.in)

 Read QE information from ./example29/data-file-schema.xml
  qes:espresso.input.control_variables.calculation =  bands
  qes:espresso.output.atomic_structure.cell.a1 =  -5.130000000000000e0 0.000000000000000e0 5.130000000000000e0
  qes:espresso.output.atomic_structure.cell.a2 =  0.000000000000000e0 5.130000000000000e0 5.130000000000000e0
  qes:espresso.output.atomic_structure.cell.a3 =  -5.130000000000000e0 5.130000000000000e0 0.000000000000000e0
  qes:espresso.output.basis_set.reciprocal_lattice.b1 =  -1.000000000000000e0 -1.000000000000000e0 1.000000000000000e0
  qes:espresso.output.basis_set.reciprocal_lattice.b2 =  1.000000000000000e0 1.000000000000000e0 1.000000000000000e0
  qes:espresso.output.basis_set.reciprocal_lattice.b3 =  -1.000000000000000e0 1.000000000000000e0 -1.000000000000000e0
  qes:espresso.output.atomic_structure.<xmlattr>.alat =  1.026000000000e1
  qes:espresso.output.atomic_species.<xmlattr>.ntyp =  1
  Species: 0
   qes:espresso.output.atomic_species.species.<xmlattr>.name =  Si
   qes:espresso.output.atomic_species.species.pseudo_file =  Si_test.upf
  qes:espresso.output.atomic_structure.<xmlattr>.nat =  2
  Atom: 0
   qes:espresso.output.atomic_structure.atomic_positions.atom.<xmlattr>.name =  Si
   qes.espresso.output.atomic_structure.atomic_positions.atom = 0 0 0
  Atom: 1
   qes:espresso.output.atomic_structure.atomic_positions.atom.<xmlattr>.name =  Si
   qes.espresso.output.atomic_structure.atomic_positions.atom = 2.565 2.565 2.565
  qes:espresso.output.magnetization.noncolin =  false
  qes:espresso.output.magnetization.lsda =  false
  qes:espresso.output.symmetries.nsym =  48
   qes:espresso.output.symmetries.symmetry.rotation =  
          1.000000000000000e0 0.000000000000000e0 0.000000000000000e0
          0.000000000000000e0 1.000000000000000e0 0.000000000000000e0
          0.000000000000000e0 0.000000000000000e0 1.000000000000000e0
          
   qes:espresso.output.symmetries.symmetry.fractional_translation =  0.000000000000000e0 0.000000000000000e0 0.000000000000000e0
   qes:espresso.output.symmetries.symmetry.rotation =  
          0.000000000000000e0 1.000000000000000e0 0.000000000000000e0
          1.000000000000000e0 0.000000000000000e0 0.000000000000000e0
          -1.000000000000000e0 -1.000000000000000e0 -1.000000000000000e0
          
   qes:espresso.output.symmetries.symmetry.fractional_translation =  0.000000000000000e0 0.000000000000000e0 0.000000000000000e0
   qes:espresso.output.symmetries.symmetry.rotation =  
          -1.000000000000000e0 -1.000000000000000e0 -1.000000000000000e0
          0.000000000000000e0 0.000000000000000e0 1.000000000000000e0
          0.000000000000000e0 1.000000000000000e0 0.000000000000000e0
          
   qes:espresso.output.symmetries.symmetry.fractional_translation =  0.000000000000000e0 0.000000000000000e0 0.000000000000000e0
   qes:espresso.output.symmetries.symmetry.rotation =  
          0.000000000000000e0 0.000000000000000e0 1.000000000000000e0
          -1.000000000000000e0 -1.000000000000000e0 -1.000000000000000e0
          1.000000000000000e0 0.000000000000000e0 0.000000000000000e0
          
   qes:espresso.output.symmetries.symmetry.fractional_translation =  0.000000000000000e0 0.000000000000000e0 0.000000000000000e0
   qes:espresso.output.symmetries.symmetry.rotation =  
          0.000000000000000e0 -1.000000000000000e0 0.000000000000000e0
          -1.000000000000000e0 0.000000000000000e0 0.000000000000000e0
          0.000000000000000e0 0.000000000000000e0 -1.000000000000000e0
          
   qes:espresso.output.symmetries.symmetry.fractional_translation =  2.500000000000000e-1 2.500000000000000e-1 2.500000000000000e-1
   qes:espresso.output.symmetries.symmetry.rotation =  
          -1.000000000000000e0 0.000000000000000e0 0.000000000000000e0
          0.000000000000000e0 -1.000000000000000e0 0.000000000000000e0
          1.000000000000000e0 1.000000000000000e0 1.000000000000000e0
          
   qes:espresso.output.symmetries.symmetry.fractional_translation =  2.500000000000000e-1 2.500000000000000e-1 2.500000000000000e-1
   qes:espresso.output.symmetries.symmetry.rotation =  
          0.000000000000000e0 0.000000000000000e0 -1.000000000000000e0
          1.000000000000000e0 1.000000000000000e0 1.000000000000000e0
          0.000000000000000e0 -1.000000000000000e0 0.000000000000000e0
          
   qes:espresso.output.symmetries.symmetry.fractional_translation =  2.500000000000000e-1 2.500000000000000e-1 2.500000000000000e-1
   qes:espresso.output.symmetries.symmetry.rotation =  
          1.000000000000000e0 1.000000000000000e0 1.000000000000000e0
          0.000000000000000e0 0.000000000000000e0 -1.000000000000000e0
          -1.000000000000000e0 0.000000000000000e0 0.000000000000000e0
          
   qes:espresso.output.symmetries.symmetry.fractional_translation =  2.500000000000000e-1 2.500000000000000e-1 2.500000000000000e-1
   qes:espresso.output.symmetries.symmetry.rotation =  
          -1.000000000000000e0 0.000000000000000e0 0.000000000000000e0
          0.000000000000000e0 0.000000000000000e0 -1.000000000000000e0
          0.000000000000000e0 -1.000000000000000e0 0.000000000000000e0
          
   qes:espresso.output.symmetries.symmetry.fractional_translation =  2.500000000000000e-1 2.500000000000000e-1 2.500000000000000e-1
   qes:espresso.output.symmetries.symmetry.rotation =  
          1.000000000000000e0 1.000000000000000e0 1.000000000000000e0
          0.000000000000000e0 -1.000000000000000e0 0.000000000000000e0
          0.000000000000000e0 0.000000000000000e0 -1.000000000000000e0
          
   qes:espresso.output.symmetries.symmetry.fractional_translation =  2.500000000000000e-1 2.500000000000000e-1 2.500000000000000e-1
   qes:espresso.output.symmetries.symmetry.rotation =  
          0.000000000000000e0 -1.000000000000000e0 0.000000000000000e0
          1.000000000000000e0 1.000000000000000e0 1.000000000000000e0
          -1.000000000000000e0 0.000000000000000e0 0.000000000000000e0
          
   qes:espresso.output.symmetries.symmetry.fractional_translation =  2.500000000000000e-1 2.500000000000000e-1 2.500000000000000e-1
   qes:espresso.output.symmetries.symmetry.rotation =  
          0.000000000000000e0 0.000000000000000e0 -1.000000000000000e0
          -1.000000000000000e0 0.000000000000000e0 0.000000000000000e0
          1.000000000000000e0 1.000000000000000e0 1.000000000000000e0
          
   qes:espresso.output.symmetries.symmetry.fractional_translation =  2.500000000000000e-1 2.500000000000000e-1 2.500000000000000e-1
   qes:espresso.output.symmetries.symmetry.rotation =  
          -1.000000000000000e0 0.000000000000000e0 0.000000000000000e0
          1.000000000000000e0 1.000000000000000e0 1.000000000000000e0
          0.000000000000000e0 0.000000000000000e0 -1.000000000000000e0
          
   qes:espresso.output.symmetries.symmetry.fractional_translation =  2.500000000000000e-1 2.500000000000000e-1 2.500000000000000e-1
   qes:espresso.output.symmetries.symmetry.rotation =  
          0.000000000000000e0 0.000000000000000e0 -1.000000000000000e0
          0.000000000000000e0 -1.000000000000000e0 0.000000000000000e0
          -1.000000000000000e0 0.000000000000000e0 0.000000000000000e0
          
   qes:espresso.output.symmetries.symmetry.fractional_translation =  2.500000000000000e-1 2.500000000000000e-1 2.500000000000000e-1
   qes:espresso.output.symmetries.symmetry.rotation =  
          0.000000000000000e0 -1.000000000000000e0 0.000000000000000e0
          0.000000000000000e0 0.000000000000000e0 -1.000000000000000e0
          1.000000000000000e0 1.000000000000000e0 1.000000000000000e0
          
   qes:espresso.output.symmetries.symmetry.fractional_translation =  2.500000000000000e-1 2.500000000000000e-1 2.500000000000000e-1
   qes:espresso.output.symmetries.symmetry.rotation =  
          1.000000000000000e0 1.000000000000000e0 1.000000000000000e0
          -1.000000000000000e0 0.000000000000000e0 0.000000000000000e0
          0.000000000000000e0 -1.000000000000000e0 0.000000000000000e0
          
   qes:espresso.output.symmetries.symmetry.fractional_translation =  2.500000000000000e-1 2.500000000000000e-1 2.500000000000000e-1
   qes:espresso.output.symmetries.symmetry.rotation =  
          -1.000000000000000e0 -1.000000000000000e0 -1.000000000000000e0
          0.000000000000000e0 1.000000000000000e0 0.000000000000000e0
          1.000000000000000e0 0.000000000000000e0 0.000000000000000e0
          
   qes:espresso.output.symmetries.symmetry.fractional_translation =  0.000000000000000e0 0.000000000000000e0 0.000000000000000e0
   qes:espresso.output.symmetries.symmetry.rotation =  
          0.000000000000000e0 0.000000000000000e0 1.000000000000000e0
          1.000000000000000e0 0.000000000000000e0 0.000000000000000e0
          0.000000000000000e0 1.000000000000000e0 0.000000000000000e0
          
   qes:espresso.output.symmetries.symmetry.fractional_translation =  0.000000000000000e0 0.000000000000000e0 0.000000000000000e0
   qes:espresso.output.symmetries.symmetry.rotation =  
          1.000000000000000e0 0.000000000000000e0 0.000000000000000e0
          0.000000000000000e0 0.000000000000000e0 1.000000000000000e0
          -1.000000000000000e0 -1.000000000000000e0 -1.000000000000000e0
          
   qes:espresso.output.symmetries.symmetry.fractional_translation =  0.000000000000000e0 0.000000000000000e0 0.000000000000000e0
   qes:espresso.output.symmetries.symmetry.rotation =  
          0.000000000000000e0 1.000000000000000e0 0.000000000000000e0
          -1.000000000000000e0 -1.000000000000000e0 -1.000000000000000e0
          0.000000000000000e0 0.000000000000000e0 1.000000000000000e0
          
   qes:espresso.output.symmetries.symmetry.fractional_translation =  0.000000000000000e0 0.000000000000000e0 0.000000000000000e0
   qes:espresso.output.symmetries.symmetry.rotation =  
          0.000000000000000e0 0.000000000000000e0 1.000000000000000e0
          0.000000000000000e0 1.000000000000000e0 0.000000000000000e0
          -1.000000000000000e0 -1.000000000000000e0 -1.000000000000000e0
          
   qes:espresso.output.symmetries.symmetry.fractional_translation =  0.000000000000000e0 0.000000000000000e0 0.000000000000000e0
   qes:espresso.output.symmetries.symmetry.rotation =  
          -1.000000000000000e0 -1.000000000000000e0 -1.000000000000000e0
          1.000000000000000e0 0.000000000000000e0 0.000000000000000e0
          0.000000000000000e0 0.000000000000000e0 1.000000000000000e0
          
   qes:espresso.output.symmetries.symmetry.fractional_translation =  0.000000000000000e0 0.000000000000000e0 0.000000000000000e0
   qes:espresso.output.symmetries.symmetry.rotation =  
          0.000000000000000e0 1.000000000000000e0 0.000000000000000e0
          0.000000000000000e0 0.000000000000000e0 1.000000000000000e0
          1.000000000000000e0 0.000000000000000e0 0.000000000000000e0
          
   qes:espresso.output.symmetries.symmetry.fractional_translation =  0.000000000000000e0 0.000000000000000e0 0.000000000000000e0
   qes:espresso.output.symmetries.symmetry.rotation =  
          1.000000000000000e0 0.000000000000000e0 0.000000000000000e0
          -1.000000000000000e0 -1.000000000000000e0 -1.000000000000000e0
          0.000000000000000e0 1.000000000000000e0 0.000000000000000e0
          
   qes:espresso.output.symmetries.symmetry.fractional_translation =  0.000000000000000e0 0.000000000000000e0 0.000000000000000e0
   qes:espresso.output.symmetries.symmetry.rotation =  
          -1.000000000000000e0 0.000000000000000e0 0.000000000000000e0
          0.000000000000000e0 -1.000000000000000e0 0.000000000000000e0
          0.000000000000000e0 0.000000000000000e0 -1.000000000000000e0
          
   qes:espresso.output.symmetries.symmetry.fractional_translation =  2.500000000000000e-1 2.500000000000000e-1 2.500000000000000e-1
   qes:espresso.output.symmetries.symmetry.rotation =  
          0.000000000000000e0 -1.000000000000000e0 0.000000000000000e0
          -1.000000000000000e0 0.000000000000000e0 0.000000000000000e0
          1.000000000000000e0 1.000000000000000e0 1.000000000000000e0
          
   qes:espresso.output.symmetries.symmetry.fractional_translation =  2.500000000000000e-1 2.500000000000000e-1 2.500000000000000e-1
   qes:espresso.output.symmetries.symmetry.rotation =  
          1.000000000000000e0 1.000000000000000e0 1.000000000000000e0
          0.000000000000000e0 0.000000000000000e0 -1.000000000000000e0
          0.000000000000000e0 -1.000000000000000e0 0.000000000000000e0
          
   qes:espresso.output.symmetries.symmetry.fractional_translation =  2.500000000000000e-1 2.500000000000000e-1 2.500000000000000e-1
   qes:espresso.output.symmetries.symmetry.rotation =  
          0.000000000000000e0 0.000000000000000e0 -1.000000000000000e0
          1.000000000000000e0 1.000000000000000e0 1.000000000000000e0
          -1.000000000000000e0 0.000000000000000e0 0.000000000000000e0
          
   qes:espresso.output.symmetries.symmetry.fractional_translation =  2.500000000000000e-1 2.500000000000000e-1 2.500000000000000e-1
   qes:espresso.output.symmetries.symmetry.rotation =  
          0.000000000000000e0 1.000000000000000e0 0.000000000000000e0
          1.000000000000000e0 0.000000000000000e0 0.000000000000000e0
          0.000000000000000e0 0.000000000000000e0 1.000000000000000e0
          
   qes:espresso.output.symmetries.symmetry.fractional_translation =  0.000000000000000e0 0.000000000000000e0 0.000000000000000e0
   qes:espresso.output.symmetries.symmetry.rotation =  
          1.000000000000000e0 0.000000000000000e0 0.000000000000000e0
          0.000000000000000e0 1.000000000000000e0 0.000000000000000e0
          -1.000000000000000e0 -1.000000000000000e0 -1.000000000000000e0
          
   qes:espresso.output.symmetries.symmetry.fractional_translation =  0.000000000000000e0 0.000000000000000e0 0.000000000000000e0
   qes:espresso.output.symmetries.symmetry.rotation =  
          0.000000000000000e0 0.000000000000000e0 1.000000000000000e0
          -1.000000000000000e0 -1.000000000000000e0 -1.000000000000000e0
          0.000000000000000e0 1.000000000000000e0 0.000000000000000e0
          
   qes:espresso.output.symmetries.symmetry.fractional_translation =  0.000000000000000e0 0.000000000000000e0 0.000000000000000e0
   qes:espresso.output.symmetries.symmetry.rotation =  
          -1.000000000000000e0 -1.000000000000000e0 -1.000000000000000e0
          0.000000000000000e0 0.000000000000000e0 1.000000000000000e0
          1.000000000000000e0 0.000000000000000e0 0.000000000000000e0
          
   qes:espresso.output.symmetries.symmetry.fractional_translation =  0.000000000000000e0 0.000000000000000e0 0.000000000000000e0
   qes:espresso.output.symmetries.symmetry.rotation =  
          1.000000000000000e0 0.000000000000000e0 0.000000000000000e0
          0.000000000000000e0 0.000000000000000e0 1.000000000000000e0
          0.000000000000000e0 1.000000000000000e0 0.000000000000000e0
          
   qes:espresso.output.symmetries.symmetry.fractional_translation =  0.000000000000000e0 0.000000000000000e0 0.000000000000000e0
   qes:espresso.output.symmetries.symmetry.rotation =  
          -1.000000000000000e0 -1.000000000000000e0 -1.000000000000000e0
          0.000000000000000e0 1.000000000000000e0 0.000000000000000e0
          0.000000000000000e0 0.000000000000000e0 1.000000000000000e0
          
   qes:espresso.output.symmetries.symmetry.fractional_translation =  0.000000000000000e0 0.000000000000000e0 0.000000000000000e0
   qes:espresso.output.symmetries.symmetry.rotation =  
          0.000000000000000e0 1.000000000000000e0 0.000000000000000e0
          -1.000000000000000e0 -1.000000000000000e0 -1.000000000000000e0
          1.000000000000000e0 0.000000000000000e0 0.000000000000000e0
          
   qes:espresso.output.symmetries.symmetry.fractional_translation =  0.000000000000000e0 0.000000000000000e0 0.000000000000000e0
   qes:espresso.output.symmetries.symmetry.rotation =  
          0.000000000000000e0 0.000000000000000e0 1.000000000000000e0
          1.000000000000000e0 0.000000000000000e0 0.000000000000000e0
          -1.000000000000000e0 -1.000000000000000e0 -1.000000000000000e0
          
   qes:espresso.output.symmetries.symmetry.fractional_translation =  0.000000000000000e0 0.000000000000000e0 0.000000000000000e0
   qes:espresso.output.symmetries.symmetry.rotation =  
          1.000000000000000e0 0.000000000000000e0 0.000000000000000e0
          -1.000000000000000e0 -1.000000000000000e0 -1.000000000000000e0
          0.000000000000000e0 0.000000000000000e0 1.000000000000000e0
          
   qes:espresso.output.symmetries.symmetry.fractional_translation =  0.000000000000000e0 0.000000000000000e0 0.000000000000000e0
   qes:espresso.output.symmetries.symmetry.rotation =  
          0.000000000000000e0 0.000000000000000e0 1.000000000000000e0
          0.000000000000000e0 1.000000000000000e0 0.000000000000000e0
          1.000000000000000e0 0.000000000000000e0 0.000000000000000e0
          
   qes:espresso.output.symmetries.symmetry.fractional_translation =  0.000000000000000e0 0.000000000000000e0 0.000000000000000e0
   qes:espresso.output.symmetries.symmetry.rotation =  
          0.000000000000000e0 1.000000000000000e0 0.000000000000000e0
          0.000000000000000e0 0.000000000000000e0 1.000000000000000e0
          -1.000000000000000e0 -1.000000000000000e0 -1.000000000000000e0
          
   qes:espresso.output.symmetries.symmetry.fractional_translation =  0.000000000000000e0 0.000000000000000e0 0.000000000000000e0
   qes:espresso.output.symmetries.symmetry.rotation =  
          -1.000000000000000e0 -1.000000000000000e0 -1.000000000000000e0
          1.000000000000000e0 0.000000000000000e0 0.000000000000000e0
          0.000000000000000e0 1.000000000000000e0 0.000000000000000e0
          
   qes:espresso.output.symmetries.symmetry.fractional_translation =  0.000000000000000e0 0.000000000000000e0 0.000000000000000e0
   qes:espresso.output.symmetries.symmetry.rotation =  
          1.000000000000000e0 1.000000000000000e0 1.000000000000000e0
          0.000000000000000e0 -1.000000000000000e0 0.000000000000000e0
          -1.000000000000000e0 0.000000000000000e0 0.000000000000000e0
          
   qes:espresso.output.symmetries.symmetry.fractional_translation =  2.500000000000000e-1 2.500000000000000e-1 2.500000000000000e-1
   qes:espresso.output.symmetries.symmetry.rotation =  
          0.000000000000000e0 0.000000000000000e0 -1.000000000000000e0
          -1.000000000000000e0 0.000000000000000e0 0.000000000000000e0
          0.000000000000000e0 -1.000000000000000e0 0.000000000000000e0
          
   qes:espresso.output.symmetries.symmetry.fractional_translation =  2.500000000000000e-1 2.500000000000000e-1 2.500000000000000e-1
   qes:espresso.output.symmetries.symmetry.rotation =  
          -1.000000000000000e0 0.000000000000000e0 0.000000000000000e0
          0.000000000000000e0 0.000000000000000e0 -1.000000000000000e0
          1.000000000000000e0 1.000000000000000e0 1.000000000000000e0
          
   qes:espresso.output.symmetries.symmetry.fractional_translation =  2.500000000000000e-1 2.500000000000000e-1 2.500000000000000e-1
   qes:espresso.output.symmetries.symmetry.rotation =  
          0.000000000000000e0 -1.000000000000000e0 0.000000000000000e0
          1.000000000000000e0 1.000000000000000e0 1.000000000000000e0
          0.000000000000000e0 0.000000000000000e0 -1.000000000000000e0
          
   qes:espresso.output.symmetries.symmetry.fractional_translation =  2.500000000000000e-1 2.500000000000000e-1 2.500000000000000e-1
   qes:espresso.output.symmetries.symmetry.rotation =  
          0.000000000000000e0 0.000000000000000e0 -1.000000000000000e0
          0.000000000000000e0 -1.000000000000000e0 0.000000000000000e0
          1.000000000000000e0 1.000000000000000e0 1.000000000000000e0
          
   qes:espresso.output.symmetries.symmetry.fractional_translation =  2.500000000000000e-1 2.500000000000000e-1 2.500000000000000e-1
   qes:espresso.output.symmetries.symmetry.rotation =  
          1.000000000000000e0 1.000000000000000e0 1.000000000000000e0
          -1.000000000000000e0 0.000000000000000e0 0.000000000000000e0
          0.000000000000000e0 0.000000000000000e0 -1.000000000000000e0
          
   qes:espresso.output.symmetries.symmetry.fractional_translation =  2.500000000000000e-1 2.500000000000000e-1 2.500000000000000e-1
   qes:espresso.output.symmetries.symmetry.rotation =  
          0.000000000000000e0 -1.000000000000000e0 0.000000000000000e0
          0.000000000000000e0 0.000000000000000e0 -1.000000000000000e0
          -1.000000000000000e0 0.000000000000000e0 0.000000000000000e0
          
   qes:espresso.output.symmetries.symmetry.fractional_translation =  2.500000000000000e-1 2.500000000000000e-1 2.500000000000000e-1
   qes:espresso.output.symmetries.symmetry.rotation =  
          -1.000000000000000e0 0.000000000000000e0 0.000000000000000e0
          1.000000000000000e0 1.000000000000000e0 1.000000000000000e0
          0.000000000000000e0 -1.000000000000000e0 0.000000000000000e0
          
   qes:espresso.output.symmetries.symmetry.fractional_translation =  2.500000000000000e-1 2.500000000000000e-1 2.500000000000000e-1
  qes:espresso.input.symmetry_flags.no_t_rev =  false
  qes:espresso.input.symmetry_flags.noinv =  false
  qes:espresso.output.band_structure.nbnd =  10
  qes:espresso.output.band_structure.nks =  2
  Irreducible k-point: 0
   qes:espresso.output.band_structure.ks_energies.k_point =  0.000000000000000e0 0.000000000000000e0 0.000000000000000e0
   qes:espresso.output.band_structure.ks_energies.k_point.<xmlattr>.weight =  1.000000000000e0
   qes:espresso.output.band_structure.ks_energies.npw =  259
   qes::espresso.output.band_structure_ks_energies.eigenvalues.<xmlattr>.size =  10
   qes:espresso.output.band_structure.ks_energies.eigenvalues =  
          -2.002421991133374e-1 2.476178341445435e-1 2.476178341445560e-1 2.476178341448406e-1 3.393487048692785e-1
          3.393487048692969e-1 3.393487048695255e-1 3.664710729049456e-1 5.361472260896782e-1 5.639070583742241e-1
          
  Irreducible k-point: 1
   qes:espresso.output.band_structure.ks_energies.k_point =  -1.000000000000000e-1 1.000000000000000e-1 -1.000000000000000e-1
   qes:espresso.output.band_structure.ks_energies.k_point.<xmlattr>.weight =  1.000000000000e0
   qes:espresso.output.band_structure.ks_energies.npw =  271
   qes::espresso.output.band_structure_ks_energies.eigenvalues.<xmlattr>.size =  10
   qes:espresso.output.band_structure.ks_energies.eigenvalues =  
          -1.961602752696733e-1 2.029324642271127e-1 2.391604109583296e-1 2.391604109583304e-1 3.405039907182324e-1
          3.509849669628636e-1 3.509849669628693e-1 4.019192011932725e-1 5.452300599619937e-1 5.452300600537567e-1
          
  qes:espresso.output.band_structure.nelec =  8.000000000000000e0
  qes:espresso.output.basis_set.fft_grid.<xmlattr>.nr1 =  20
  qes:espresso.output.basis_set.fft_grid.<xmlattr>.nr2 =  20
  qes:espresso.output.basis_set.fft_grid.<xmlattr>.nr3 =  20
  qes:espresso.output.total_energy.ewald =  0.000000000000000e0
  qes:espresso.output.basis_set.gamma_only =  false
  qes:espresso.output.algorithmic_info.uspp =  false
  qes:espresso.output.algorithmic_info.paw =  false

 Read QE wave functions from ./example29/wfc1.dat
 Read QE wave functions from ./example29/wfc2.dat

 Bcast QE input variables

 Read_upf
  Species = 0
   UPF ver.2
   UPF.PP_HEADER.<xmlattr>.pseudo_type =  NC
   UPF.PP_HEADER.<xmlattr>.is_ultrasoft =  false
   UPF.PP_HEADER.<xmlattr>.is_paw =  false
   UPF.PP_HEADER.<xmlattr>.is_coulomb =  false
   UPF.PP_HEADER.<xmlattr>.core_correction =  false
   UPF.PP_HEADER.<xmlattr>.z_valence =  4.00000000000000
   Z_valence = 4
   UPF.PP_HEADER.<xmlattr>.element =  Si
   element_name = Si
   atomic number = 14
   UPF.PP_HEADER.<xmlattr>.mesh_size =  1141
   mesh_size = 1141
   UPF.PP_HEADER.<xmlattr>.number_of_proj =  2
   num. of projectors = 2
    angular momentum = 0
    angular momentum = 1
 set_upf
 set_atomic_number
 Bcast upf variables

 Read Jastrow parameters from parameters.casl
  RPA-type Jastrow parameters in atomic unit
   A_up_up = 0
   F_up_up = 1.810445926
   A_up_dn = A_dn_up = 0
   F_up_dn = F_dn_up = 1.280178591
   A_dn_dn = 0
   F_dn_dn = 1.810445926

  Polynomial Jastrow parameters in atomic unit
   e-e basis: natural power with deg_poly = 16
   up-up channel:
    L_poly = 9
     for a polynomial cutoff function with C = 3: (1-r/L)^3 * step_function(L-r)
    c_poly (r^0 term = c_1) = -0.6782768694
    c_poly (r^1 term = c_2) = 0.02390771021
    c_poly (r^2 term = c_3) = 0.02450561377
    c_poly (r^3 term = c_4) = -0.02070476654
    c_poly (r^4 term = c_5) = 0.004674401199
    c_poly (r^5 term = c_6) = -9.483346843e-05
    c_poly (r^6 term = c_7) = -0.0001191642718
    c_poly (r^7 term = c_8) = 2.463546336e-09
    c_poly (r^8 term = c_9) = 2.373885103e-06
    c_poly (r^9 term = c_10) = 2.505376318e-07
    c_poly (r^10 term = c_11) = -1.871657253e-08
    c_poly (r^11 term = c_12) = -7.649840918e-09
    c_poly (r^12 term = c_13) = -6.227193924e-10
    c_poly (r^13 term = c_14) = 9.179563955e-11
    c_poly (r^14 term = c_15) = 2.504971568e-11
    c_poly (r^15 term = c_16) = -2.349416179e-12
     Note: these coefficients are defined for J = exp[+u], u = sum c_poly * r^l * cutoff function (see above)
   up-down channel:
    L_poly = 9
     for a polynomial cutoff function with C = 3: (1-r/L)^3 * step_function(L-r)
    c_poly (r^0 term = c_1) = -0.9907536034
    c_poly (r^1 term = c_2) = 0.1697487989
    c_poly (r^2 term = c_3) = -0.04386688355
    c_poly (r^3 term = c_4) = 0.01201402371
    c_poly (r^4 term = c_5) = -0.004174387433
    c_poly (r^5 term = c_6) = 0.0003426314824
    c_poly (r^6 term = c_7) = 5.842588529e-05
    c_poly (r^7 term = c_8) = -3.842295705e-06
    c_poly (r^8 term = c_9) = -1.08507578e-06
    c_poly (r^9 term = c_10) = -3.540636919e-08
    c_poly (r^10 term = c_11) = 1.096441036e-08
    c_poly (r^11 term = c_12) = 1.589353168e-09
    c_poly (r^12 term = c_13) = 4.165025727e-11
    c_poly (r^13 term = c_14) = -1.397668243e-11
    c_poly (r^14 term = c_15) = -1.239162397e-12
    c_poly (r^15 term = c_16) = -3.263109449e-15
     Note: these coefficients are defined for J = exp[+u], u = sum c_poly * r^l * cutoff function (see above)
   down-up channel:
    L_poly = 9
     for a polynomial cutoff function with C = 3: (1-r/L)^3 * step_function(L-r)
    c_poly (r^0 term = c_1) = -0.9907536034
    c_poly (r^1 term = c_2) = 0.1697487989
    c_poly (r^2 term = c_3) = -0.04386688355
    c_poly (r^3 term = c_4) = 0.01201402371
    c_poly (r^4 term = c_5) = -0.004174387433
    c_poly (r^5 term = c_6) = 0.0003426314824
    c_poly (r^6 term = c_7) = 5.842588529e-05
    c_poly (r^7 term = c_8) = -3.842295705e-06
    c_poly (r^8 term = c_9) = -1.08507578e-06
    c_poly (r^9 term = c_10) = -3.540636919e-08
    c_poly (r^10 term = c_11) = 1.096441036e-08
    c_poly (r^11 term = c_12) = 1.589353168e-09
    c_poly (r^12 term = c_13) = 4.165025727e-11
    c_poly (r^13 term = c_14) = -1.397668243e-11
    c_poly (r^14 term = c_15) = -1.239162397e-12
    c_poly (r^15 term = c_16) = -3.263109449e-15
     Note: these coefficients are defined for J = exp[+u], u = sum c_poly * r^l * cutoff function (see above)
   down-down channel:
    L_poly = 9
     for a polynomial cutoff function with C = 3: (1-r/L)^3 * step_function(L-r)
    c_poly (r^0 term = c_1) = -0.6782768694
    c_poly (r^1 term = c_2) = 0.02390771021
    c_poly (r^2 term = c_3) = 0.02450561377
    c_poly (r^3 term = c_4) = -0.02070476654
    c_poly (r^4 term = c_5) = 0.004674401199
    c_poly (r^5 term = c_6) = -9.483346843e-05
    c_poly (r^6 term = c_7) = -0.0001191642718
    c_poly (r^7 term = c_8) = 2.463546336e-09
    c_poly (r^8 term = c_9) = 2.373885103e-06
    c_poly (r^9 term = c_10) = 2.505376318e-07
    c_poly (r^10 term = c_11) = -1.871657253e-08
    c_poly (r^11 term = c_12) = -7.649840918e-09
    c_poly (r^12 term = c_13) = -6.227193924e-10
    c_poly (r^13 term = c_14) = 9.179563955e-11
    c_poly (r^14 term = c_15) = 2.504971568e-11
    c_poly (r^15 term = c_16) = -2.349416179e-12
     Note: these coefficients are defined for J = exp[+u], u = sum c_poly * r^l * cutoff function (see above)

 Dump jastrow.plt for plotting a Jastrow function using gnuplot (jastrow.plt)

 Time for initialization = 0 days 0 h 0 m 0 s
 Read SCF informations (tc_scfinfo.dat)
 Time for reading tc_scfinfo.dat = 0 days 0 h 0 m 0 s
 Read SCF wave functions (tc_wfc_scf.dat)
 Read SCF orbital energies (tc_energy_scf.dat)
 Time for reading SCF eigenvalues and eigenvectors calculated by TC++ = 0 days 0 h 0 m 0 s
 Time for setting potentials = 0 days 0 h 0 m 0 s

 Start BAND calculation!
  bloch_states.set_filling()
   Fermi energy: 2.029847394 eV

   Spin 0
   k-vector 0 0 0
   (band index, energy (eV), filling)
   0 -12.5130585 2
   1 2.029846784 2
   2 2.029847022 2
   3 2.029847394 2
   4 11.9476184 0
   5 11.94761869 0
   6 11.94761973 0
   7 13.10434964 0
   8 17.05589786 0
   9 18.5778305 0

   k-vector    0    0 -0.5
   (band index, energy (eV), filling)
   0 -9.632859535 2
   1 -6.109251936 2
   2 0.6055422752 2
   3 0.6055452282 2
   4 10.85844691 0
   5 12.92860588 0
   6 12.93400339 0
   7 17.05518252 0
   8 21.28585986 0
   9 21.90774923 0

   k-vector    0 -0.5 -0.5
   (band index, energy (eV), filling)
   0 -7.285306959 2
   1 -7.282401573 2
   2 -1.317885759 2
   3 -1.315523798 2
   4 9.792450891 0
   5 9.798297264 0
   6 20.65957788 0
   7 20.65958312 0
   8 22.35948339 0
   9 23.31335949 0

  bloch_states.set_density()
   num. of electrons (spin up) = (4,0) , num. of electrons (spin down) = (4,0)
   total magnetization = (0,0)
   num. of electrons inside a sphere with a radius r around each atom
    Atom 0: 
    r (Bohr),  up,  down,  up - down,  up + down
    0.1  2.06741287e-05  2.06741287e-05  0  4.134825741e-05
    0.2  2.06741287e-05  2.06741287e-05  0  4.134825741e-05
    0.3  2.06741287e-05  2.06741287e-05  0  4.134825741e-05
    0.4  0.001416170002  0.001416170002  0  0.002832340003
    0.5  0.001416170002  0.001416170002  0  0.002832340003
    0.6  0.002700439247  0.002700439247  0  0.005400878494
    0.7  0.0103606245  0.0103606245  0  0.020721249
    0.8  0.01538661798  0.01538661798  0  0.03077323596
    0.9  0.03234494235  0.03234494235  0  0.06468988469
    1  0.06516868846  0.06516868846  0  0.1303373769
    1.1  0.09849438389  0.09849438389  0  0.1969887678
    1.2  0.1191537854  0.1191537854  0  0.2383075708
    1.3  0.1650955751  0.1650955751  0  0.3301911503
    1.4  0.2358104926  0.2358104926  0  0.4716209852
    1.5  0.3490627689  0.3490627689  0  0.6981255379
    1.6  0.4574366878  0.4574366878  0  0.9148733757
    1.7  0.532820483  0.532820483  0  1.065640966
    1.8  0.614730402  0.614730402  0  1.229460804
    1.9  0.8165383219  0.8165383219  0  1.633076644
    2  0.8851210491  0.8851210491  0  1.770242098
    2.1  1.05857727  1.05857727  0  2.117154539
    2.2  1.172526228  1.172526228  0  2.345052456
    2.3  1.341872492  1.341872492  0  2.683744983
    2.4  1.489744834  1.489744834  0  2.979489668
    2.5  1.661923853  1.661923853  0  3.323847706
    2.6  1.7900854  1.7900854  0  3.5801708
    2.7  1.976197495  1.976197495  0  3.952394989
    2.8  2.121711393  2.121711393  0  4.243422786
    2.9  2.276708206  2.276708206  0  4.553416413
    3  2.439510086  2.439510086  0  4.879020172
    3.1  2.64779412  2.64779412  0  5.295588241
    3.2  2.776814237  2.776814237  0  5.553628475
    3.3  2.910469722  2.910469722  0  5.820939445
    3.4  3.118739282  3.118739282  0  6.237478565
    3.5  3.315168581  3.315168581  0  6.630337162
    3.6  3.447613459  3.447613459  0  6.895226917
    3.7  3.651059617  3.651059617  0  7.302119234
    3.8  3.814178707  3.814178707  0  7.628357415
    3.9  3.986944796  3.986944796  0  7.973889591
    4  4.149576408  4.149576408  0  8.299152817
    Atom 1: 
    r (Bohr),  up,  down,  up - down,  up + down
    0.1  2.064867593e-05  2.064867593e-05  0  4.129735186e-05
    0.2  2.064867593e-05  2.064867593e-05  0  4.129735186e-05
    0.3  2.064867593e-05  2.064867593e-05  0  4.129735186e-05
    0.4  0.001415981832  0.001415981832  0  0.002831963663
    0.5  0.001415981832  0.001415981832  0  0.002831963663
    0.6  0.00270026506  0.00270026506  0  0.005400530121
    0.7  0.01036093662  0.01036093662  0  0.02072187325
    0.8  0.01538738879  0.01538738879  0  0.03077477759
    0.9  0.03234761091  0.03234761091  0  0.06469522182
    1  0.06517541337  0.06517541337  0  0.1303508267
    1.1  0.09850542279  0.09850542279  0  0.1970108456
    1.2  0.1191674685  0.1191674685  0  0.238334937
    1.3  0.1651148877  0.1651148877  0  0.3302297753
    1.4  0.2358382556  0.2358382556  0  0.4716765111
    1.5  0.3491024106  0.3491024106  0  0.6982048211
    1.6  0.4574862798  0.4574862798  0  0.9149725596
    1.7  0.5328760789  0.5328760789  0  1.065752158
    1.8  0.6147916744  0.6147916744  0  1.229583349
    1.9  0.8166099589  0.8166099589  0  1.633219918
    2  0.885195397  0.885195397  0  1.770390794
    2.1  1.058655592  1.058655592  0  2.117311183
    2.2  1.172605638  1.172605638  0  2.345211276
    2.3  1.341952248  1.341952248  0  2.683904496
    2.4  1.489823128  1.489823128  0  2.979646255
    2.5  1.661998459  1.661998459  0  3.323996919
    2.6  1.790157484  1.790157484  0  3.580314968
    2.7  1.976264131  1.976264131  0  3.952528261
    2.8  2.121772941  2.121772941  0  4.243545881
    2.9  2.276765628  2.276765628  0  4.553531256
    3  2.439562379  2.439562379  0  4.879124757
    3.1  2.647837267  2.647837267  0  5.295674534
    3.2  2.776854537  2.776854537  0  5.553709074
    3.3  2.910506496  2.910506496  0  5.821012991
    3.4  3.118765669  3.118765669  0  6.237531339
    3.5  3.315191455  3.315191455  0  6.63038291
    3.6  3.447632049  3.447632049  0  6.895264097
    3.7  3.651069394  3.651069394  0  7.302138787
    3.8  3.814182569  3.814182569  0  7.628365139
    3.9  3.986945823  3.986945823  0  7.973891646
    4  4.149572156  4.149572156  0  8.299144311

 Time for preparation for BAND calc. (set filling and density) = 0 days 0 h 0 m 0 s
   Print band energies
   Spin 0
   k-vector 0 0 0
   (band index, energy (eV))
   0 -5.448867583
   1 6.73802423
   2 6.73802423
   3 6.73802423
   4 9.234148274
   5 9.234148274
   6 9.234148274
   7 9.972185475
   8 14.58930861
   9 15.3446921

   k-vector   0   0 0.1
   (band index, energy (eV))
   0 -5.337792782
   1 5.522073423
   2 6.507886031
   3 6.507886031
   4 9.265585202
   5 9.550787083
   6 9.550787083
   7 10.93677814
   8 14.8364651
   9 14.8364651

 Iteration 1
  calc_hamiltonian
  cf. dimension of subspace (up, ik=0) = 10
 Time for calculating the one-body terms = 0 days 0 h 0 m 0 s
 Time for calculating the tc-2body Hartree term = 0 days 0 h 0 m 1 s
 Time for calculating the tc-2body exchange term = 0 days 0 h 0 m 13 s
 Time for calculating the tc-3body term (3a1) = 0 days 0 h 0 m 0 s
 Time for calculating the tc-3body term (3b1) = 0 days 0 h 0 m 1 s
 Time for calculating the tc-3body term (3a2a4b2b5) = 0 days 0 h 0 m 19 s
 Time for calculating the tc-3body term (3a3b3b4b6) = 0 days 0 h 0 m 16 s
 Time for Reduce() Hamiltonian*phi = 0 days 0 h 0 m 0 s
 Time for preparation for the next loop (preconditioning & Gram-Schmidt) = 0 days 0 h 0 m 0 s
 Time for preparation for the next loop (Bcast) = 0 days 0 h 0 m 0 s
  calc_hamiltonian
  cf. dimension of subspace (up, ik=0) = 10
 Time for calculating the one-body terms = 0 days 0 h 0 m 0 s
 Time for calculating the tc-2body Hartree term = 0 days 0 h 0 m 1 s
 Time for calculating the tc-2body exchange term = 0 days 0 h 0 m 13 s
 Time for calculating the tc-3body term (3a1) = 0 days 0 h 0 m 0 s
 Time for calculating the tc-3body term (3b1) = 0 days 0 h 0 m 1 s
 Time for calculating the tc-3body term (3a2a4b2b5) = 0 days 0 h 0 m 19 s
 Time for calculating the tc-3body term (3a3b3b4b6) = 0 days 0 h 0 m 16 s
 Time for Reduce() Hamiltonian*phi = 0 days 0 h 0 m 0 s
  diagonalize subspace Hamiltonian
 Time for diagonalizing subspace Hamiltonian = 0 days 0 h 0 m 0 s
 Time for diagonalizing subspace Hamiltonian (Bcast) = 0 days 0 h 0 m 0 s
 Time for diagonalization = 0 days 0 h 0 m 0 s
 Dump BAND wave functions (tc_wfc_band.dat)
 Dump BAND orbital energies (tc_energy_band.dat)
 Time for dumping wave functions etc. = 0 days 0 h 0 m 0 s
 Dump BAND eigenvalues (tc_bandplot.dat)
 Time for dumping tc_bandplot.dat = 0 days 0 h 0 m 0 s

   Print band energies
   Spin 0
   k-vector 0 0 0
   (band index, energy (eV))
   0 -12.44832558
   1 2.093772776
   2 2.093774008
   3 2.097624538
   4 12.01086498
   5 12.01295988
   6 12.01295999
   7 13.18325539
   8 17.01594117
   9 18.62979387

   k-vector   0   0 0.1
   (band index, energy (eV))
   0 -12.26062421
   1 0.2105817046
   2 1.554466265
   3 1.554503612
   4 12.29217158
   5 12.76795156
   6 12.76798695
   7 14.50778061
   8 17.94016417
   9 17.94017516

 CAUTION!! convergence is not achieved...
 Total time = 0 days 0 h 1 m 48 s
