TC++ ver.1.3
Num. of MPI Processes = 1

 Read TC input (input.in)
  WARNING: reads_binary = false was set. You should know what you are doing.
  calc_method = BITC
  calc_mode = BAND
  qe_save_dir = ./example9
  pseudo_dir = ./example9
  smearing_mode = fixed
  smearing_width = 0.01
  restarts = true
  includes_div_correction = true
  energy_tolerance = 1e-05
  charge_tolerance = 0.0001
  max_num_iterations = 2
  mixes_density_matrix = false
  mixing_beta = 0.7
  num_refresh_david = 1
  max_num_blocks_david = 2
  is_heg = false
  reads_binary = 0

 Bcast TC input (input.in)

 Read QE information from ./example9/data-file-schema.xml
  qes:espresso.input.control_variables.calculation =  bands
  qes:espresso.output.atomic_structure.cell.a1 =  -5.130000000000000e0 0.000000000000000e0 5.130000000000000e0
  qes:espresso.output.atomic_structure.cell.a2 =  0.000000000000000e0 5.130000000000000e0 5.130000000000000e0
  qes:espresso.output.atomic_structure.cell.a3 =  -5.130000000000000e0 5.130000000000000e0 0.000000000000000e0
  qes:espresso.output.basis_set.reciprocal_lattice.b1 =  -1.000000000000000e0 -1.000000000000000e0 1.000000000000000e0
  qes:espresso.output.basis_set.reciprocal_lattice.b2 =  1.000000000000000e0 1.000000000000000e0 1.000000000000000e0
  qes:espresso.output.basis_set.reciprocal_lattice.b3 =  -1.000000000000000e0 1.000000000000000e0 -1.000000000000000e0
  qes:espresso.output.atomic_structure.<xmlattr>.alat =  1.026000000000e1
  qes:espresso.output.atomic_species.<xmlattr>.ntyp =  1
  Species: 0
   qes:espresso.output.atomic_species.species.<xmlattr>.name =  Si
   qes:espresso.output.atomic_species.species.pseudo_file =  Si_test.upf
  qes:espresso.output.atomic_structure.<xmlattr>.nat =  2
  Atom: 0
   qes:espresso.output.atomic_structure.atomic_positions.atom.<xmlattr>.name =  Si
   qes.espresso.output.atomic_structure.atomic_positions.atom = 0 0 0
  Atom: 1
   qes:espresso.output.atomic_structure.atomic_positions.atom.<xmlattr>.name =  Si
   qes.espresso.output.atomic_structure.atomic_positions.atom = 2.565 2.565 2.565
  qes:espresso.output.magnetization.noncolin =  false
  qes:espresso.output.magnetization.lsda =  false
  qes:espresso.output.symmetries.nsym =  48
   qes:espresso.output.symmetries.symmetry.rotation =  
          1.000000000000000e0 0.000000000000000e0 0.000000000000000e0
          0.000000000000000e0 1.000000000000000e0 0.000000000000000e0
          0.000000000000000e0 0.000000000000000e0 1.000000000000000e0
          
   qes:espresso.output.symmetries.symmetry.fractional_translation =  0.000000000000000e0 0.000000000000000e0 0.000000000000000e0
   qes:espresso.output.symmetries.symmetry.rotation =  
          0.000000000000000e0 1.000000000000000e0 0.000000000000000e0
          1.000000000000000e0 0.000000000000000e0 0.000000000000000e0
          -1.000000000000000e0 -1.000000000000000e0 -1.000000000000000e0
          
   qes:espresso.output.symmetries.symmetry.fractional_translation =  0.000000000000000e0 0.000000000000000e0 0.000000000000000e0
   qes:espresso.output.symmetries.symmetry.rotation =  
          -1.000000000000000e0 -1.000000000000000e0 -1.000000000000000e0
          0.000000000000000e0 0.000000000000000e0 1.000000000000000e0
          0.000000000000000e0 1.000000000000000e0 0.000000000000000e0
          
   qes:espresso.output.symmetries.symmetry.fractional_translation =  0.000000000000000e0 0.000000000000000e0 0.000000000000000e0
   qes:espresso.output.symmetries.symmetry.rotation =  
          0.000000000000000e0 0.000000000000000e0 1.000000000000000e0
          -1.000000000000000e0 -1.000000000000000e0 -1.000000000000000e0
          1.000000000000000e0 0.000000000000000e0 0.000000000000000e0
          
   qes:espresso.output.symmetries.symmetry.fractional_translation =  0.000000000000000e0 0.000000000000000e0 0.000000000000000e0
   qes:espresso.output.symmetries.symmetry.rotation =  
          0.000000000000000e0 -1.000000000000000e0 0.000000000000000e0
          -1.000000000000000e0 0.000000000000000e0 0.000000000000000e0
          0.000000000000000e0 0.000000000000000e0 -1.000000000000000e0
          
   qes:espresso.output.symmetries.symmetry.fractional_translation =  2.500000000000000e-1 2.500000000000000e-1 2.500000000000000e-1
   qes:espresso.output.symmetries.symmetry.rotation =  
          -1.000000000000000e0 0.000000000000000e0 0.000000000000000e0
          0.000000000000000e0 -1.000000000000000e0 0.000000000000000e0
          1.000000000000000e0 1.000000000000000e0 1.000000000000000e0
          
   qes:espresso.output.symmetries.symmetry.fractional_translation =  2.500000000000000e-1 2.500000000000000e-1 2.500000000000000e-1
   qes:espresso.output.symmetries.symmetry.rotation =  
          0.000000000000000e0 0.000000000000000e0 -1.000000000000000e0
          1.000000000000000e0 1.000000000000000e0 1.000000000000000e0
          0.000000000000000e0 -1.000000000000000e0 0.000000000000000e0
          
   qes:espresso.output.symmetries.symmetry.fractional_translation =  2.500000000000000e-1 2.500000000000000e-1 2.500000000000000e-1
   qes:espresso.output.symmetries.symmetry.rotation =  
          1.000000000000000e0 1.000000000000000e0 1.000000000000000e0
          0.000000000000000e0 0.000000000000000e0 -1.000000000000000e0
          -1.000000000000000e0 0.000000000000000e0 0.000000000000000e0
          
   qes:espresso.output.symmetries.symmetry.fractional_translation =  2.500000000000000e-1 2.500000000000000e-1 2.500000000000000e-1
   qes:espresso.output.symmetries.symmetry.rotation =  
          -1.000000000000000e0 0.000000000000000e0 0.000000000000000e0
          0.000000000000000e0 0.000000000000000e0 -1.000000000000000e0
          0.000000000000000e0 -1.000000000000000e0 0.000000000000000e0
          
   qes:espresso.output.symmetries.symmetry.fractional_translation =  2.500000000000000e-1 2.500000000000000e-1 2.500000000000000e-1
   qes:espresso.output.symmetries.symmetry.rotation =  
          1.000000000000000e0 1.000000000000000e0 1.000000000000000e0
          0.000000000000000e0 -1.000000000000000e0 0.000000000000000e0
          0.000000000000000e0 0.000000000000000e0 -1.000000000000000e0
          
   qes:espresso.output.symmetries.symmetry.fractional_translation =  2.500000000000000e-1 2.500000000000000e-1 2.500000000000000e-1
   qes:espresso.output.symmetries.symmetry.rotation =  
          0.000000000000000e0 -1.000000000000000e0 0.000000000000000e0
          1.000000000000000e0 1.000000000000000e0 1.000000000000000e0
          -1.000000000000000e0 0.000000000000000e0 0.000000000000000e0
          
   qes:espresso.output.symmetries.symmetry.fractional_translation =  2.500000000000000e-1 2.500000000000000e-1 2.500000000000000e-1
   qes:espresso.output.symmetries.symmetry.rotation =  
          0.000000000000000e0 0.000000000000000e0 -1.000000000000000e0
          -1.000000000000000e0 0.000000000000000e0 0.000000000000000e0
          1.000000000000000e0 1.000000000000000e0 1.000000000000000e0
          
   qes:espresso.output.symmetries.symmetry.fractional_translation =  2.500000000000000e-1 2.500000000000000e-1 2.500000000000000e-1
   qes:espresso.output.symmetries.symmetry.rotation =  
          -1.000000000000000e0 0.000000000000000e0 0.000000000000000e0
          1.000000000000000e0 1.000000000000000e0 1.000000000000000e0
          0.000000000000000e0 0.000000000000000e0 -1.000000000000000e0
          
   qes:espresso.output.symmetries.symmetry.fractional_translation =  2.500000000000000e-1 2.500000000000000e-1 2.500000000000000e-1
   qes:espresso.output.symmetries.symmetry.rotation =  
          0.000000000000000e0 0.000000000000000e0 -1.000000000000000e0
          0.000000000000000e0 -1.000000000000000e0 0.000000000000000e0
          -1.000000000000000e0 0.000000000000000e0 0.000000000000000e0
          
   qes:espresso.output.symmetries.symmetry.fractional_translation =  2.500000000000000e-1 2.500000000000000e-1 2.500000000000000e-1
   qes:espresso.output.symmetries.symmetry.rotation =  
          0.000000000000000e0 -1.000000000000000e0 0.000000000000000e0
          0.000000000000000e0 0.000000000000000e0 -1.000000000000000e0
          1.000000000000000e0 1.000000000000000e0 1.000000000000000e0
          
   qes:espresso.output.symmetries.symmetry.fractional_translation =  2.500000000000000e-1 2.500000000000000e-1 2.500000000000000e-1
   qes:espresso.output.symmetries.symmetry.rotation =  
          1.000000000000000e0 1.000000000000000e0 1.000000000000000e0
          -1.000000000000000e0 0.000000000000000e0 0.000000000000000e0
          0.000000000000000e0 -1.000000000000000e0 0.000000000000000e0
          
   qes:espresso.output.symmetries.symmetry.fractional_translation =  2.500000000000000e-1 2.500000000000000e-1 2.500000000000000e-1
   qes:espresso.output.symmetries.symmetry.rotation =  
          -1.000000000000000e0 -1.000000000000000e0 -1.000000000000000e0
          0.000000000000000e0 1.000000000000000e0 0.000000000000000e0
          1.000000000000000e0 0.000000000000000e0 0.000000000000000e0
          
   qes:espresso.output.symmetries.symmetry.fractional_translation =  0.000000000000000e0 0.000000000000000e0 0.000000000000000e0
   qes:espresso.output.symmetries.symmetry.rotation =  
          0.000000000000000e0 0.000000000000000e0 1.000000000000000e0
          1.000000000000000e0 0.000000000000000e0 0.000000000000000e0
          0.000000000000000e0 1.000000000000000e0 0.000000000000000e0
          
   qes:espresso.output.symmetries.symmetry.fractional_translation =  0.000000000000000e0 0.000000000000000e0 0.000000000000000e0
   qes:espresso.output.symmetries.symmetry.rotation =  
          1.000000000000000e0 0.000000000000000e0 0.000000000000000e0
          0.000000000000000e0 0.000000000000000e0 1.000000000000000e0
          -1.000000000000000e0 -1.000000000000000e0 -1.000000000000000e0
          
   qes:espresso.output.symmetries.symmetry.fractional_translation =  0.000000000000000e0 0.000000000000000e0 0.000000000000000e0
   qes:espresso.output.symmetries.symmetry.rotation =  
          0.000000000000000e0 1.000000000000000e0 0.000000000000000e0
          -1.000000000000000e0 -1.000000000000000e0 -1.000000000000000e0
          0.000000000000000e0 0.000000000000000e0 1.000000000000000e0
          
   qes:espresso.output.symmetries.symmetry.fractional_translation =  0.000000000000000e0 0.000000000000000e0 0.000000000000000e0
   qes:espresso.output.symmetries.symmetry.rotation =  
          0.000000000000000e0 0.000000000000000e0 1.000000000000000e0
          0.000000000000000e0 1.000000000000000e0 0.000000000000000e0
          -1.000000000000000e0 -1.000000000000000e0 -1.000000000000000e0
          
   qes:espresso.output.symmetries.symmetry.fractional_translation =  0.000000000000000e0 0.000000000000000e0 0.000000000000000e0
   qes:espresso.output.symmetries.symmetry.rotation =  
          -1.000000000000000e0 -1.000000000000000e0 -1.000000000000000e0
          1.000000000000000e0 0.000000000000000e0 0.000000000000000e0
          0.000000000000000e0 0.000000000000000e0 1.000000000000000e0
          
   qes:espresso.output.symmetries.symmetry.fractional_translation =  0.000000000000000e0 0.000000000000000e0 0.000000000000000e0
   qes:espresso.output.symmetries.symmetry.rotation =  
          0.000000000000000e0 1.000000000000000e0 0.000000000000000e0
          0.000000000000000e0 0.000000000000000e0 1.000000000000000e0
          1.000000000000000e0 0.000000000000000e0 0.000000000000000e0
          
   qes:espresso.output.symmetries.symmetry.fractional_translation =  0.000000000000000e0 0.000000000000000e0 0.000000000000000e0
   qes:espresso.output.symmetries.symmetry.rotation =  
          1.000000000000000e0 0.000000000000000e0 0.000000000000000e0
          -1.000000000000000e0 -1.000000000000000e0 -1.000000000000000e0
          0.000000000000000e0 1.000000000000000e0 0.000000000000000e0
          
   qes:espresso.output.symmetries.symmetry.fractional_translation =  0.000000000000000e0 0.000000000000000e0 0.000000000000000e0
   qes:espresso.output.symmetries.symmetry.rotation =  
          -1.000000000000000e0 0.000000000000000e0 0.000000000000000e0
          0.000000000000000e0 -1.000000000000000e0 0.000000000000000e0
          0.000000000000000e0 0.000000000000000e0 -1.000000000000000e0
          
   qes:espresso.output.symmetries.symmetry.fractional_translation =  2.500000000000000e-1 2.500000000000000e-1 2.500000000000000e-1
   qes:espresso.output.symmetries.symmetry.rotation =  
          0.000000000000000e0 -1.000000000000000e0 0.000000000000000e0
          -1.000000000000000e0 0.000000000000000e0 0.000000000000000e0
          1.000000000000000e0 1.000000000000000e0 1.000000000000000e0
          
   qes:espresso.output.symmetries.symmetry.fractional_translation =  2.500000000000000e-1 2.500000000000000e-1 2.500000000000000e-1
   qes:espresso.output.symmetries.symmetry.rotation =  
          1.000000000000000e0 1.000000000000000e0 1.000000000000000e0
          0.000000000000000e0 0.000000000000000e0 -1.000000000000000e0
          0.000000000000000e0 -1.000000000000000e0 0.000000000000000e0
          
   qes:espresso.output.symmetries.symmetry.fractional_translation =  2.500000000000000e-1 2.500000000000000e-1 2.500000000000000e-1
   qes:espresso.output.symmetries.symmetry.rotation =  
          0.000000000000000e0 0.000000000000000e0 -1.000000000000000e0
          1.000000000000000e0 1.000000000000000e0 1.000000000000000e0
          -1.000000000000000e0 0.000000000000000e0 0.000000000000000e0
          
   qes:espresso.output.symmetries.symmetry.fractional_translation =  2.500000000000000e-1 2.500000000000000e-1 2.500000000000000e-1
   qes:espresso.output.symmetries.symmetry.rotation =  
          0.000000000000000e0 1.000000000000000e0 0.000000000000000e0
          1.000000000000000e0 0.000000000000000e0 0.000000000000000e0
          0.000000000000000e0 0.000000000000000e0 1.000000000000000e0
          
   qes:espresso.output.symmetries.symmetry.fractional_translation =  0.000000000000000e0 0.000000000000000e0 0.000000000000000e0
   qes:espresso.output.symmetries.symmetry.rotation =  
          1.000000000000000e0 0.000000000000000e0 0.000000000000000e0
          0.000000000000000e0 1.000000000000000e0 0.000000000000000e0
          -1.000000000000000e0 -1.000000000000000e0 -1.000000000000000e0
          
   qes:espresso.output.symmetries.symmetry.fractional_translation =  0.000000000000000e0 0.000000000000000e0 0.000000000000000e0
   qes:espresso.output.symmetries.symmetry.rotation =  
          0.000000000000000e0 0.000000000000000e0 1.000000000000000e0
          -1.000000000000000e0 -1.000000000000000e0 -1.000000000000000e0
          0.000000000000000e0 1.000000000000000e0 0.000000000000000e0
          
   qes:espresso.output.symmetries.symmetry.fractional_translation =  0.000000000000000e0 0.000000000000000e0 0.000000000000000e0
   qes:espresso.output.symmetries.symmetry.rotation =  
          -1.000000000000000e0 -1.000000000000000e0 -1.000000000000000e0
          0.000000000000000e0 0.000000000000000e0 1.000000000000000e0
          1.000000000000000e0 0.000000000000000e0 0.000000000000000e0
          
   qes:espresso.output.symmetries.symmetry.fractional_translation =  0.000000000000000e0 0.000000000000000e0 0.000000000000000e0
   qes:espresso.output.symmetries.symmetry.rotation =  
          1.000000000000000e0 0.000000000000000e0 0.000000000000000e0
          0.000000000000000e0 0.000000000000000e0 1.000000000000000e0
          0.000000000000000e0 1.000000000000000e0 0.000000000000000e0
          
   qes:espresso.output.symmetries.symmetry.fractional_translation =  0.000000000000000e0 0.000000000000000e0 0.000000000000000e0
   qes:espresso.output.symmetries.symmetry.rotation =  
          -1.000000000000000e0 -1.000000000000000e0 -1.000000000000000e0
          0.000000000000000e0 1.000000000000000e0 0.000000000000000e0
          0.000000000000000e0 0.000000000000000e0 1.000000000000000e0
          
   qes:espresso.output.symmetries.symmetry.fractional_translation =  0.000000000000000e0 0.000000000000000e0 0.000000000000000e0
   qes:espresso.output.symmetries.symmetry.rotation =  
          0.000000000000000e0 1.000000000000000e0 0.000000000000000e0
          -1.000000000000000e0 -1.000000000000000e0 -1.000000000000000e0
          1.000000000000000e0 0.000000000000000e0 0.000000000000000e0
          
   qes:espresso.output.symmetries.symmetry.fractional_translation =  0.000000000000000e0 0.000000000000000e0 0.000000000000000e0
   qes:espresso.output.symmetries.symmetry.rotation =  
          0.000000000000000e0 0.000000000000000e0 1.000000000000000e0
          1.000000000000000e0 0.000000000000000e0 0.000000000000000e0
          -1.000000000000000e0 -1.000000000000000e0 -1.000000000000000e0
          
   qes:espresso.output.symmetries.symmetry.fractional_translation =  0.000000000000000e0 0.000000000000000e0 0.000000000000000e0
   qes:espresso.output.symmetries.symmetry.rotation =  
          1.000000000000000e0 0.000000000000000e0 0.000000000000000e0
          -1.000000000000000e0 -1.000000000000000e0 -1.000000000000000e0
          0.000000000000000e0 0.000000000000000e0 1.000000000000000e0
          
   qes:espresso.output.symmetries.symmetry.fractional_translation =  0.000000000000000e0 0.000000000000000e0 0.000000000000000e0
   qes:espresso.output.symmetries.symmetry.rotation =  
          0.000000000000000e0 0.000000000000000e0 1.000000000000000e0
          0.000000000000000e0 1.000000000000000e0 0.000000000000000e0
          1.000000000000000e0 0.000000000000000e0 0.000000000000000e0
          
   qes:espresso.output.symmetries.symmetry.fractional_translation =  0.000000000000000e0 0.000000000000000e0 0.000000000000000e0
   qes:espresso.output.symmetries.symmetry.rotation =  
          0.000000000000000e0 1.000000000000000e0 0.000000000000000e0
          0.000000000000000e0 0.000000000000000e0 1.000000000000000e0
          -1.000000000000000e0 -1.000000000000000e0 -1.000000000000000e0
          
   qes:espresso.output.symmetries.symmetry.fractional_translation =  0.000000000000000e0 0.000000000000000e0 0.000000000000000e0
   qes:espresso.output.symmetries.symmetry.rotation =  
          -1.000000000000000e0 -1.000000000000000e0 -1.000000000000000e0
          1.000000000000000e0 0.000000000000000e0 0.000000000000000e0
          0.000000000000000e0 1.000000000000000e0 0.000000000000000e0
          
   qes:espresso.output.symmetries.symmetry.fractional_translation =  0.000000000000000e0 0.000000000000000e0 0.000000000000000e0
   qes:espresso.output.symmetries.symmetry.rotation =  
          1.000000000000000e0 1.000000000000000e0 1.000000000000000e0
          0.000000000000000e0 -1.000000000000000e0 0.000000000000000e0
          -1.000000000000000e0 0.000000000000000e0 0.000000000000000e0
          
   qes:espresso.output.symmetries.symmetry.fractional_translation =  2.500000000000000e-1 2.500000000000000e-1 2.500000000000000e-1
   qes:espresso.output.symmetries.symmetry.rotation =  
          0.000000000000000e0 0.000000000000000e0 -1.000000000000000e0
          -1.000000000000000e0 0.000000000000000e0 0.000000000000000e0
          0.000000000000000e0 -1.000000000000000e0 0.000000000000000e0
          
   qes:espresso.output.symmetries.symmetry.fractional_translation =  2.500000000000000e-1 2.500000000000000e-1 2.500000000000000e-1
   qes:espresso.output.symmetries.symmetry.rotation =  
          -1.000000000000000e0 0.000000000000000e0 0.000000000000000e0
          0.000000000000000e0 0.000000000000000e0 -1.000000000000000e0
          1.000000000000000e0 1.000000000000000e0 1.000000000000000e0
          
   qes:espresso.output.symmetries.symmetry.fractional_translation =  2.500000000000000e-1 2.500000000000000e-1 2.500000000000000e-1
   qes:espresso.output.symmetries.symmetry.rotation =  
          0.000000000000000e0 -1.000000000000000e0 0.000000000000000e0
          1.000000000000000e0 1.000000000000000e0 1.000000000000000e0
          0.000000000000000e0 0.000000000000000e0 -1.000000000000000e0
          
   qes:espresso.output.symmetries.symmetry.fractional_translation =  2.500000000000000e-1 2.500000000000000e-1 2.500000000000000e-1
   qes:espresso.output.symmetries.symmetry.rotation =  
          0.000000000000000e0 0.000000000000000e0 -1.000000000000000e0
          0.000000000000000e0 -1.000000000000000e0 0.000000000000000e0
          1.000000000000000e0 1.000000000000000e0 1.000000000000000e0
          
   qes:espresso.output.symmetries.symmetry.fractional_translation =  2.500000000000000e-1 2.500000000000000e-1 2.500000000000000e-1
   qes:espresso.output.symmetries.symmetry.rotation =  
          1.000000000000000e0 1.000000000000000e0 1.000000000000000e0
          -1.000000000000000e0 0.000000000000000e0 0.000000000000000e0
          0.000000000000000e0 0.000000000000000e0 -1.000000000000000e0
          
   qes:espresso.output.symmetries.symmetry.fractional_translation =  2.500000000000000e-1 2.500000000000000e-1 2.500000000000000e-1
   qes:espresso.output.symmetries.symmetry.rotation =  
          0.000000000000000e0 -1.000000000000000e0 0.000000000000000e0
          0.000000000000000e0 0.000000000000000e0 -1.000000000000000e0
          -1.000000000000000e0 0.000000000000000e0 0.000000000000000e0
          
   qes:espresso.output.symmetries.symmetry.fractional_translation =  2.500000000000000e-1 2.500000000000000e-1 2.500000000000000e-1
   qes:espresso.output.symmetries.symmetry.rotation =  
          -1.000000000000000e0 0.000000000000000e0 0.000000000000000e0
          1.000000000000000e0 1.000000000000000e0 1.000000000000000e0
          0.000000000000000e0 -1.000000000000000e0 0.000000000000000e0
          
   qes:espresso.output.symmetries.symmetry.fractional_translation =  2.500000000000000e-1 2.500000000000000e-1 2.500000000000000e-1
  qes:espresso.input.symmetry_flags.no_t_rev =  false
  qes:espresso.input.symmetry_flags.noinv =  false
  qes:espresso.output.band_structure.nbnd =  10
  qes:espresso.output.band_structure.nks =  2
  Irreducible k-point: 0
   qes:espresso.output.band_structure.ks_energies.k_point =  0.000000000000000e0 0.000000000000000e0 0.000000000000000e0
   qes:espresso.output.band_structure.ks_energies.k_point.<xmlattr>.weight =  1.000000000000e0
   qes:espresso.output.band_structure.ks_energies.npw =  259
   qes::espresso.output.band_structure_ks_energies.eigenvalues.<xmlattr>.size =  10
   qes:espresso.output.band_structure.ks_energies.eigenvalues =  
          -2.002421991133374e-1 2.476178341445435e-1 2.476178341445560e-1 2.476178341448406e-1 3.393487048692785e-1
          3.393487048692969e-1 3.393487048695255e-1 3.664710729049456e-1 5.361472260896782e-1 5.639070583742241e-1
          
  Irreducible k-point: 1
   qes:espresso.output.band_structure.ks_energies.k_point =  -1.000000000000000e-1 1.000000000000000e-1 -1.000000000000000e-1
   qes:espresso.output.band_structure.ks_energies.k_point.<xmlattr>.weight =  1.000000000000e0
   qes:espresso.output.band_structure.ks_energies.npw =  271
   qes::espresso.output.band_structure_ks_energies.eigenvalues.<xmlattr>.size =  10
   qes:espresso.output.band_structure.ks_energies.eigenvalues =  
          -1.961602752696733e-1 2.029324642271127e-1 2.391604109583296e-1 2.391604109583304e-1 3.405039907182324e-1
          3.509849669628636e-1 3.509849669628693e-1 4.019192011932725e-1 5.452300599619937e-1 5.452300600537567e-1
          
  qes:espresso.output.band_structure.nelec =  8.000000000000000e0
  qes:espresso.output.basis_set.fft_grid.<xmlattr>.nr1 =  20
  qes:espresso.output.basis_set.fft_grid.<xmlattr>.nr2 =  20
  qes:espresso.output.basis_set.fft_grid.<xmlattr>.nr3 =  20
  qes:espresso.output.total_energy.ewald =  0.000000000000000e0
  qes:espresso.output.basis_set.gamma_only =  false
  qes:espresso.output.algorithmic_info.uspp =  false
  qes:espresso.output.algorithmic_info.paw =  false

 Read QE wave functions from ./example9/wfc1.dat
 Read QE wave functions from ./example9/wfc2.dat

 Bcast QE input variables

 Read_upf
  Species = 0
   UPF ver.2
   UPF.PP_HEADER.<xmlattr>.pseudo_type =  NC
   UPF.PP_HEADER.<xmlattr>.is_ultrasoft =  false
   UPF.PP_HEADER.<xmlattr>.is_paw =  false
   UPF.PP_HEADER.<xmlattr>.is_coulomb =  false
   UPF.PP_HEADER.<xmlattr>.core_correction =  false
   UPF.PP_HEADER.<xmlattr>.z_valence =  4.00000000000000
   Z_valence = 4
   UPF.PP_HEADER.<xmlattr>.element =  Si
   element_name = Si
   atomic number = 14
   UPF.PP_HEADER.<xmlattr>.mesh_size =  1141
   mesh_size = 1141
   UPF.PP_HEADER.<xmlattr>.number_of_proj =  2
   num. of projectors = 2
    angular momentum = 0
    angular momentum = 1
 set_upf
 set_atomic_number
 Bcast upf variables

 Read Jastrow parameters from parameters.casl
  RPA-type Jastrow parameters in atomic unit
   A_up_up = 0.9833143351
   F_up_up = 1.402365384
   A_up_dn = A_dn_up = 1.31108578
   F_up_dn = F_dn_up = 1.145026541
   A_dn_dn = 0.9833143351
   F_dn_dn = 1.402365384

 Dump jastrow.plt for plotting a Jastrow function using gnuplot (jastrow.plt)

 Time for initialization = 0 days 0 h 0 m 0 s
 Read SCF informations (tc_scfinfo.dat)
 Time for reading tc_scfinfo.dat = 0 days 0 h 0 m 0 s
 Read SCF wave functions (tc_wfc_scf.dat)
 Read SCF orbital energies (tc_energy_scf.dat)
 Time for reading SCF eigenvalues and eigenvectors calculated by TC++ = 0 days 0 h 0 m 0 s
 Read BAND wave functions (tc_wfc_band.dat)
 Read BAND orbital energies (tc_energy_band.dat)
 Time for reading BAND eigenvalues and eigenvectors calculated by TC++ = 0 days 0 h 0 m 0 s
 Time for setting potentials = 0 days 0 h 0 m 0 s

 Start BAND calculation!
  bloch_states.set_filling()
   Fermi energy: 4.059207893 eV

   Spin 0
   k-vector 0 0 0
   (band index, energy (eV), filling)
   0 -11.03637623 2
   1 4.049444688 2
   2 4.049568906 2
   3 4.059207893 2
   4 11.34675619 0
   5 11.34892678 0
   6 11.34899287 0
   7 12.71040999 0
   8 16.66698674 0
   9 18.06368228 0

   k-vector    0    0 -0.5
   (band index, energy (eV), filling)
   0 -8.014023519 2
   1 -4.25750669 2
   2 2.610833673 2
   3 2.610980811 2
   4 10.31434573 0
   5 12.343434 0
   6 12.34675692 0
   7 16.63893366 0
   8 20.89280564 0
   9 21.50579922 0

   k-vector    0 -0.5 -0.5
   (band index, energy (eV), filling)
   0 -5.549708364 2
   1 -5.54489077 2
   2 0.6546858712 2
   3 0.659135884 2
   4 9.211240788 0
   5 9.22796251 0
   6 20.27719354 0
   7 20.27916251 0
   8 21.91811438 0
   9 22.94702054 0

  bloch_states.set_density()
   num. of electrons (spin up) = (4,3.902043619e-19) , num. of electrons (spin down) = (4,3.902043619e-19)
   total magnetization = (0,0)
   num. of electrons inside a sphere with a radius r around each atom
    Atom 0: 
    r (Bohr),  up,  down,  up - down,  up + down
    0.1  1.674869329e-05  1.674869329e-05  0  3.349738658e-05
    0.2  1.674869329e-05  1.674869329e-05  0  3.349738658e-05
    0.3  1.674869329e-05  1.674869329e-05  0  3.349738658e-05
    0.4  0.001447858974  0.001447858974  0  0.002895717948
    0.5  0.001447858974  0.001447858974  0  0.002895717948
    0.6  0.002778105848  0.002778105848  0  0.005556211696
    0.7  0.01067146357  0.01067146357  0  0.02134292714
    0.8  0.01582130329  0.01582130329  0  0.03164260659
    0.9  0.03311228174  0.03311228174  0  0.06622456349
    1  0.06628984928  0.06628984928  0  0.1325796986
    1.1  0.09975717378  0.09975717378  0  0.1995143476
    1.2  0.1204209331  0.1204209331  0  0.2408418661
    1.3  0.1663639998  0.1663639998  0  0.3327279997
    1.4  0.2366881354  0.2366881354  0  0.4733762708
    1.5  0.3491053443  0.3491053443  0  0.6982106885
    1.6  0.4566983738  0.4566983738  0  0.9133967476
    1.7  0.5313046585  0.5313046585  0  1.062609317
    1.8  0.612572422  0.612572422  0  1.225144844
    1.9  0.8137506584  0.8137506584  0  1.627501317
    2  0.8822432272  0.8822432272  0  1.764486454
    2.1  1.056068467  1.056068467  0  2.112136934
    2.2  1.171272696  1.171272696  0  2.342545393
    2.3  1.342359603  1.342359603  0  2.684719206
    2.4  1.492084519  1.492084519  0  2.984169038
    2.5  1.667689679  1.667689679  0  3.335379359
    2.6  1.798023608  1.798023608  0  3.596047216
    2.7  1.987370753  1.987370753  0  3.974741505
    2.8  2.135389835  2.135389835  0  4.270779671
    2.9  2.292067358  2.292067358  0  4.584134717
    3  2.45646229  2.45646229  0  4.912924579
    3.1  2.665668522  2.665668522  0  5.331337044
    3.2  2.794372396  2.794372396  0  5.588744792
    3.3  2.927648108  2.927648108  0  5.855296215
    3.4  3.13467336  3.13467336  0  6.269346721
    3.5  3.32823865  3.32823865  0  6.6564773
    3.6  3.45859651  3.45859651  0  6.917193019
    3.7  3.660046853  3.660046853  0  7.320093706
    3.8  3.819105888  3.819105888  0  7.638211775
    3.9  3.989136771  3.989136771  0  7.978273542
    4  4.149182632  4.149182632  0  8.298365265
    Atom 1: 
    r (Bohr),  up,  down,  up - down,  up + down
    0.1  1.669887268e-05  1.669887268e-05  0  3.339774535e-05
    0.2  1.669887268e-05  1.669887268e-05  0  3.339774535e-05
    0.3  1.669887268e-05  1.669887268e-05  0  3.339774535e-05
    0.4  0.001447885029  0.001447885029  0  0.002895770058
    0.5  0.001447885029  0.001447885029  0  0.002895770058
    0.6  0.0027785672  0.0027785672  0  0.0055571344
    0.7  0.01067533101  0.01067533101  0  0.02135066203
    0.8  0.01582769373  0.01582769373  0  0.03165538745
    0.9  0.03312794834  0.03312794834  0  0.06625589668
    1  0.06632389973  0.06632389973  0  0.1326477995
    1.1  0.0998104102  0.0998104102  0  0.1996208204
    1.2  0.1204858532  0.1204858532  0  0.2409717065
    1.3  0.1664533381  0.1664533381  0  0.3329066761
    1.4  0.2368150393  0.2368150393  0  0.4736300786
    1.5  0.3492864916  0.3492864916  0  0.6985729832
    1.6  0.4569268626  0.4569268626  0  0.9138537253
    1.7  0.5315634102  0.5315634102  0  1.06312682
    1.8  0.6128613285  0.6128613285  0  1.225722657
    1.9  0.8141010755  0.8141010755  0  1.628202151
    2  0.8826116288  0.8826116288  0  1.765223258
    2.1  1.056472766  1.056472766  0  2.112945531
    2.2  1.171693353  1.171693353  0  2.343386705
    2.3  1.342799763  1.342799763  0  2.685599525
    2.4  1.492535824  1.492535824  0  2.985071649
    2.5  1.668139664  1.668139664  0  3.336279327
    2.6  1.798472932  1.798472932  0  3.596945865
    2.7  1.9878089  1.9878089  0  3.975617801
    2.8  2.135809504  2.135809504  0  4.271619008
    2.9  2.292472291  2.292472291  0  4.584944581
    3  2.456842106  2.456842106  0  4.913684213
    3.1  2.666003359  2.666003359  0  5.332006717
    3.2  2.794686602  2.794686602  0  5.589373204
    3.3  2.927935539  2.927935539  0  5.855871078
    3.4  3.134901437  3.134901437  0  6.269802875
    3.5  3.328425023  3.328425023  0  6.656850045
    3.6  3.458746946  3.458746946  0  6.917493892
    3.7  3.660136723  3.660136723  0  7.320273445
    3.8  3.819147491  3.819147491  0  7.638294982
    3.9  3.989138044  3.989138044  0  7.978276087
    4  4.149138552  4.149138552  0  8.298277105

 Time for preparation for BAND calc. (set filling and density) = 0 days 0 h 0 m 0 s
   Print band energies
   Spin 0
   k-vector 0 0 0
   (band index, energy (eV))
   0 -10.92645468
   1 4.201195152
   2 4.20124875
   3 4.216588029
   4 11.45421409
   5 11.45871834
   6 11.4588098
   7 12.85421897
   8 16.5352919
   9 18.15488903

   k-vector   0   0 0.1
   (band index, energy (eV))
   0 -11.0381458
   1 3.492979641
   2 3.847272064
   3 3.847308628
   4 11.22014537
   5 11.68368307
   6 11.68411965
   7 13.21008304
   8 17.43976947
   9 17.43986189

 Iteration 1
  calc_hamiltonian
  cf. dimension of subspace (up, ik=0) = 10
 Time for calculating the one-body terms = 0 days 0 h 0 m 0 s
 Time for calculating the tc-2body Hartree term = 0 days 0 h 0 m 0 s
 Time for calculating the tc-2body exchange term = 0 days 0 h 0 m 1 s
 Time for calculating the tc-3body term (3a1) = 0 days 0 h 0 m 0 s
 Time for calculating the tc-3body term (3b1) = 0 days 0 h 0 m 0 s
 Time for calculating the tc-3body term (3a2a4b2b5) = 0 days 0 h 0 m 1 s
 Time for calculating the tc-3body term (3a3b3b4b6) = 0 days 0 h 0 m 2 s
 Time for Reduce() Hamiltonian*phi = 0 days 0 h 0 m 0 s
 Time for preparation for the next loop (preconditioning & Gram-Schmidt) = 0 days 0 h 0 m 0 s
 Time for preparation for the next loop (Bcast) = 0 days 0 h 0 m 0 s
  calc_hamiltonian
  cf. dimension of subspace (up, ik=0) = 10
 Time for calculating the one-body terms = 0 days 0 h 0 m 0 s
 Time for calculating the tc-2body Hartree term = 0 days 0 h 0 m 0 s
 Time for calculating the tc-2body exchange term = 0 days 0 h 0 m 1 s
 Time for calculating the tc-3body term (3a1) = 0 days 0 h 0 m 0 s
 Time for calculating the tc-3body term (3b1) = 0 days 0 h 0 m 0 s
 Time for calculating the tc-3body term (3a2a4b2b5) = 0 days 0 h 0 m 1 s
 Time for calculating the tc-3body term (3a3b3b4b6) = 0 days 0 h 0 m 2 s
 Time for Reduce() Hamiltonian*phi = 0 days 0 h 0 m 0 s
  diagonalize subspace Hamiltonian
 Time for diagonalizing subspace Hamiltonian = 0 days 0 h 0 m 0 s
 Time for diagonalizing subspace Hamiltonian (Bcast) = 0 days 0 h 0 m 0 s
 Time for diagonalization = 0 days 0 h 0 m 0 s
 Dump BAND wave functions (tc_wfc_band.dat)
 Dump BAND orbital energies (tc_energy_band.dat)
 Time for dumping wave functions etc. = 0 days 0 h 0 m 0 s
 Dump BAND eigenvalues (tc_bandplot.dat)
 Time for dumping tc_bandplot.dat = 0 days 0 h 0 m 0 s

   Print band energies
   Spin 0
   k-vector 0 0 0
   (band index, energy (eV))
   0 -10.92450845
   1 4.19969495
   2 4.199749922
   3 4.215085797
   4 11.45530603
   5 11.45980781
   6 11.45990065
   7 12.83126828
   8 16.53381351
   9 18.15442388

   k-vector   0   0 0.1
   (band index, energy (eV))
   0 -11.07106646
   1 3.443677396
   2 3.85372103
   3 3.853802284
   4 11.21238988
   5 11.66267226
   6 11.66308459
   7 13.24458537
   8 17.44400628
   9 17.44408782

   mean absolute energy difference from the previous loop = 0.0004089314191 Ht.
 Iteration 2
  calc_hamiltonian
  cf. dimension of subspace (up, ik=0) = 10
 Time for calculating the one-body terms = 0 days 0 h 0 m 0 s
 Time for calculating the tc-2body Hartree term = 0 days 0 h 0 m 0 s
 Time for calculating the tc-2body exchange term = 0 days 0 h 0 m 1 s
 Time for calculating the tc-3body term (3a1) = 0 days 0 h 0 m 0 s
 Time for calculating the tc-3body term (3b1) = 0 days 0 h 0 m 0 s
 Time for calculating the tc-3body term (3a2a4b2b5) = 0 days 0 h 0 m 1 s
 Time for calculating the tc-3body term (3a3b3b4b6) = 0 days 0 h 0 m 2 s
 Time for Reduce() Hamiltonian*phi = 0 days 0 h 0 m 0 s
 Time for preparation for the next loop (preconditioning & Gram-Schmidt) = 0 days 0 h 0 m 0 s
 Time for preparation for the next loop (Bcast) = 0 days 0 h 0 m 0 s
  calc_hamiltonian
  cf. dimension of subspace (up, ik=0) = 10
 Time for calculating the one-body terms = 0 days 0 h 0 m 0 s
 Time for calculating the tc-2body Hartree term = 0 days 0 h 0 m 0 s
 Time for calculating the tc-2body exchange term = 0 days 0 h 0 m 1 s
 Time for calculating the tc-3body term (3a1) = 0 days 0 h 0 m 0 s
 Time for calculating the tc-3body term (3b1) = 0 days 0 h 0 m 0 s
 Time for calculating the tc-3body term (3a2a4b2b5) = 0 days 0 h 0 m 1 s
 Time for calculating the tc-3body term (3a3b3b4b6) = 0 days 0 h 0 m 2 s
 Time for Reduce() Hamiltonian*phi = 0 days 0 h 0 m 0 s
  diagonalize subspace Hamiltonian
 Time for diagonalizing subspace Hamiltonian = 0 days 0 h 0 m 0 s
 Time for diagonalizing subspace Hamiltonian (Bcast) = 0 days 0 h 0 m 0 s
 Time for diagonalization = 0 days 0 h 0 m 0 s
 Dump BAND wave functions (tc_wfc_band.dat)
 Dump BAND orbital energies (tc_energy_band.dat)
 Time for dumping wave functions etc. = 0 days 0 h 0 m 0 s
 Dump BAND eigenvalues (tc_bandplot.dat)
 Time for dumping tc_bandplot.dat = 0 days 0 h 0 m 0 s

   Print band energies
   Spin 0
   k-vector 0 0 0
   (band index, energy (eV))
   0 -10.9245964
   1 4.20068854
   2 4.200727206
   3 4.216070842
   4 11.4552559
   5 11.45975387
   6 11.45984345
   7 12.83316104
   8 16.53982031
   9 18.15439235

   k-vector   0   0 0.1
   (band index, energy (eV))
   0 -11.05582272
   1 3.524487387
   2 3.87214895
   3 3.872214995
   4 11.17368147
   5 11.64694341
   6 11.64736371
   7 13.20350965
   8 17.44063241
   9 17.44072387

 CAUTION!! convergence is not achieved...
 Total time = 0 days 0 h 0 m 24 s
