TC++ ver.1.3.0
Num. of MPI processes = 1
Num. of OpenMP threads = 1

 Read TC input (input.in)
  WARNING: reads_binary = false was set. This option should not be specified unless you perform test calculations in test folder.
  calc_method = TC
  calc_mode = BAND
  qe_save_dir = ./example33
  pseudo_dir = ./example33
  smearing_mode = fixed
  smearing_width = 0.01
  restarts = false
  includes_div_correction = true
  energy_tolerance = 1e-06
  charge_tolerance = 1e-05
  force_tolerance = 0.01
  max_num_iterations = 1
  max_num_ionic_steps = 0
  mixes_density_matrix = false
  mixing_beta = 0.7
  num_refresh_david = 1
  max_num_blocks_david = 2
  biortho_david = false
  dumps_pwfn = false
  reads_crystal_structure = false
  is_heg = false
  reads_binary = 0

 Bcast TC input (input.in)

 Read QE information from ./example33/data-file-schema.xml
  qes:espresso.input.control_variables.calculation =  bands
  qes:espresso.output.atomic_structure.cell.a1 =  -5.130000000000000e0 0.000000000000000e0 5.130000000000000e0
  qes:espresso.output.atomic_structure.cell.a2 =  0.000000000000000e0 5.130000000000000e0 5.130000000000000e0
  qes:espresso.output.atomic_structure.cell.a3 =  -5.130000000000000e0 5.130000000000000e0 0.000000000000000e0
  qes:espresso.output.basis_set.reciprocal_lattice.b1 =  -1.000000000000000e0 -1.000000000000000e0 1.000000000000000e0
  qes:espresso.output.basis_set.reciprocal_lattice.b2 =  1.000000000000000e0 1.000000000000000e0 1.000000000000000e0
  qes:espresso.output.basis_set.reciprocal_lattice.b3 =  -1.000000000000000e0 1.000000000000000e0 -1.000000000000000e0
  qes:espresso.output.atomic_structure.<xmlattr>.alat =  1.026000000000e1
  qes:espresso.output.atomic_species.<xmlattr>.ntyp =  1
  Species: 0
   qes:espresso.output.atomic_species.species.<xmlattr>.name =  Si
   qes:espresso.output.atomic_species.species.pseudo_file =  Si_test.upf
  qes:espresso.output.atomic_structure.<xmlattr>.nat =  2
  Atom: 0
   qes:espresso.output.atomic_structure.atomic_positions.atom.<xmlattr>.name =  Si
   qes.espresso.output.atomic_structure.atomic_positions.atom = 0 0 0
  Atom: 1
   qes:espresso.output.atomic_structure.atomic_positions.atom.<xmlattr>.name =  Si
   qes.espresso.output.atomic_structure.atomic_positions.atom = 2.565 2.565 2.565

   Atomic coordinates (in Bohr, cartesian)
    Atom 0 ( 0 , 0 , 0 )
    Atom 1 ( 2.565 , 2.565 , 2.565 )

   Atomic coordinates (crystal coordinate)
    Atom 0 ( 0 , 0 , 0 )
    Atom 1 ( -0.25 , 0.75 , -0.25 )

  qes:espresso.output.magnetization.noncolin =  false
  qes:espresso.output.magnetization.lsda =  true
  qes:espresso.output.symmetries.nsym =  48
   qes:espresso.output.symmetries.symmetry.rotation =  
          1.000000000000000e0 0.000000000000000e0 0.000000000000000e0
          0.000000000000000e0 1.000000000000000e0 0.000000000000000e0
          0.000000000000000e0 0.000000000000000e0 1.000000000000000e0
          
   qes:espresso.output.symmetries.symmetry.fractional_translation =  0.000000000000000e0 0.000000000000000e0 0.000000000000000e0
   qes:espresso.output.symmetries.symmetry.rotation =  
          0.000000000000000e0 1.000000000000000e0 0.000000000000000e0
          1.000000000000000e0 0.000000000000000e0 0.000000000000000e0
          -1.000000000000000e0 -1.000000000000000e0 -1.000000000000000e0
          
   qes:espresso.output.symmetries.symmetry.fractional_translation =  0.000000000000000e0 0.000000000000000e0 0.000000000000000e0
   qes:espresso.output.symmetries.symmetry.rotation =  
          -1.000000000000000e0 -1.000000000000000e0 -1.000000000000000e0
          0.000000000000000e0 0.000000000000000e0 1.000000000000000e0
          0.000000000000000e0 1.000000000000000e0 0.000000000000000e0
          
   qes:espresso.output.symmetries.symmetry.fractional_translation =  0.000000000000000e0 0.000000000000000e0 0.000000000000000e0
   qes:espresso.output.symmetries.symmetry.rotation =  
          0.000000000000000e0 0.000000000000000e0 1.000000000000000e0
          -1.000000000000000e0 -1.000000000000000e0 -1.000000000000000e0
          1.000000000000000e0 0.000000000000000e0 0.000000000000000e0
          
   qes:espresso.output.symmetries.symmetry.fractional_translation =  0.000000000000000e0 0.000000000000000e0 0.000000000000000e0
   qes:espresso.output.symmetries.symmetry.rotation =  
          0.000000000000000e0 -1.000000000000000e0 0.000000000000000e0
          -1.000000000000000e0 0.000000000000000e0 0.000000000000000e0
          0.000000000000000e0 0.000000000000000e0 -1.000000000000000e0
          
   qes:espresso.output.symmetries.symmetry.fractional_translation =  2.500000000000000e-1 2.500000000000000e-1 2.500000000000000e-1
   qes:espresso.output.symmetries.symmetry.rotation =  
          -1.000000000000000e0 0.000000000000000e0 0.000000000000000e0
          0.000000000000000e0 -1.000000000000000e0 0.000000000000000e0
          1.000000000000000e0 1.000000000000000e0 1.000000000000000e0
          
   qes:espresso.output.symmetries.symmetry.fractional_translation =  2.500000000000000e-1 2.500000000000000e-1 2.500000000000000e-1
   qes:espresso.output.symmetries.symmetry.rotation =  
          0.000000000000000e0 0.000000000000000e0 -1.000000000000000e0
          1.000000000000000e0 1.000000000000000e0 1.000000000000000e0
          0.000000000000000e0 -1.000000000000000e0 0.000000000000000e0
          
   qes:espresso.output.symmetries.symmetry.fractional_translation =  2.500000000000000e-1 2.500000000000000e-1 2.500000000000000e-1
   qes:espresso.output.symmetries.symmetry.rotation =  
          1.000000000000000e0 1.000000000000000e0 1.000000000000000e0
          0.000000000000000e0 0.000000000000000e0 -1.000000000000000e0
          -1.000000000000000e0 0.000000000000000e0 0.000000000000000e0
          
   qes:espresso.output.symmetries.symmetry.fractional_translation =  2.500000000000000e-1 2.500000000000000e-1 2.500000000000000e-1
   qes:espresso.output.symmetries.symmetry.rotation =  
          -1.000000000000000e0 0.000000000000000e0 0.000000000000000e0
          0.000000000000000e0 0.000000000000000e0 -1.000000000000000e0
          0.000000000000000e0 -1.000000000000000e0 0.000000000000000e0
          
   qes:espresso.output.symmetries.symmetry.fractional_translation =  2.500000000000000e-1 2.500000000000000e-1 2.500000000000000e-1
   qes:espresso.output.symmetries.symmetry.rotation =  
          1.000000000000000e0 1.000000000000000e0 1.000000000000000e0
          0.000000000000000e0 -1.000000000000000e0 0.000000000000000e0
          0.000000000000000e0 0.000000000000000e0 -1.000000000000000e0
          
   qes:espresso.output.symmetries.symmetry.fractional_translation =  2.500000000000000e-1 2.500000000000000e-1 2.500000000000000e-1
   qes:espresso.output.symmetries.symmetry.rotation =  
          0.000000000000000e0 -1.000000000000000e0 0.000000000000000e0
          1.000000000000000e0 1.000000000000000e0 1.000000000000000e0
          -1.000000000000000e0 0.000000000000000e0 0.000000000000000e0
          
   qes:espresso.output.symmetries.symmetry.fractional_translation =  2.500000000000000e-1 2.500000000000000e-1 2.500000000000000e-1
   qes:espresso.output.symmetries.symmetry.rotation =  
          0.000000000000000e0 0.000000000000000e0 -1.000000000000000e0
          -1.000000000000000e0 0.000000000000000e0 0.000000000000000e0
          1.000000000000000e0 1.000000000000000e0 1.000000000000000e0
          
   qes:espresso.output.symmetries.symmetry.fractional_translation =  2.500000000000000e-1 2.500000000000000e-1 2.500000000000000e-1
   qes:espresso.output.symmetries.symmetry.rotation =  
          -1.000000000000000e0 0.000000000000000e0 0.000000000000000e0
          1.000000000000000e0 1.000000000000000e0 1.000000000000000e0
          0.000000000000000e0 0.000000000000000e0 -1.000000000000000e0
          
   qes:espresso.output.symmetries.symmetry.fractional_translation =  2.500000000000000e-1 2.500000000000000e-1 2.500000000000000e-1
   qes:espresso.output.symmetries.symmetry.rotation =  
          0.000000000000000e0 0.000000000000000e0 -1.000000000000000e0
          0.000000000000000e0 -1.000000000000000e0 0.000000000000000e0
          -1.000000000000000e0 0.000000000000000e0 0.000000000000000e0
          
   qes:espresso.output.symmetries.symmetry.fractional_translation =  2.500000000000000e-1 2.500000000000000e-1 2.500000000000000e-1
   qes:espresso.output.symmetries.symmetry.rotation =  
          0.000000000000000e0 -1.000000000000000e0 0.000000000000000e0
          0.000000000000000e0 0.000000000000000e0 -1.000000000000000e0
          1.000000000000000e0 1.000000000000000e0 1.000000000000000e0
          
   qes:espresso.output.symmetries.symmetry.fractional_translation =  2.500000000000000e-1 2.500000000000000e-1 2.500000000000000e-1
   qes:espresso.output.symmetries.symmetry.rotation =  
          1.000000000000000e0 1.000000000000000e0 1.000000000000000e0
          -1.000000000000000e0 0.000000000000000e0 0.000000000000000e0
          0.000000000000000e0 -1.000000000000000e0 0.000000000000000e0
          
   qes:espresso.output.symmetries.symmetry.fractional_translation =  2.500000000000000e-1 2.500000000000000e-1 2.500000000000000e-1
   qes:espresso.output.symmetries.symmetry.rotation =  
          -1.000000000000000e0 -1.000000000000000e0 -1.000000000000000e0
          0.000000000000000e0 1.000000000000000e0 0.000000000000000e0
          1.000000000000000e0 0.000000000000000e0 0.000000000000000e0
          
   qes:espresso.output.symmetries.symmetry.fractional_translation =  0.000000000000000e0 0.000000000000000e0 0.000000000000000e0
   qes:espresso.output.symmetries.symmetry.rotation =  
          0.000000000000000e0 0.000000000000000e0 1.000000000000000e0
          1.000000000000000e0 0.000000000000000e0 0.000000000000000e0
          0.000000000000000e0 1.000000000000000e0 0.000000000000000e0
          
   qes:espresso.output.symmetries.symmetry.fractional_translation =  0.000000000000000e0 0.000000000000000e0 0.000000000000000e0
   qes:espresso.output.symmetries.symmetry.rotation =  
          1.000000000000000e0 0.000000000000000e0 0.000000000000000e0
          0.000000000000000e0 0.000000000000000e0 1.000000000000000e0
          -1.000000000000000e0 -1.000000000000000e0 -1.000000000000000e0
          
   qes:espresso.output.symmetries.symmetry.fractional_translation =  0.000000000000000e0 0.000000000000000e0 0.000000000000000e0
   qes:espresso.output.symmetries.symmetry.rotation =  
          0.000000000000000e0 1.000000000000000e0 0.000000000000000e0
          -1.000000000000000e0 -1.000000000000000e0 -1.000000000000000e0
          0.000000000000000e0 0.000000000000000e0 1.000000000000000e0
          
   qes:espresso.output.symmetries.symmetry.fractional_translation =  0.000000000000000e0 0.000000000000000e0 0.000000000000000e0
   qes:espresso.output.symmetries.symmetry.rotation =  
          0.000000000000000e0 0.000000000000000e0 1.000000000000000e0
          0.000000000000000e0 1.000000000000000e0 0.000000000000000e0
          -1.000000000000000e0 -1.000000000000000e0 -1.000000000000000e0
          
   qes:espresso.output.symmetries.symmetry.fractional_translation =  0.000000000000000e0 0.000000000000000e0 0.000000000000000e0
   qes:espresso.output.symmetries.symmetry.rotation =  
          -1.000000000000000e0 -1.000000000000000e0 -1.000000000000000e0
          1.000000000000000e0 0.000000000000000e0 0.000000000000000e0
          0.000000000000000e0 0.000000000000000e0 1.000000000000000e0
          
   qes:espresso.output.symmetries.symmetry.fractional_translation =  0.000000000000000e0 0.000000000000000e0 0.000000000000000e0
   qes:espresso.output.symmetries.symmetry.rotation =  
          0.000000000000000e0 1.000000000000000e0 0.000000000000000e0
          0.000000000000000e0 0.000000000000000e0 1.000000000000000e0
          1.000000000000000e0 0.000000000000000e0 0.000000000000000e0
          
   qes:espresso.output.symmetries.symmetry.fractional_translation =  0.000000000000000e0 0.000000000000000e0 0.000000000000000e0
   qes:espresso.output.symmetries.symmetry.rotation =  
          1.000000000000000e0 0.000000000000000e0 0.000000000000000e0
          -1.000000000000000e0 -1.000000000000000e0 -1.000000000000000e0
          0.000000000000000e0 1.000000000000000e0 0.000000000000000e0
          
   qes:espresso.output.symmetries.symmetry.fractional_translation =  0.000000000000000e0 0.000000000000000e0 0.000000000000000e0
   qes:espresso.output.symmetries.symmetry.rotation =  
          -1.000000000000000e0 0.000000000000000e0 0.000000000000000e0
          0.000000000000000e0 -1.000000000000000e0 0.000000000000000e0
          0.000000000000000e0 0.000000000000000e0 -1.000000000000000e0
          
   qes:espresso.output.symmetries.symmetry.fractional_translation =  2.500000000000000e-1 2.500000000000000e-1 2.500000000000000e-1
   qes:espresso.output.symmetries.symmetry.rotation =  
          0.000000000000000e0 -1.000000000000000e0 0.000000000000000e0
          -1.000000000000000e0 0.000000000000000e0 0.000000000000000e0
          1.000000000000000e0 1.000000000000000e0 1.000000000000000e0
          
   qes:espresso.output.symmetries.symmetry.fractional_translation =  2.500000000000000e-1 2.500000000000000e-1 2.500000000000000e-1
   qes:espresso.output.symmetries.symmetry.rotation =  
          1.000000000000000e0 1.000000000000000e0 1.000000000000000e0
          0.000000000000000e0 0.000000000000000e0 -1.000000000000000e0
          0.000000000000000e0 -1.000000000000000e0 0.000000000000000e0
          
   qes:espresso.output.symmetries.symmetry.fractional_translation =  2.500000000000000e-1 2.500000000000000e-1 2.500000000000000e-1
   qes:espresso.output.symmetries.symmetry.rotation =  
          0.000000000000000e0 0.000000000000000e0 -1.000000000000000e0
          1.000000000000000e0 1.000000000000000e0 1.000000000000000e0
          -1.000000000000000e0 0.000000000000000e0 0.000000000000000e0
          
   qes:espresso.output.symmetries.symmetry.fractional_translation =  2.500000000000000e-1 2.500000000000000e-1 2.500000000000000e-1
   qes:espresso.output.symmetries.symmetry.rotation =  
          0.000000000000000e0 1.000000000000000e0 0.000000000000000e0
          1.000000000000000e0 0.000000000000000e0 0.000000000000000e0
          0.000000000000000e0 0.000000000000000e0 1.000000000000000e0
          
   qes:espresso.output.symmetries.symmetry.fractional_translation =  0.000000000000000e0 0.000000000000000e0 0.000000000000000e0
   qes:espresso.output.symmetries.symmetry.rotation =  
          1.000000000000000e0 0.000000000000000e0 0.000000000000000e0
          0.000000000000000e0 1.000000000000000e0 0.000000000000000e0
          -1.000000000000000e0 -1.000000000000000e0 -1.000000000000000e0
          
   qes:espresso.output.symmetries.symmetry.fractional_translation =  0.000000000000000e0 0.000000000000000e0 0.000000000000000e0
   qes:espresso.output.symmetries.symmetry.rotation =  
          0.000000000000000e0 0.000000000000000e0 1.000000000000000e0
          -1.000000000000000e0 -1.000000000000000e0 -1.000000000000000e0
          0.000000000000000e0 1.000000000000000e0 0.000000000000000e0
          
   qes:espresso.output.symmetries.symmetry.fractional_translation =  0.000000000000000e0 0.000000000000000e0 0.000000000000000e0
   qes:espresso.output.symmetries.symmetry.rotation =  
          -1.000000000000000e0 -1.000000000000000e0 -1.000000000000000e0
          0.000000000000000e0 0.000000000000000e0 1.000000000000000e0
          1.000000000000000e0 0.000000000000000e0 0.000000000000000e0
          
   qes:espresso.output.symmetries.symmetry.fractional_translation =  0.000000000000000e0 0.000000000000000e0 0.000000000000000e0
   qes:espresso.output.symmetries.symmetry.rotation =  
          1.000000000000000e0 0.000000000000000e0 0.000000000000000e0
          0.000000000000000e0 0.000000000000000e0 1.000000000000000e0
          0.000000000000000e0 1.000000000000000e0 0.000000000000000e0
          
   qes:espresso.output.symmetries.symmetry.fractional_translation =  0.000000000000000e0 0.000000000000000e0 0.000000000000000e0
   qes:espresso.output.symmetries.symmetry.rotation =  
          -1.000000000000000e0 -1.000000000000000e0 -1.000000000000000e0
          0.000000000000000e0 1.000000000000000e0 0.000000000000000e0
          0.000000000000000e0 0.000000000000000e0 1.000000000000000e0
          
   qes:espresso.output.symmetries.symmetry.fractional_translation =  0.000000000000000e0 0.000000000000000e0 0.000000000000000e0
   qes:espresso.output.symmetries.symmetry.rotation =  
          0.000000000000000e0 1.000000000000000e0 0.000000000000000e0
          -1.000000000000000e0 -1.000000000000000e0 -1.000000000000000e0
          1.000000000000000e0 0.000000000000000e0 0.000000000000000e0
          
   qes:espresso.output.symmetries.symmetry.fractional_translation =  0.000000000000000e0 0.000000000000000e0 0.000000000000000e0
   qes:espresso.output.symmetries.symmetry.rotation =  
          0.000000000000000e0 0.000000000000000e0 1.000000000000000e0
          1.000000000000000e0 0.000000000000000e0 0.000000000000000e0
          -1.000000000000000e0 -1.000000000000000e0 -1.000000000000000e0
          
   qes:espresso.output.symmetries.symmetry.fractional_translation =  0.000000000000000e0 0.000000000000000e0 0.000000000000000e0
   qes:espresso.output.symmetries.symmetry.rotation =  
          1.000000000000000e0 0.000000000000000e0 0.000000000000000e0
          -1.000000000000000e0 -1.000000000000000e0 -1.000000000000000e0
          0.000000000000000e0 0.000000000000000e0 1.000000000000000e0
          
   qes:espresso.output.symmetries.symmetry.fractional_translation =  0.000000000000000e0 0.000000000000000e0 0.000000000000000e0
   qes:espresso.output.symmetries.symmetry.rotation =  
          0.000000000000000e0 0.000000000000000e0 1.000000000000000e0
          0.000000000000000e0 1.000000000000000e0 0.000000000000000e0
          1.000000000000000e0 0.000000000000000e0 0.000000000000000e0
          
   qes:espresso.output.symmetries.symmetry.fractional_translation =  0.000000000000000e0 0.000000000000000e0 0.000000000000000e0
   qes:espresso.output.symmetries.symmetry.rotation =  
          0.000000000000000e0 1.000000000000000e0 0.000000000000000e0
          0.000000000000000e0 0.000000000000000e0 1.000000000000000e0
          -1.000000000000000e0 -1.000000000000000e0 -1.000000000000000e0
          
   qes:espresso.output.symmetries.symmetry.fractional_translation =  0.000000000000000e0 0.000000000000000e0 0.000000000000000e0
   qes:espresso.output.symmetries.symmetry.rotation =  
          -1.000000000000000e0 -1.000000000000000e0 -1.000000000000000e0
          1.000000000000000e0 0.000000000000000e0 0.000000000000000e0
          0.000000000000000e0 1.000000000000000e0 0.000000000000000e0
          
   qes:espresso.output.symmetries.symmetry.fractional_translation =  0.000000000000000e0 0.000000000000000e0 0.000000000000000e0
   qes:espresso.output.symmetries.symmetry.rotation =  
          1.000000000000000e0 1.000000000000000e0 1.000000000000000e0
          0.000000000000000e0 -1.000000000000000e0 0.000000000000000e0
          -1.000000000000000e0 0.000000000000000e0 0.000000000000000e0
          
   qes:espresso.output.symmetries.symmetry.fractional_translation =  2.500000000000000e-1 2.500000000000000e-1 2.500000000000000e-1
   qes:espresso.output.symmetries.symmetry.rotation =  
          0.000000000000000e0 0.000000000000000e0 -1.000000000000000e0
          -1.000000000000000e0 0.000000000000000e0 0.000000000000000e0
          0.000000000000000e0 -1.000000000000000e0 0.000000000000000e0
          
   qes:espresso.output.symmetries.symmetry.fractional_translation =  2.500000000000000e-1 2.500000000000000e-1 2.500000000000000e-1
   qes:espresso.output.symmetries.symmetry.rotation =  
          -1.000000000000000e0 0.000000000000000e0 0.000000000000000e0
          0.000000000000000e0 0.000000000000000e0 -1.000000000000000e0
          1.000000000000000e0 1.000000000000000e0 1.000000000000000e0
          
   qes:espresso.output.symmetries.symmetry.fractional_translation =  2.500000000000000e-1 2.500000000000000e-1 2.500000000000000e-1
   qes:espresso.output.symmetries.symmetry.rotation =  
          0.000000000000000e0 -1.000000000000000e0 0.000000000000000e0
          1.000000000000000e0 1.000000000000000e0 1.000000000000000e0
          0.000000000000000e0 0.000000000000000e0 -1.000000000000000e0
          
   qes:espresso.output.symmetries.symmetry.fractional_translation =  2.500000000000000e-1 2.500000000000000e-1 2.500000000000000e-1
   qes:espresso.output.symmetries.symmetry.rotation =  
          0.000000000000000e0 0.000000000000000e0 -1.000000000000000e0
          0.000000000000000e0 -1.000000000000000e0 0.000000000000000e0
          1.000000000000000e0 1.000000000000000e0 1.000000000000000e0
          
   qes:espresso.output.symmetries.symmetry.fractional_translation =  2.500000000000000e-1 2.500000000000000e-1 2.500000000000000e-1
   qes:espresso.output.symmetries.symmetry.rotation =  
          1.000000000000000e0 1.000000000000000e0 1.000000000000000e0
          -1.000000000000000e0 0.000000000000000e0 0.000000000000000e0
          0.000000000000000e0 0.000000000000000e0 -1.000000000000000e0
          
   qes:espresso.output.symmetries.symmetry.fractional_translation =  2.500000000000000e-1 2.500000000000000e-1 2.500000000000000e-1
   qes:espresso.output.symmetries.symmetry.rotation =  
          0.000000000000000e0 -1.000000000000000e0 0.000000000000000e0
          0.000000000000000e0 0.000000000000000e0 -1.000000000000000e0
          -1.000000000000000e0 0.000000000000000e0 0.000000000000000e0
          
   qes:espresso.output.symmetries.symmetry.fractional_translation =  2.500000000000000e-1 2.500000000000000e-1 2.500000000000000e-1
   qes:espresso.output.symmetries.symmetry.rotation =  
          -1.000000000000000e0 0.000000000000000e0 0.000000000000000e0
          1.000000000000000e0 1.000000000000000e0 1.000000000000000e0
          0.000000000000000e0 -1.000000000000000e0 0.000000000000000e0
          
   qes:espresso.output.symmetries.symmetry.fractional_translation =  2.500000000000000e-1 2.500000000000000e-1 2.500000000000000e-1
  qes:espresso.input.symmetry_flags.no_t_rev =  true
  qes:espresso.input.symmetry_flags.noinv =  true
  qes:espresso.output.band_structure.nbnd_up =  6
  qes:espresso.output.band_structure.nbnd_dw =  6
  qes:espresso.output.band_structure.nks =  2
  Irreducible k-point: 0
   qes:espresso.output.band_structure.ks_energies.k_point =  0.000000000000000e0 0.000000000000000e0 0.000000000000000e0
   qes:espresso.output.band_structure.ks_energies.k_point.<xmlattr>.weight =  5.000000000000e-1
   qes:espresso.output.band_structure.ks_energies.npw =  169
   qes::espresso.output.band_structure_ks_energies.eigenvalues.<xmlattr>.size =  12
   qes:espresso.output.band_structure.ks_energies.eigenvalues =  
          -1.960463375652318e-1 2.481439599697013e-1 2.481439599698838e-1 2.481439599718333e-1 3.394812908249220e-1
          3.394812908275060e-1 -1.960463165499212e-1 2.481438922038454e-1 2.481438922039323e-1 2.481438922162971e-1
          3.394814059703028e-1 3.394814059767684e-1
          
  Irreducible k-point: 1
   qes:espresso.output.band_structure.ks_energies.k_point =  -1.000000000000000e-1 1.000000000000000e-1 -1.000000000000000e-1
   qes:espresso.output.band_structure.ks_energies.k_point.<xmlattr>.weight =  5.000000000000e-1
   qes:espresso.output.band_structure.ks_energies.npw =  172
   qes::espresso.output.band_structure_ks_energies.eigenvalues.<xmlattr>.size =  12
   qes:espresso.output.band_structure.ks_energies.eigenvalues =  
          -1.917351617584370e-1 2.052196969609212e-1 2.396506780081990e-1 2.396506780081995e-1 3.445582811355151e-1
          3.513748576462595e-1 -1.917351408449352e-1 2.052196735125085e-1 2.396506242139074e-1 2.396506242139091e-1
          3.445583811232131e-1 3.513749618814099e-1
          
  qes:espresso.output.band_structure.nelec =  8.000000000000000e0
  qes:espresso.output.basis_set.fft_grid.<xmlattr>.nr1 =  16
  qes:espresso.output.basis_set.fft_grid.<xmlattr>.nr2 =  16
  qes:espresso.output.basis_set.fft_grid.<xmlattr>.nr3 =  16
  qes:espresso.output.total_energy.ewald =  0.000000000000000e0
  qes:espresso.output.basis_set.gamma_only =  false
  qes:espresso.output.algorithmic_info.uspp =  false
  qes:espresso.output.algorithmic_info.paw =  false

 Read QE wave functions from ./example33/wfcup1.dat
 Read QE wave functions from ./example33/wfcup2.dat
 Read QE wave functions from ./example33/wfcdw1.dat
 Read QE wave functions from ./example33/wfcdw2.dat

 Bcast QE input variables

 Read_upf
  Species = 0
   UPF ver.2
   UPF.PP_HEADER.<xmlattr>.pseudo_type =  NC
   UPF.PP_HEADER.<xmlattr>.is_ultrasoft =  false
   UPF.PP_HEADER.<xmlattr>.is_paw =  false
   UPF.PP_HEADER.<xmlattr>.is_coulomb =  false
   UPF.PP_HEADER.<xmlattr>.core_correction =  false
   UPF.PP_HEADER.<xmlattr>.z_valence =  4.00000000000000
   Z_valence = 4
   UPF.PP_HEADER.<xmlattr>.element =  Si
   element_name = Si
   atomic number = 14
   UPF.PP_HEADER.<xmlattr>.mesh_size =  1141
   mesh_size = 1141
   UPF.PP_HEADER.<xmlattr>.number_of_proj =  2
   num. of projectors = 2
    angular momentum = 0
    angular momentum = 1
 set atomic_number & Z_valence
 set_upf
 Bcast upf variables

 Read Jastrow parameters from parameters.casl
  RPA-type Jastrow parameters in atomic unit
   A_up_up = 1.638857225
   F_up_up = 1.810445926
   A_up_dn = A_dn_up = 1.638857225
   F_up_dn = F_dn_up = 1.280178591
   A_dn_dn = 1.462812633
   F_dn_dn = 1.710445926

  Polynomial Jastrow parameters in atomic unit
   e-e basis: natural power with deg_poly = 6
   up-up channel:
    L_poly = 7
     for a polynomial cutoff function with C = 3: (1-r/L)^3* step_function(L-r)
    c_poly (r^0 term = c_1) = -0.1162209226
    c_poly (r^1 term = c_2) = -0.04980896681
    c_poly (r^2 term = c_3) = -0.07273309665
    c_poly (r^3 term = c_4) = 0.1320069864
    c_poly (r^4 term = c_5) = -0.1035713919
    c_poly (r^5 term = c_6) = 0.03843613774
     Note: these coefficients are defined for J = exp[+u], u = sum c_poly * r^l * cutoff function (see above)
   up-down channel:
    L_poly = 6.5
     for a polynomial cutoff function with C = 3: (1-r/L)^3* step_function(L-r)
    c_poly (r^0 term = c_1) = -0.057919887
    c_poly (r^1 term = c_2) = -0.02673225554
    c_poly (r^2 term = c_3) = 0.002167855385
    c_poly (r^3 term = c_4) = -0.0007415351877
    c_poly (r^4 term = c_5) = -0.00817085381
    c_poly (r^5 term = c_6) = 0.006458321908
     Note: these coefficients are defined for J = exp[+u], u = sum c_poly * r^l * cutoff function (see above)
   down-up channel:
    L_poly = 6.5
     for a polynomial cutoff function with C = 3: (1-r/L)^3* step_function(L-r)
    c_poly (r^0 term = c_1) = -0.057919887
    c_poly (r^1 term = c_2) = -0.02673225554
    c_poly (r^2 term = c_3) = 0.002167855385
    c_poly (r^3 term = c_4) = -0.0007415351877
    c_poly (r^4 term = c_5) = -0.00817085381
    c_poly (r^5 term = c_6) = 0.006458321908
     Note: these coefficients are defined for J = exp[+u], u = sum c_poly * r^l * cutoff function (see above)
   down-down channel:
    L_poly = 6
     for a polynomial cutoff function with C = 3: (1-r/L)^3* step_function(L-r)
    c_poly (r^0 term = c_1) = -0.1196179336
    c_poly (r^1 term = c_2) = -0.05980896681
    c_poly (r^2 term = c_3) = -0.08273309665
    c_poly (r^3 term = c_4) = 0.2320069864
    c_poly (r^4 term = c_5) = -0.1535713919
    c_poly (r^5 term = c_6) = 0.04843613774
     Note: these coefficients are defined for J = exp[+u], u = sum c_poly * r^l * cutoff function (see above)

  RPA + Polynomial Jastrow parameters
   num_rmesh_J3_integ = 401

 Dump jastrow.plt for plotting a Jastrow function using gnuplot (jastrow.plt)

 Time for initialization = 0 days 0 h 0 m 0 s
 Read SCF informations (tc_scfinfo.dat)
 Time for reading tc_scfinfo.dat = 0 days 0 h 0 m 0 s
 Read SCF wave functions (tc_wfc_scf.dat)
 Read SCF orbital energies (tc_energy_scf.dat)
 Time for reading SCF eigenvalues and eigenvectors calculated by TC++ = 0 days 0 h 0 m 0 s
 Time for setting potentials = 0 days 0 h 0 m 0 s

 Start BAND calculation!
  bloch_states.set_filling()
   CAUTION!! the conduction band minimum = -12.31478901 Hartree is lower than the valence band maximum = -3.127762142 Hartree
   while the fixed-occupation is applied here.
   Fermi energy: -85.11073999 eV

   Spin 0
   k-vector 0 0 0
   (band index, energy (eV), filling)
   0 -353.8865913 1
   1 -353.7891432 1
   2 -335.102583 1
   3 -335.1025408 1
   4 -335.1024655 0
   5 -335.1024631 0

   k-vector    0    0 -0.5
   (band index, energy (eV), filling)
   0 -365.7651613 1
   1 -349.7113852 1
   2 -333.4313277 1
   3 -333.4313275 1
   4 -329.8958447 0
   5 -329.895844 0

   k-vector    0 -0.5 -0.5
   (band index, energy (eV), filling)
   0 -356.6776003 1
   1 -356.677532 1
   2 -336.8411812 1
   3 -336.8411429 1
   4 -325.2099565 0
   5 -325.2099498 0

   Spin 1
   k-vector 0 0 0
   (band index, energy (eV), filling)
   0 -88.41790573 1
   1 -85.26396639 1
   2 -85.2639561 1
   3 -85.26394266 1
   4 -78.35238675 0
   5 -74.84160483 0

   k-vector    0    0 -0.5
   (band index, energy (eV), filling)
   0 -87.44685518 1
   1 -86.79266802 1
   2 -85.11074186 1
   3 -85.11073999 1
   4 -76.1027811 0
   5 -75.20567452 0

   k-vector    0 -0.5 -0.5
   (band index, energy (eV), filling)
   0 -87.06480964 1
   1 -87.06479975 1
   2 -85.80995505 1
   3 -85.80995303 1
   4 -66.64786358 0
   5 -66.64786185 0

  bloch_states.set_density()
   num. of electrons (spin up) = (4,0) , num. of electrons (spin down) = (4,0)
   total magnetization = (-1.776356839e-15,0)
   num. of electrons inside a sphere with a radius r around each atom
    Atom 0: 
    r (Bohr),  up,  down,  up - down,  up + down
    0.1  0.009998704361  0.0008357125679  0.009162991793  0.01083441693
    0.2  0.009998704361  0.0008357125679  0.009162991793  0.01083441693
    0.3  0.009998704361  0.0008357125679  0.009162991793  0.01083441693
    0.4  0.009998704361  0.0008357125679  0.009162991793  0.01083441693
    0.5  0.09865123604  0.01660027888  0.08205095716  0.1152515149
    0.6  0.09865123604  0.01660027888  0.08205095716  0.1152515149
    0.7  0.1329425032  0.02688392706  0.1060585762  0.1598264303
    0.8  0.2453809071  0.07801276581  0.1673681413  0.3233936729
    0.9  0.2453809071  0.07801276581  0.1673681413  0.3233936729
    1  0.2939384139  0.1073463002  0.1865921137  0.4012847141
    1.1  0.380872772  0.1691774411  0.2116953309  0.5500502131
    1.2  0.565474355  0.336499515  0.2289748401  0.90197387
    1.3  0.5831880306  0.3527132225  0.230474808  0.9359012531
    1.4  0.6869879171  0.4568110728  0.2301768443  1.14379899
    1.5  0.7521821568  0.5250724391  0.2271097178  1.277254596
    1.6  0.8831664752  0.6740745773  0.2090918979  1.557241053
    1.7  1.043736189  0.8624786771  0.1812575117  1.906214866
    1.8  1.129698152  0.969416172  0.16028198  2.099114324
    1.9  1.232157922  1.115149076  0.1170088462  2.347306998
    2  1.369185454  1.323738989  0.04544646425  2.692924443
    2.1  1.439330217  1.438546117  0.000784100071  2.877876334
    2.2  1.494330428  1.531639544  -0.03730911637  3.025969973
    2.3  1.575789693  1.692206506  -0.1164168124  3.267996199
    2.4  1.679383462  1.890478687  -0.2110952256  3.569862149
    2.5  1.692174691  1.904949276  -0.2127745851  3.597123966
    2.6  1.743111521  1.987949686  -0.2448381643  3.731061207
    2.7  1.881270007  2.222384707  -0.3411147005  4.103654714
    2.8  1.985308937  2.351199467  -0.3658905299  4.336508404
    2.9  2.028484006  2.401803716  -0.3733197096  4.430287722
    3  2.157860801  2.538578693  -0.3807178917  4.696439493
    3.1  2.282177079  2.696670765  -0.414493686  4.978847844
    3.2  2.442897972  2.870341543  -0.4274435711  5.313239515
    3.3  2.52231765  2.937035812  -0.4147181619  5.459353461
    3.4  2.700706446  3.110179784  -0.4094733384  5.81088623
    3.5  2.903029817  3.302178726  -0.3991489081  6.205208543
    3.6  3.116980103  3.483160413  -0.3661803101  6.600140516
    3.7  3.176824466  3.529218733  -0.3523942671  6.706043198
    3.8  3.498211099  3.756213641  -0.2580025421  7.25442474
    3.9  3.753371041  3.94980967  -0.1964386286  7.703180711
    4  3.971186854  4.112810783  -0.141623929  8.083997636
    Atom 1: 
    r (Bohr),  up,  down,  up - down,  up + down
    0.1  0.009998734501  0.0008357243602  0.009163010141  0.01083445886
    0.2  0.009998734501  0.0008357243602  0.009163010141  0.01083445886
    0.3  0.009998734501  0.0008357243602  0.009163010141  0.01083445886
    0.4  0.009998734501  0.0008357243602  0.009163010141  0.01083445886
    0.5  0.09865139071  0.01660035649  0.08205103422  0.1152517472
    0.6  0.09865139071  0.01660035649  0.08205103422  0.1152517472
    0.7  0.1329426561  0.02688399808  0.106058658  0.1598266542
    0.8  0.2453808669  0.07801265369  0.1673682132  0.3233935206
    0.9  0.2453808669  0.07801265369  0.1673682132  0.3233935206
    1  0.2939382262  0.1073460273  0.1865921989  0.4012842535
    1.1  0.3808723783  0.1691767368  0.2116956414  0.5500491151
    1.2  0.5654734802  0.3364974051  0.2289760751  0.9019708853
    1.3  0.5831871659  0.3527109544  0.2304762115  0.9358981203
    1.4  0.6869869584  0.4568077881  0.2301791702  1.143794746
    1.5  0.7521811591  0.5250684654  0.2271126937  1.277249624
    1.6  0.8831656932  0.67406918  0.2090965132  1.557234873
    1.7  1.043735612  0.862471318  0.1812642944  1.90620693
    1.8  1.129697775  0.9694076552  0.1602901202  2.099105431
    1.9  1.232157911  1.11513926  0.1170186514  2.347297171
    2  1.369185933  1.323727341  0.04545859168  2.692913274
    2.1  1.439330822  1.438533432  0.0007973903796  2.877864254
    2.2  1.494330997  1.531626056  -0.0372950589  3.025957054
    2.3  1.575790779  1.692192395  -0.1164016158  3.267983174
    2.4  1.679384455  1.89046375  -0.2110792949  3.569848205
    2.5  1.692175696  1.904934237  -0.2127585407  3.597109933
    2.6  1.743112369  1.987934421  -0.2448220525  3.73104679
    2.7  1.88127163  2.22236994  -0.3410983098  4.10364157
    2.8  1.985310616  2.351185009  -0.3658743927  4.336495625
    2.9  2.028485353  2.401789444  -0.3733040904  4.430274797
    3  2.157863591  2.538565144  -0.3807015526  4.696428735
    3.1  2.282180239  2.696658269  -0.4144780298  4.978838509
    3.2  2.442901319  2.870330526  -0.4274292066  5.313231845
    3.3  2.522320966  2.937025402  -0.4147044364  5.459346368
    3.4  2.700710849  3.110170808  -0.409459959  5.810881656
    3.5  2.903033283  3.302171541  -0.3991382581  6.205204824
    3.6  3.116982965  3.483155428  -0.3661724623  6.600138393
    3.7  3.176826226  3.529214307  -0.3523880819  6.706040533
    3.8  3.498211879  3.756211239  -0.2579993601  7.254423117
    3.9  3.753370515  3.949809341  -0.1964388252  7.703179856
    4  3.971184362  4.112812555  -0.1416281938  8.083996917

 Time for preparation for BAND calc. (set filling and density) = 0 days 0 h 0 m 0 s
   Print band energies
   Spin 0
   k-vector 0 0 0
   (band index, energy (eV))
   0 -5.334692379
   1 6.752340843
   2 6.752340843
   3 6.752340843
   4 9.237756122
   5 9.237756122

   k-vector   0   0 0.1
   (band index, energy (eV))
   0 -5.217379314
   1 5.584312194
   2 6.521226877
   3 6.521226877
   4 9.37590806
   5 9.561396548

   Spin 1
   k-vector 0 0 0
   (band index, energy (eV))
   0 -5.334691807
   1 6.752338999
   2 6.752338999
   3 6.752338999
   4 9.237759255
   5 9.237759255

   k-vector   0   0 0.1
   (band index, energy (eV))
   0 -5.217378745
   1 5.584311556
   2 6.521225413
   3 6.521225413
   4 9.375910781
   5 9.561399385

 Iteration 1
  calc_hamiltonian
  cf. dimension of subspace (up, ik=0) = 6
 Time for calculating the one-body terms = 0 days 0 h 0 m 0 s
 Time for calculating the tc-2body Hartree term = 0 days 0 h 0 m 6 s
 Time for calculating the tc-2body exchange term = 0 days 0 h 0 m 55 s
 Time for calculating the tc-3body term (3a1) = 0 days 0 h 0 m 2 s
 Time for calculating the tc-3body term (3b1) = 0 days 0 h 0 m 4 s
 Time for calculating the tc-3body term (3a2a4b2b5) = 0 days 0 h 1 m 23 s
 Time for calculating the tc-3body term (3a3b3b4b6) = 0 days 0 h 0 m 58 s
 Time for Reduce() Hamiltonian*phi = 0 days 0 h 0 m 0 s
 Time for preparation for the next loop (preconditioning & Gram-Schmidt) = 0 days 0 h 0 m 0 s
 Time for preparation for the next loop (Bcast) = 0 days 0 h 0 m 0 s
  calc_hamiltonian
  cf. dimension of subspace (up, ik=0) = 6
 Time for calculating the one-body terms = 0 days 0 h 0 m 0 s
 Time for calculating the tc-2body Hartree term = 0 days 0 h 0 m 6 s
 Time for calculating the tc-2body exchange term = 0 days 0 h 0 m 56 s
 Time for calculating the tc-3body term (3a1) = 0 days 0 h 0 m 2 s
 Time for calculating the tc-3body term (3b1) = 0 days 0 h 0 m 4 s
 Time for calculating the tc-3body term (3a2a4b2b5) = 0 days 0 h 1 m 24 s
 Time for calculating the tc-3body term (3a3b3b4b6) = 0 days 0 h 0 m 58 s
 Time for Reduce() Hamiltonian*phi = 0 days 0 h 0 m 0 s
  diagonalize subspace Hamiltonian
 Time for diagonalizing subspace Hamiltonian = 0 days 0 h 0 m 0 s
 Time for diagonalizing subspace Hamiltonian (Bcast) = 0 days 0 h 0 m 0 s
 Time for diagonalization = 0 days 0 h 0 m 0 s
 Dump BAND wave functions (tc_wfc_band.dat)
 Dump BAND orbital energies (tc_energy_band.dat)
 Time for dumping wave functions etc. = 0 days 0 h 0 m 0 s
 Dump BAND eigenvalues (tc_bandplot_up.dat)
 Dump BAND eigenvalues (tc_bandplot_dn.dat)
 Time for dumping tc_bandplot.dat = 0 days 0 h 0 m 0 s

   Print band energies
   Spin 0
   k-vector 0 0 0
   (band index, energy (eV))
   0 -427.4278589
   1 -424.4305368
   2 -412.8796093
   3 -412.4344185
   4 -411.1747321
   5 -410.089837

   k-vector   0   0 0.1
   (band index, energy (eV))
   0 -431.0733406
   1 -422.8022485
   2 -416.7280249
   3 -415.0862464
   4 -414.606005
   5 -414.2661634

   Spin 1
   k-vector 0 0 0
   (band index, energy (eV))
   0 -92.94936681
   1 -90.73215901
   2 -90.41434741
   3 -86.82785501
   4 -86.25639378
   5 -86.01549012

   k-vector   0   0 0.1
   (band index, energy (eV))
   0 -93.98735341
   1 -90.39073968
   2 -89.12409045
   3 -89.11187617
   4 -88.99516266
   5 -88.45040437

 CAUTION!! convergence is not achieved...
 Total time = 0 days 0 h 7 m 7 s
