TC++ ver.1.3.0
Num. of MPI processes = 1
Num. of OpenMP threads = 1

 Read TC input (input.in)
  WARNING: reads_binary = false was set. This option should not be specified unless you perform test calculations in test folder.
  calc_method = TC
  calc_mode = BAND
  qe_save_dir = ./example21
  pseudo_dir = ./example21
  smearing_mode = gaussian
  smearing_width = 0.1
  restarts = false
  includes_div_correction = true
  energy_tolerance = 1e-06
  charge_tolerance = 1e-05
  force_tolerance = 0.01
  max_num_iterations = 2
  max_num_ionic_steps = 0
  mixes_density_matrix = false
  mixing_beta = 0.7
  num_refresh_david = 1
  max_num_blocks_david = 2
  biortho_david = false
  dumps_pwfn = false
  reads_crystal_structure = false
  is_heg = false
  reads_binary = 0

 Bcast TC input (input.in)

 Read QE information from ./example21/data-file-schema.xml
  qes:espresso.input.control_variables.calculation =  bands
  qes:espresso.output.atomic_structure.cell.a1 =  -5.130000000000000e0 0.000000000000000e0 5.130000000000000e0
  qes:espresso.output.atomic_structure.cell.a2 =  0.000000000000000e0 5.130000000000000e0 5.130000000000000e0
  qes:espresso.output.atomic_structure.cell.a3 =  -5.130000000000000e0 5.130000000000000e0 0.000000000000000e0
  qes:espresso.output.basis_set.reciprocal_lattice.b1 =  -1.000000000000000e0 -1.000000000000000e0 1.000000000000000e0
  qes:espresso.output.basis_set.reciprocal_lattice.b2 =  1.000000000000000e0 1.000000000000000e0 1.000000000000000e0
  qes:espresso.output.basis_set.reciprocal_lattice.b3 =  -1.000000000000000e0 1.000000000000000e0 -1.000000000000000e0
  qes:espresso.output.atomic_structure.<xmlattr>.alat =  1.026000000000e1
  qes:espresso.output.atomic_species.<xmlattr>.ntyp =  1
  Species: 0
   qes:espresso.output.atomic_species.species.<xmlattr>.name =  Si
   qes:espresso.output.atomic_species.species.pseudo_file =  Si_test.upf
  qes:espresso.output.atomic_structure.<xmlattr>.nat =  2
  Atom: 0
   qes:espresso.output.atomic_structure.atomic_positions.atom.<xmlattr>.name =  Si
   qes.espresso.output.atomic_structure.atomic_positions.atom = 0 0 0
  Atom: 1
   qes:espresso.output.atomic_structure.atomic_positions.atom.<xmlattr>.name =  Si
   qes.espresso.output.atomic_structure.atomic_positions.atom = 2.565 2.565 2.565

   Atomic coordinates (in Bohr, cartesian)
    Atom 0 ( 0 , 0 , 0 )
    Atom 1 ( 2.565 , 2.565 , 2.565 )

   Atomic coordinates (crystal coordinate)
    Atom 0 ( 0 , 0 , 0 )
    Atom 1 ( -0.25 , 0.75 , -0.25 )

  qes:espresso.output.magnetization.noncolin =  false
  qes:espresso.output.magnetization.lsda =  true
  qes:espresso.output.symmetries.nsym =  48
   qes:espresso.output.symmetries.symmetry.rotation =  
          1.000000000000000e0 0.000000000000000e0 0.000000000000000e0
          0.000000000000000e0 1.000000000000000e0 0.000000000000000e0
          0.000000000000000e0 0.000000000000000e0 1.000000000000000e0
          
   qes:espresso.output.symmetries.symmetry.fractional_translation =  0.000000000000000e0 0.000000000000000e0 0.000000000000000e0
   qes:espresso.output.symmetries.symmetry.rotation =  
          0.000000000000000e0 1.000000000000000e0 0.000000000000000e0
          1.000000000000000e0 0.000000000000000e0 0.000000000000000e0
          -1.000000000000000e0 -1.000000000000000e0 -1.000000000000000e0
          
   qes:espresso.output.symmetries.symmetry.fractional_translation =  0.000000000000000e0 0.000000000000000e0 0.000000000000000e0
   qes:espresso.output.symmetries.symmetry.rotation =  
          -1.000000000000000e0 -1.000000000000000e0 -1.000000000000000e0
          0.000000000000000e0 0.000000000000000e0 1.000000000000000e0
          0.000000000000000e0 1.000000000000000e0 0.000000000000000e0
          
   qes:espresso.output.symmetries.symmetry.fractional_translation =  0.000000000000000e0 0.000000000000000e0 0.000000000000000e0
   qes:espresso.output.symmetries.symmetry.rotation =  
          0.000000000000000e0 0.000000000000000e0 1.000000000000000e0
          -1.000000000000000e0 -1.000000000000000e0 -1.000000000000000e0
          1.000000000000000e0 0.000000000000000e0 0.000000000000000e0
          
   qes:espresso.output.symmetries.symmetry.fractional_translation =  0.000000000000000e0 0.000000000000000e0 0.000000000000000e0
   qes:espresso.output.symmetries.symmetry.rotation =  
          0.000000000000000e0 -1.000000000000000e0 0.000000000000000e0
          -1.000000000000000e0 0.000000000000000e0 0.000000000000000e0
          0.000000000000000e0 0.000000000000000e0 -1.000000000000000e0
          
   qes:espresso.output.symmetries.symmetry.fractional_translation =  2.500000000000000e-1 2.500000000000000e-1 2.500000000000000e-1
   qes:espresso.output.symmetries.symmetry.rotation =  
          -1.000000000000000e0 0.000000000000000e0 0.000000000000000e0
          0.000000000000000e0 -1.000000000000000e0 0.000000000000000e0
          1.000000000000000e0 1.000000000000000e0 1.000000000000000e0
          
   qes:espresso.output.symmetries.symmetry.fractional_translation =  2.500000000000000e-1 2.500000000000000e-1 2.500000000000000e-1
   qes:espresso.output.symmetries.symmetry.rotation =  
          0.000000000000000e0 0.000000000000000e0 -1.000000000000000e0
          1.000000000000000e0 1.000000000000000e0 1.000000000000000e0
          0.000000000000000e0 -1.000000000000000e0 0.000000000000000e0
          
   qes:espresso.output.symmetries.symmetry.fractional_translation =  2.500000000000000e-1 2.500000000000000e-1 2.500000000000000e-1
   qes:espresso.output.symmetries.symmetry.rotation =  
          1.000000000000000e0 1.000000000000000e0 1.000000000000000e0
          0.000000000000000e0 0.000000000000000e0 -1.000000000000000e0
          -1.000000000000000e0 0.000000000000000e0 0.000000000000000e0
          
   qes:espresso.output.symmetries.symmetry.fractional_translation =  2.500000000000000e-1 2.500000000000000e-1 2.500000000000000e-1
   qes:espresso.output.symmetries.symmetry.rotation =  
          -1.000000000000000e0 0.000000000000000e0 0.000000000000000e0
          0.000000000000000e0 0.000000000000000e0 -1.000000000000000e0
          0.000000000000000e0 -1.000000000000000e0 0.000000000000000e0
          
   qes:espresso.output.symmetries.symmetry.fractional_translation =  2.500000000000000e-1 2.500000000000000e-1 2.500000000000000e-1
   qes:espresso.output.symmetries.symmetry.rotation =  
          1.000000000000000e0 1.000000000000000e0 1.000000000000000e0
          0.000000000000000e0 -1.000000000000000e0 0.000000000000000e0
          0.000000000000000e0 0.000000000000000e0 -1.000000000000000e0
          
   qes:espresso.output.symmetries.symmetry.fractional_translation =  2.500000000000000e-1 2.500000000000000e-1 2.500000000000000e-1
   qes:espresso.output.symmetries.symmetry.rotation =  
          0.000000000000000e0 -1.000000000000000e0 0.000000000000000e0
          1.000000000000000e0 1.000000000000000e0 1.000000000000000e0
          -1.000000000000000e0 0.000000000000000e0 0.000000000000000e0
          
   qes:espresso.output.symmetries.symmetry.fractional_translation =  2.500000000000000e-1 2.500000000000000e-1 2.500000000000000e-1
   qes:espresso.output.symmetries.symmetry.rotation =  
          0.000000000000000e0 0.000000000000000e0 -1.000000000000000e0
          -1.000000000000000e0 0.000000000000000e0 0.000000000000000e0
          1.000000000000000e0 1.000000000000000e0 1.000000000000000e0
          
   qes:espresso.output.symmetries.symmetry.fractional_translation =  2.500000000000000e-1 2.500000000000000e-1 2.500000000000000e-1
   qes:espresso.output.symmetries.symmetry.rotation =  
          -1.000000000000000e0 0.000000000000000e0 0.000000000000000e0
          1.000000000000000e0 1.000000000000000e0 1.000000000000000e0
          0.000000000000000e0 0.000000000000000e0 -1.000000000000000e0
          
   qes:espresso.output.symmetries.symmetry.fractional_translation =  2.500000000000000e-1 2.500000000000000e-1 2.500000000000000e-1
   qes:espresso.output.symmetries.symmetry.rotation =  
          0.000000000000000e0 0.000000000000000e0 -1.000000000000000e0
          0.000000000000000e0 -1.000000000000000e0 0.000000000000000e0
          -1.000000000000000e0 0.000000000000000e0 0.000000000000000e0
          
   qes:espresso.output.symmetries.symmetry.fractional_translation =  2.500000000000000e-1 2.500000000000000e-1 2.500000000000000e-1
   qes:espresso.output.symmetries.symmetry.rotation =  
          0.000000000000000e0 -1.000000000000000e0 0.000000000000000e0
          0.000000000000000e0 0.000000000000000e0 -1.000000000000000e0
          1.000000000000000e0 1.000000000000000e0 1.000000000000000e0
          
   qes:espresso.output.symmetries.symmetry.fractional_translation =  2.500000000000000e-1 2.500000000000000e-1 2.500000000000000e-1
   qes:espresso.output.symmetries.symmetry.rotation =  
          1.000000000000000e0 1.000000000000000e0 1.000000000000000e0
          -1.000000000000000e0 0.000000000000000e0 0.000000000000000e0
          0.000000000000000e0 -1.000000000000000e0 0.000000000000000e0
          
   qes:espresso.output.symmetries.symmetry.fractional_translation =  2.500000000000000e-1 2.500000000000000e-1 2.500000000000000e-1
   qes:espresso.output.symmetries.symmetry.rotation =  
          -1.000000000000000e0 -1.000000000000000e0 -1.000000000000000e0
          0.000000000000000e0 1.000000000000000e0 0.000000000000000e0
          1.000000000000000e0 0.000000000000000e0 0.000000000000000e0
          
   qes:espresso.output.symmetries.symmetry.fractional_translation =  0.000000000000000e0 0.000000000000000e0 0.000000000000000e0
   qes:espresso.output.symmetries.symmetry.rotation =  
          0.000000000000000e0 0.000000000000000e0 1.000000000000000e0
          1.000000000000000e0 0.000000000000000e0 0.000000000000000e0
          0.000000000000000e0 1.000000000000000e0 0.000000000000000e0
          
   qes:espresso.output.symmetries.symmetry.fractional_translation =  0.000000000000000e0 0.000000000000000e0 0.000000000000000e0
   qes:espresso.output.symmetries.symmetry.rotation =  
          1.000000000000000e0 0.000000000000000e0 0.000000000000000e0
          0.000000000000000e0 0.000000000000000e0 1.000000000000000e0
          -1.000000000000000e0 -1.000000000000000e0 -1.000000000000000e0
          
   qes:espresso.output.symmetries.symmetry.fractional_translation =  0.000000000000000e0 0.000000000000000e0 0.000000000000000e0
   qes:espresso.output.symmetries.symmetry.rotation =  
          0.000000000000000e0 1.000000000000000e0 0.000000000000000e0
          -1.000000000000000e0 -1.000000000000000e0 -1.000000000000000e0
          0.000000000000000e0 0.000000000000000e0 1.000000000000000e0
          
   qes:espresso.output.symmetries.symmetry.fractional_translation =  0.000000000000000e0 0.000000000000000e0 0.000000000000000e0
   qes:espresso.output.symmetries.symmetry.rotation =  
          0.000000000000000e0 0.000000000000000e0 1.000000000000000e0
          0.000000000000000e0 1.000000000000000e0 0.000000000000000e0
          -1.000000000000000e0 -1.000000000000000e0 -1.000000000000000e0
          
   qes:espresso.output.symmetries.symmetry.fractional_translation =  0.000000000000000e0 0.000000000000000e0 0.000000000000000e0
   qes:espresso.output.symmetries.symmetry.rotation =  
          -1.000000000000000e0 -1.000000000000000e0 -1.000000000000000e0
          1.000000000000000e0 0.000000000000000e0 0.000000000000000e0
          0.000000000000000e0 0.000000000000000e0 1.000000000000000e0
          
   qes:espresso.output.symmetries.symmetry.fractional_translation =  0.000000000000000e0 0.000000000000000e0 0.000000000000000e0
   qes:espresso.output.symmetries.symmetry.rotation =  
          0.000000000000000e0 1.000000000000000e0 0.000000000000000e0
          0.000000000000000e0 0.000000000000000e0 1.000000000000000e0
          1.000000000000000e0 0.000000000000000e0 0.000000000000000e0
          
   qes:espresso.output.symmetries.symmetry.fractional_translation =  0.000000000000000e0 0.000000000000000e0 0.000000000000000e0
   qes:espresso.output.symmetries.symmetry.rotation =  
          1.000000000000000e0 0.000000000000000e0 0.000000000000000e0
          -1.000000000000000e0 -1.000000000000000e0 -1.000000000000000e0
          0.000000000000000e0 1.000000000000000e0 0.000000000000000e0
          
   qes:espresso.output.symmetries.symmetry.fractional_translation =  0.000000000000000e0 0.000000000000000e0 0.000000000000000e0
   qes:espresso.output.symmetries.symmetry.rotation =  
          -1.000000000000000e0 0.000000000000000e0 0.000000000000000e0
          0.000000000000000e0 -1.000000000000000e0 0.000000000000000e0
          0.000000000000000e0 0.000000000000000e0 -1.000000000000000e0
          
   qes:espresso.output.symmetries.symmetry.fractional_translation =  2.500000000000000e-1 2.500000000000000e-1 2.500000000000000e-1
   qes:espresso.output.symmetries.symmetry.rotation =  
          0.000000000000000e0 -1.000000000000000e0 0.000000000000000e0
          -1.000000000000000e0 0.000000000000000e0 0.000000000000000e0
          1.000000000000000e0 1.000000000000000e0 1.000000000000000e0
          
   qes:espresso.output.symmetries.symmetry.fractional_translation =  2.500000000000000e-1 2.500000000000000e-1 2.500000000000000e-1
   qes:espresso.output.symmetries.symmetry.rotation =  
          1.000000000000000e0 1.000000000000000e0 1.000000000000000e0
          0.000000000000000e0 0.000000000000000e0 -1.000000000000000e0
          0.000000000000000e0 -1.000000000000000e0 0.000000000000000e0
          
   qes:espresso.output.symmetries.symmetry.fractional_translation =  2.500000000000000e-1 2.500000000000000e-1 2.500000000000000e-1
   qes:espresso.output.symmetries.symmetry.rotation =  
          0.000000000000000e0 0.000000000000000e0 -1.000000000000000e0
          1.000000000000000e0 1.000000000000000e0 1.000000000000000e0
          -1.000000000000000e0 0.000000000000000e0 0.000000000000000e0
          
   qes:espresso.output.symmetries.symmetry.fractional_translation =  2.500000000000000e-1 2.500000000000000e-1 2.500000000000000e-1
   qes:espresso.output.symmetries.symmetry.rotation =  
          0.000000000000000e0 1.000000000000000e0 0.000000000000000e0
          1.000000000000000e0 0.000000000000000e0 0.000000000000000e0
          0.000000000000000e0 0.000000000000000e0 1.000000000000000e0
          
   qes:espresso.output.symmetries.symmetry.fractional_translation =  0.000000000000000e0 0.000000000000000e0 0.000000000000000e0
   qes:espresso.output.symmetries.symmetry.rotation =  
          1.000000000000000e0 0.000000000000000e0 0.000000000000000e0
          0.000000000000000e0 1.000000000000000e0 0.000000000000000e0
          -1.000000000000000e0 -1.000000000000000e0 -1.000000000000000e0
          
   qes:espresso.output.symmetries.symmetry.fractional_translation =  0.000000000000000e0 0.000000000000000e0 0.000000000000000e0
   qes:espresso.output.symmetries.symmetry.rotation =  
          0.000000000000000e0 0.000000000000000e0 1.000000000000000e0
          -1.000000000000000e0 -1.000000000000000e0 -1.000000000000000e0
          0.000000000000000e0 1.000000000000000e0 0.000000000000000e0
          
   qes:espresso.output.symmetries.symmetry.fractional_translation =  0.000000000000000e0 0.000000000000000e0 0.000000000000000e0
   qes:espresso.output.symmetries.symmetry.rotation =  
          -1.000000000000000e0 -1.000000000000000e0 -1.000000000000000e0
          0.000000000000000e0 0.000000000000000e0 1.000000000000000e0
          1.000000000000000e0 0.000000000000000e0 0.000000000000000e0
          
   qes:espresso.output.symmetries.symmetry.fractional_translation =  0.000000000000000e0 0.000000000000000e0 0.000000000000000e0
   qes:espresso.output.symmetries.symmetry.rotation =  
          1.000000000000000e0 0.000000000000000e0 0.000000000000000e0
          0.000000000000000e0 0.000000000000000e0 1.000000000000000e0
          0.000000000000000e0 1.000000000000000e0 0.000000000000000e0
          
   qes:espresso.output.symmetries.symmetry.fractional_translation =  0.000000000000000e0 0.000000000000000e0 0.000000000000000e0
   qes:espresso.output.symmetries.symmetry.rotation =  
          -1.000000000000000e0 -1.000000000000000e0 -1.000000000000000e0
          0.000000000000000e0 1.000000000000000e0 0.000000000000000e0
          0.000000000000000e0 0.000000000000000e0 1.000000000000000e0
          
   qes:espresso.output.symmetries.symmetry.fractional_translation =  0.000000000000000e0 0.000000000000000e0 0.000000000000000e0
   qes:espresso.output.symmetries.symmetry.rotation =  
          0.000000000000000e0 1.000000000000000e0 0.000000000000000e0
          -1.000000000000000e0 -1.000000000000000e0 -1.000000000000000e0
          1.000000000000000e0 0.000000000000000e0 0.000000000000000e0
          
   qes:espresso.output.symmetries.symmetry.fractional_translation =  0.000000000000000e0 0.000000000000000e0 0.000000000000000e0
   qes:espresso.output.symmetries.symmetry.rotation =  
          0.000000000000000e0 0.000000000000000e0 1.000000000000000e0
          1.000000000000000e0 0.000000000000000e0 0.000000000000000e0
          -1.000000000000000e0 -1.000000000000000e0 -1.000000000000000e0
          
   qes:espresso.output.symmetries.symmetry.fractional_translation =  0.000000000000000e0 0.000000000000000e0 0.000000000000000e0
   qes:espresso.output.symmetries.symmetry.rotation =  
          1.000000000000000e0 0.000000000000000e0 0.000000000000000e0
          -1.000000000000000e0 -1.000000000000000e0 -1.000000000000000e0
          0.000000000000000e0 0.000000000000000e0 1.000000000000000e0
          
   qes:espresso.output.symmetries.symmetry.fractional_translation =  0.000000000000000e0 0.000000000000000e0 0.000000000000000e0
   qes:espresso.output.symmetries.symmetry.rotation =  
          0.000000000000000e0 0.000000000000000e0 1.000000000000000e0
          0.000000000000000e0 1.000000000000000e0 0.000000000000000e0
          1.000000000000000e0 0.000000000000000e0 0.000000000000000e0
          
   qes:espresso.output.symmetries.symmetry.fractional_translation =  0.000000000000000e0 0.000000000000000e0 0.000000000000000e0
   qes:espresso.output.symmetries.symmetry.rotation =  
          0.000000000000000e0 1.000000000000000e0 0.000000000000000e0
          0.000000000000000e0 0.000000000000000e0 1.000000000000000e0
          -1.000000000000000e0 -1.000000000000000e0 -1.000000000000000e0
          
   qes:espresso.output.symmetries.symmetry.fractional_translation =  0.000000000000000e0 0.000000000000000e0 0.000000000000000e0
   qes:espresso.output.symmetries.symmetry.rotation =  
          -1.000000000000000e0 -1.000000000000000e0 -1.000000000000000e0
          1.000000000000000e0 0.000000000000000e0 0.000000000000000e0
          0.000000000000000e0 1.000000000000000e0 0.000000000000000e0
          
   qes:espresso.output.symmetries.symmetry.fractional_translation =  0.000000000000000e0 0.000000000000000e0 0.000000000000000e0
   qes:espresso.output.symmetries.symmetry.rotation =  
          1.000000000000000e0 1.000000000000000e0 1.000000000000000e0
          0.000000000000000e0 -1.000000000000000e0 0.000000000000000e0
          -1.000000000000000e0 0.000000000000000e0 0.000000000000000e0
          
   qes:espresso.output.symmetries.symmetry.fractional_translation =  2.500000000000000e-1 2.500000000000000e-1 2.500000000000000e-1
   qes:espresso.output.symmetries.symmetry.rotation =  
          0.000000000000000e0 0.000000000000000e0 -1.000000000000000e0
          -1.000000000000000e0 0.000000000000000e0 0.000000000000000e0
          0.000000000000000e0 -1.000000000000000e0 0.000000000000000e0
          
   qes:espresso.output.symmetries.symmetry.fractional_translation =  2.500000000000000e-1 2.500000000000000e-1 2.500000000000000e-1
   qes:espresso.output.symmetries.symmetry.rotation =  
          -1.000000000000000e0 0.000000000000000e0 0.000000000000000e0
          0.000000000000000e0 0.000000000000000e0 -1.000000000000000e0
          1.000000000000000e0 1.000000000000000e0 1.000000000000000e0
          
   qes:espresso.output.symmetries.symmetry.fractional_translation =  2.500000000000000e-1 2.500000000000000e-1 2.500000000000000e-1
   qes:espresso.output.symmetries.symmetry.rotation =  
          0.000000000000000e0 -1.000000000000000e0 0.000000000000000e0
          1.000000000000000e0 1.000000000000000e0 1.000000000000000e0
          0.000000000000000e0 0.000000000000000e0 -1.000000000000000e0
          
   qes:espresso.output.symmetries.symmetry.fractional_translation =  2.500000000000000e-1 2.500000000000000e-1 2.500000000000000e-1
   qes:espresso.output.symmetries.symmetry.rotation =  
          0.000000000000000e0 0.000000000000000e0 -1.000000000000000e0
          0.000000000000000e0 -1.000000000000000e0 0.000000000000000e0
          1.000000000000000e0 1.000000000000000e0 1.000000000000000e0
          
   qes:espresso.output.symmetries.symmetry.fractional_translation =  2.500000000000000e-1 2.500000000000000e-1 2.500000000000000e-1
   qes:espresso.output.symmetries.symmetry.rotation =  
          1.000000000000000e0 1.000000000000000e0 1.000000000000000e0
          -1.000000000000000e0 0.000000000000000e0 0.000000000000000e0
          0.000000000000000e0 0.000000000000000e0 -1.000000000000000e0
          
   qes:espresso.output.symmetries.symmetry.fractional_translation =  2.500000000000000e-1 2.500000000000000e-1 2.500000000000000e-1
   qes:espresso.output.symmetries.symmetry.rotation =  
          0.000000000000000e0 -1.000000000000000e0 0.000000000000000e0
          0.000000000000000e0 0.000000000000000e0 -1.000000000000000e0
          -1.000000000000000e0 0.000000000000000e0 0.000000000000000e0
          
   qes:espresso.output.symmetries.symmetry.fractional_translation =  2.500000000000000e-1 2.500000000000000e-1 2.500000000000000e-1
   qes:espresso.output.symmetries.symmetry.rotation =  
          -1.000000000000000e0 0.000000000000000e0 0.000000000000000e0
          1.000000000000000e0 1.000000000000000e0 1.000000000000000e0
          0.000000000000000e0 -1.000000000000000e0 0.000000000000000e0
          
   qes:espresso.output.symmetries.symmetry.fractional_translation =  2.500000000000000e-1 2.500000000000000e-1 2.500000000000000e-1
  qes:espresso.input.symmetry_flags.no_t_rev =  true
  qes:espresso.input.symmetry_flags.noinv =  true
  qes:espresso.output.band_structure.nbnd_up =  6
  qes:espresso.output.band_structure.nbnd_dw =  6
  qes:espresso.output.band_structure.nks =  2
  Irreducible k-point: 0
   qes:espresso.output.band_structure.ks_energies.k_point =  0.000000000000000e0 0.000000000000000e0 0.000000000000000e0
   qes:espresso.output.band_structure.ks_energies.k_point.<xmlattr>.weight =  5.000000000000e-1
   qes:espresso.output.band_structure.ks_energies.npw =  169
   qes::espresso.output.band_structure_ks_energies.eigenvalues.<xmlattr>.size =  12
   qes:espresso.output.band_structure.ks_energies.eigenvalues =  
          -1.960463375652318e-1 2.481439599697013e-1 2.481439599698838e-1 2.481439599718333e-1 3.394812908249220e-1
          3.394812908275060e-1 -1.960463165499212e-1 2.481438922038454e-1 2.481438922039323e-1 2.481438922162971e-1
          3.394814059703028e-1 3.394814059767684e-1
          
  Irreducible k-point: 1
   qes:espresso.output.band_structure.ks_energies.k_point =  -1.000000000000000e-1 1.000000000000000e-1 -1.000000000000000e-1
   qes:espresso.output.band_structure.ks_energies.k_point.<xmlattr>.weight =  5.000000000000e-1
   qes:espresso.output.band_structure.ks_energies.npw =  172
   qes::espresso.output.band_structure_ks_energies.eigenvalues.<xmlattr>.size =  12
   qes:espresso.output.band_structure.ks_energies.eigenvalues =  
          -1.917351617584370e-1 2.052196969609212e-1 2.396506780081990e-1 2.396506780081995e-1 3.445582811355151e-1
          3.513748576462595e-1 -1.917351408449352e-1 2.052196735125085e-1 2.396506242139074e-1 2.396506242139091e-1
          3.445583811232131e-1 3.513749618814099e-1
          
  qes:espresso.output.band_structure.nelec =  8.000000000000000e0
  qes:espresso.output.basis_set.fft_grid.<xmlattr>.nr1 =  16
  qes:espresso.output.basis_set.fft_grid.<xmlattr>.nr2 =  16
  qes:espresso.output.basis_set.fft_grid.<xmlattr>.nr3 =  16
  qes:espresso.output.total_energy.ewald =  0.000000000000000e0
  qes:espresso.output.basis_set.gamma_only =  false
  qes:espresso.output.algorithmic_info.uspp =  false
  qes:espresso.output.algorithmic_info.paw =  false

 Read QE wave functions from ./example21/wfcup1.dat
 Read QE wave functions from ./example21/wfcup2.dat
 Read QE wave functions from ./example21/wfcdw1.dat
 Read QE wave functions from ./example21/wfcdw2.dat

 Bcast QE input variables

 Read_upf
  Species = 0
   UPF ver.2
   UPF.PP_HEADER.<xmlattr>.pseudo_type =  NC
   UPF.PP_HEADER.<xmlattr>.is_ultrasoft =  false
   UPF.PP_HEADER.<xmlattr>.is_paw =  false
   UPF.PP_HEADER.<xmlattr>.is_coulomb =  false
   UPF.PP_HEADER.<xmlattr>.core_correction =  false
   UPF.PP_HEADER.<xmlattr>.z_valence =  4.00000000000000
   Z_valence = 4
   UPF.PP_HEADER.<xmlattr>.element =  Si
   element_name = Si
   atomic number = 14
   UPF.PP_HEADER.<xmlattr>.mesh_size =  1141
   mesh_size = 1141
   UPF.PP_HEADER.<xmlattr>.number_of_proj =  2
   num. of projectors = 2
    angular momentum = 0
    angular momentum = 1
 set atomic_number & Z_valence
 set_upf
 Bcast upf variables

 Read Jastrow parameters from parameters.casl
  RPA-type Jastrow parameters in atomic unit
   A_up_up = 0.8194286124
   F_up_up = 1.280178591
   A_up_dn = A_dn_up = 0.6555428898
   F_up_dn = F_dn_up = 0.8096560318
   A_dn_dn = 0.4916571674
   F_dn_dn = 0.9916220726

 Dump jastrow.plt for plotting a Jastrow function using gnuplot (jastrow.plt)

 Time for initialization = 0 days 0 h 0 m 0 s
 Read SCF informations (tc_scfinfo.dat)
 Time for reading tc_scfinfo.dat = 0 days 0 h 0 m 0 s
 Read SCF wave functions (tc_wfc_scf.dat)
 Read SCF orbital energies (tc_energy_scf.dat)
 Time for reading SCF eigenvalues and eigenvectors calculated by TC++ = 0 days 0 h 0 m 0 s
 Time for setting potentials = 0 days 0 h 0 m 0 s

 Start BAND calculation!
  bloch_states.set_filling()
   Fermi energy: 6.981961516 eV

   Spin 0
   k-vector 0 0 0
   (band index, energy (eV), filling)
   0 -12.08729367 1
   1 4.721943101 0.8799152099
   2 4.726973412 0.8793911755
   3 4.735498497 0.8784993993
   4 12.5477052 0.001910371296
   5 12.54986388 0.001903559438

   k-vector    0    0 -0.5
   (band index, energy (eV), filling)
   0 -8.876509265 1
   1 -5.068197736 0.9999999998
   2 2.147583973 0.9940059311
   3 2.150293266 0.9939819687
   4 11.50732566 0.009339029739
   5 13.61413202 0.0002836012799

   k-vector    0 -0.5 -0.5
   (band index, energy (eV), filling)
   0 -6.374083688 1
   1 -6.373940673 1
   2 0.02597444923 0.9998498977
   3 0.02706518942 0.9998495689
   4 9.711845948 0.07798465322
   5 9.7134277 0.07786484991

   Spin 1
   k-vector 0 0 0
   (band index, energy (eV), filling)
   0 -12.31815335 1
   1 4.761038529 0.8758000477
   2 4.772555655 0.874569167
   3 4.776578622 0.8741372168
   4 12.93764525 0.0009832295662
   5 14.70078491 3.015686917e-05

   k-vector    0    0 -0.5
   (band index, energy (eV), filling)
   0 -9.096329573 1
   1 -5.232083627 0.9999999999
   2 1.996241592 0.9952171835
   3 2.003119314 0.9951672728
   4 11.93620392 0.005015066368
   5 14.0083356 0.0001302528043

   k-vector    0 -0.5 -0.5
   (band index, energy (eV), filling)
   0 -6.574558805 1
   1 -6.574089143 1
   2 -0.1337356464 0.9998914018
   3 -0.1330236501 0.9998912435
   4 10.16376974 0.0491013539
   5 10.16568766 0.04900011208

  bloch_states.set_density()
   num. of electrons (spin up) = (4.012338593,0) , num. of electrons (spin down) = (3.987661407,0)
   total magnetization = (0.02467718668,0)
   num. of electrons inside a sphere with a radius r around each atom
    Atom 0: 
    r (Bohr),  up,  down,  up - down,  up + down
    0.1  0.0001043933373  9.638540222e-05  8.007935122e-06  0.0002007787396
    0.2  0.0001043933373  9.638540222e-05  8.007935122e-06  0.0002007787396
    0.3  0.0001043933373  9.638540222e-05  8.007935122e-06  0.0002007787396
    0.4  0.0001043933373  9.638540222e-05  8.007935122e-06  0.0002007787396
    0.5  0.005568058268  0.005400357131  0.0001677011374  0.0109684154
    0.6  0.005568058268  0.005400357131  0.0001677011374  0.0109684154
    0.7  0.01017978682  0.009909590286  0.0002701965288  0.0200893771
    0.8  0.03581878028  0.03509473297  0.0007240473055  0.07091351325
    0.9  0.03581878028  0.03509473297  0.0007240473055  0.07091351325
    1  0.05162211875  0.05065950668  0.0009626120738  0.1022816254
    1.1  0.08745908546  0.0859968223  0.001462263159  0.1734559078
    1.2  0.1898415998  0.1873399348  0.002501664938  0.3771815346
    1.3  0.2007993043  0.1981793295  0.002619974811  0.3989786338
    1.4  0.2713454506  0.2681191575  0.003226293074  0.539464608
    1.5  0.3193647094  0.3157721284  0.003592580984  0.6351368378
    1.6  0.4234617417  0.4193431341  0.00411860764  0.8428048758
    1.7  0.5701078874  0.565245759  0.004862128372  1.135353646
    1.8  0.6627761796  0.6575170911  0.005259088509  1.320293271
    1.9  0.7847734743  0.7792962502  0.005477224021  1.564069724
    2  0.9764505641  0.970674915  0.005775649076  1.947125479
    2.1  1.098949629  1.093055196  0.005894433407  2.192004825
    2.2  1.210249004  1.204263996  0.005985007935  2.414513
    2.3  1.365894441  1.360014156  0.005880284636  2.725908597
    2.4  1.606905874  1.601145532  0.005760341291  3.208051406
    2.5  1.633378747  1.627594555  0.005784192381  3.260973302
    2.6  1.757180897  1.751455004  0.005725892654  3.508635901
    2.7  2.006482289  2.000742309  0.005739980002  4.007224598
    2.8  2.194574342  2.188670643  0.005903699005  4.383244985
    2.9  2.269075523  2.26309082  0.005984703226  4.532166343
    3  2.457628428  2.451010954  0.006617474203  4.908639382
    3.1  2.611396808  2.604217531  0.007179276352  5.215614339
    3.2  2.818086601  2.80981813  0.008268471131  5.62790473
    3.3  2.926899785  2.917916424  0.008983361421  5.844816209
    3.4  3.10794522  3.09728069  0.01066452945  6.20522591
    3.5  3.310401401  3.297938698  0.01246270266  6.608340099
    3.6  3.518401271  3.503415073  0.01498619803  7.021816345
    3.7  3.592143995  3.576449322  0.01569467292  7.168593318
    3.8  3.819180649  3.800278212  0.01890243689  7.619458861
    3.9  4.006160286  3.984597718  0.02156256759  7.990758004
    4  4.194045357  4.16975358  0.02429177717  8.363798937
    Atom 1: 
    r (Bohr),  up,  down,  up - down,  up + down
    0.1  0.0001043934185  9.638315952e-05  8.010258966e-06  0.000200776578
    0.2  0.0001043934185  9.638315952e-05  8.010258966e-06  0.000200776578
    0.3  0.0001043934185  9.638315952e-05  8.010258966e-06  0.000200776578
    0.4  0.0001043934185  9.638315952e-05  8.010258966e-06  0.000200776578
    0.5  0.005568059546  0.005400326611  0.0001677329345  0.01096838616
    0.6  0.005568059546  0.005400326611  0.0001677329345  0.01096838616
    0.7  0.0101797889  0.009909548202  0.000270240698  0.0200893371
    0.8  0.03581878621  0.03509466557  0.0007241206327  0.07091345178
    0.9  0.03581878621  0.03509466557  0.0007241206327  0.07091345178
    1  0.05162212705  0.05065943748  0.0009626895605  0.1022815645
    1.1  0.08745909984  0.0859967635  0.001462336345  0.1734558633
    1.2  0.1898416304  0.1873399909  0.0025016395  0.3771816212
    1.3  0.2007993373  0.198179395  0.002619942304  0.3989787322
    1.4  0.2713454972  0.2681193087  0.003226188475  0.5394648059
    1.5  0.3193647657  0.3157723399  0.003592425801  0.6351371056
    1.6  0.4234618156  0.4193434944  0.004118321179  0.84280531
    1.7  0.5701079922  0.5652462805  0.004861711718  1.135354273
    1.8  0.6627763062  0.657517682  0.005258624159  1.320293988
    1.9  0.7847736235  0.7792969315  0.005476691933  1.564070555
    2  0.9764507526  0.970675644  0.005775108599  1.947126397
    2.1  1.098949843  1.09305593  0.005893912835  2.192005774
    2.2  1.210249243  1.204264693  0.005984550133  2.414513935
    2.3  1.365894703  1.360014725  0.005879978528  2.725909428
    2.4  1.606906172  1.601145884  0.005760287557  3.208052056
    2.5  1.633379051  1.627594883  0.005784168603  3.260973934
    2.6  1.757181213  1.751455211  0.005726002285  3.508636424
    2.7  2.006482623  2.000742102  0.005740521245  4.007224724
    2.8  2.194574679  2.188670222  0.005904456132  4.383244901
    2.9  2.269075856  2.263090336  0.005985519779  4.532166192
    3  2.457628756  2.451010283  0.006618473245  4.908639038
    3.1  2.611397123  2.604216646  0.007180476628  5.215613769
    3.2  2.818086885  2.809817088  0.008269797446  5.627903973
    3.3  2.92690005  2.917915412  0.008984637656  5.844815462
    3.4  3.107945454  3.09727969  0.01066576487  6.205225144
    3.5  3.310401587  3.297937712  0.0124638751  6.6083393
    3.6  3.518401405  3.503414207  0.01498719874  7.021815612
    3.7  3.592144105  3.576448574  0.0156955306  7.168592679
    3.8  3.819180697  3.800277768  0.01890292867  7.619458465
    3.9  4.006160284  3.984597357  0.02156292745  7.990757641
    4  4.1940453  4.16975343  0.02429186942  8.36379873

 Time for preparation for BAND calc. (set filling and density) = 0 days 0 h 0 m 0 s
   Print band energies
   Spin 0
   k-vector 0 0 0
   (band index, energy (eV))
   0 -5.334692379
   1 6.752340843
   2 6.752340843
   3 6.752340843
   4 9.237756122
   5 9.237756122

   k-vector   0   0 0.1
   (band index, energy (eV))
   0 -5.217379314
   1 5.584312194
   2 6.521226877
   3 6.521226877
   4 9.37590806
   5 9.561396548

   Spin 1
   k-vector 0 0 0
   (band index, energy (eV))
   0 -5.334691807
   1 6.752338999
   2 6.752338999
   3 6.752338999
   4 9.237759255
   5 9.237759255

   k-vector   0   0 0.1
   (band index, energy (eV))
   0 -5.217378745
   1 5.584311556
   2 6.521225413
   3 6.521225413
   4 9.375910781
   5 9.561399385

 Iteration 1
  calc_hamiltonian
  cf. dimension of subspace (up, ik=0) = 6
 Time for calculating the one-body terms = 0 days 0 h 0 m 0 s
 Time for calculating the tc-2body Hartree term = 0 days 0 h 0 m 0 s
 Time for calculating the tc-2body exchange term = 0 days 0 h 0 m 0 s
 Time for calculating the tc-3body term (3a1) = 0 days 0 h 0 m 0 s
 Time for calculating the tc-3body term (3b1) = 0 days 0 h 0 m 0 s
 Time for calculating the tc-3body term (3a2a4b2b5) = 0 days 0 h 0 m 1 s
 Time for calculating the tc-3body term (3a3b3b4b6) = 0 days 0 h 0 m 1 s
 Time for Reduce() Hamiltonian*phi = 0 days 0 h 0 m 0 s
 Time for preparation for the next loop (preconditioning & Gram-Schmidt) = 0 days 0 h 0 m 0 s
 Time for preparation for the next loop (Bcast) = 0 days 0 h 0 m 0 s
  calc_hamiltonian
  cf. dimension of subspace (up, ik=0) = 6
 Time for calculating the one-body terms = 0 days 0 h 0 m 0 s
 Time for calculating the tc-2body Hartree term = 0 days 0 h 0 m 0 s
 Time for calculating the tc-2body exchange term = 0 days 0 h 0 m 0 s
 Time for calculating the tc-3body term (3a1) = 0 days 0 h 0 m 0 s
 Time for calculating the tc-3body term (3b1) = 0 days 0 h 0 m 0 s
 Time for calculating the tc-3body term (3a2a4b2b5) = 0 days 0 h 0 m 1 s
 Time for calculating the tc-3body term (3a3b3b4b6) = 0 days 0 h 0 m 1 s
 Time for Reduce() Hamiltonian*phi = 0 days 0 h 0 m 0 s
  diagonalize subspace Hamiltonian
 Time for diagonalizing subspace Hamiltonian = 0 days 0 h 0 m 0 s
 Time for diagonalizing subspace Hamiltonian (Bcast) = 0 days 0 h 0 m 0 s
 Time for diagonalization = 0 days 0 h 0 m 0 s
 Dump BAND wave functions (tc_wfc_band.dat)
 Dump BAND orbital energies (tc_energy_band.dat)
 Time for dumping wave functions etc. = 0 days 0 h 0 m 0 s
 Dump BAND eigenvalues (tc_bandplot_up.dat)
 Dump BAND eigenvalues (tc_bandplot_dn.dat)
 Time for dumping tc_bandplot.dat = 0 days 0 h 0 m 0 s

   Print band energies
   Spin 0
   k-vector 0 0 0
   (band index, energy (eV))
   0 -11.80070847
   1 5.888762968
   2 5.889191914
   3 5.889435038
   4 12.25871788
   5 12.25929178

   k-vector   0   0 0.1
   (band index, energy (eV))
   0 -11.76172141
   1 2.137442721
   2 2.148620101
   3 2.458191519
   4 13.58607569
   5 13.75356234

   Spin 1
   k-vector 0 0 0
   (band index, energy (eV))
   0 -12.04367353
   1 5.886746716
   2 5.887092508
   3 5.887261605
   4 12.5886616
   5 12.58906231

   k-vector   0   0 0.1
   (band index, energy (eV))
   0 -11.91466968
   1 1.891293045
   2 1.906166894
   3 2.276785369
   4 14.11379705
   5 14.22617859

   mean absolute energy difference from the previous loop = 0.1325837663 Ht.
 Iteration 2
  calc_hamiltonian
  cf. dimension of subspace (up, ik=0) = 6
 Time for calculating the one-body terms = 0 days 0 h 0 m 0 s
 Time for calculating the tc-2body Hartree term = 0 days 0 h 0 m 0 s
 Time for calculating the tc-2body exchange term = 0 days 0 h 0 m 0 s
 Time for calculating the tc-3body term (3a1) = 0 days 0 h 0 m 0 s
 Time for calculating the tc-3body term (3b1) = 0 days 0 h 0 m 0 s
 Time for calculating the tc-3body term (3a2a4b2b5) = 0 days 0 h 0 m 1 s
 Time for calculating the tc-3body term (3a3b3b4b6) = 0 days 0 h 0 m 1 s
 Time for Reduce() Hamiltonian*phi = 0 days 0 h 0 m 0 s
 Time for preparation for the next loop (preconditioning & Gram-Schmidt) = 0 days 0 h 0 m 0 s
 Time for preparation for the next loop (Bcast) = 0 days 0 h 0 m 0 s
  calc_hamiltonian
  cf. dimension of subspace (up, ik=0) = 6
 Time for calculating the one-body terms = 0 days 0 h 0 m 0 s
 Time for calculating the tc-2body Hartree term = 0 days 0 h 0 m 0 s
 Time for calculating the tc-2body exchange term = 0 days 0 h 0 m 0 s
 Time for calculating the tc-3body term (3a1) = 0 days 0 h 0 m 0 s
 Time for calculating the tc-3body term (3b1) = 0 days 0 h 0 m 0 s
 Time for calculating the tc-3body term (3a2a4b2b5) = 0 days 0 h 0 m 1 s
 Time for calculating the tc-3body term (3a3b3b4b6) = 0 days 0 h 0 m 1 s
 Time for Reduce() Hamiltonian*phi = 0 days 0 h 0 m 0 s
  diagonalize subspace Hamiltonian
 Time for diagonalizing subspace Hamiltonian = 0 days 0 h 0 m 0 s
 Time for diagonalizing subspace Hamiltonian (Bcast) = 0 days 0 h 0 m 0 s
 Time for diagonalization = 0 days 0 h 0 m 0 s
 Dump BAND wave functions (tc_wfc_band.dat)
 Dump BAND orbital energies (tc_energy_band.dat)
 Time for dumping wave functions etc. = 0 days 0 h 0 m 0 s
 Dump BAND eigenvalues (tc_bandplot_up.dat)
 Dump BAND eigenvalues (tc_bandplot_dn.dat)
 Time for dumping tc_bandplot.dat = 0 days 0 h 0 m 0 s

   Print band energies
   Spin 0
   k-vector 0 0 0
   (band index, energy (eV))
   0 -11.77408965
   1 5.071996548
   2 5.072791781
   3 5.073242425
   4 12.84596248
   5 12.84655116

   k-vector   0   0 0.1
   (band index, energy (eV))
   0 -11.74840772
   1 4.428730511
   2 4.880114485
   3 4.905862844
   4 12.59066512
   5 13.01416633

   Spin 1
   k-vector 0 0 0
   (band index, energy (eV))
   0 -12.02165813
   1 4.992294769
   2 4.992964279
   3 4.993289927
   4 13.23638437
   5 13.23679408

   k-vector   0   0 0.1
   (band index, energy (eV))
   0 -11.90466385
   1 4.465234125
   2 4.943822284
   3 4.975619088
   4 13.03090122
   5 13.41511391

 CAUTION!! convergence is not achieved...
 Total time = 0 days 0 h 0 m 20 s
