TC++ ver.1.3.0
Num. of MPI processes = 1
Num. of OpenMP threads = 1

 Read TC input (input.in)
  WARNING: reads_binary = false was set. This option should not be specified unless you perform test calculations in test folder.
  calc_method = HF
  calc_mode = BAND
  qe_save_dir = ./example6
  pseudo_dir = ./example6
  smearing_mode = fixed
  smearing_width = 0.01
  restarts = false
  includes_div_correction = true
  energy_tolerance = 1e-06
  charge_tolerance = 1e-05
  force_tolerance = 0.01
  max_num_iterations = 2
  max_num_ionic_steps = 0
  mixes_density_matrix = false
  mixing_beta = 0.7
  num_refresh_david = 1
  max_num_blocks_david = 2
  biortho_david = false
  dumps_pwfn = false
  reads_crystal_structure = false
  is_heg = false
  reads_binary = 0

 Bcast TC input (input.in)

 Read QE information from ./example6/data-file-schema.xml
  qes:espresso.input.control_variables.calculation =  bands
  qes:espresso.output.atomic_structure.cell.a1 =  -5.130000000000000e0 0.000000000000000e0 5.130000000000000e0
  qes:espresso.output.atomic_structure.cell.a2 =  0.000000000000000e0 5.130000000000000e0 5.130000000000000e0
  qes:espresso.output.atomic_structure.cell.a3 =  -5.130000000000000e0 5.130000000000000e0 0.000000000000000e0
  qes:espresso.output.basis_set.reciprocal_lattice.b1 =  -1.000000000000000e0 -1.000000000000000e0 1.000000000000000e0
  qes:espresso.output.basis_set.reciprocal_lattice.b2 =  1.000000000000000e0 1.000000000000000e0 1.000000000000000e0
  qes:espresso.output.basis_set.reciprocal_lattice.b3 =  -1.000000000000000e0 1.000000000000000e0 -1.000000000000000e0
  qes:espresso.output.atomic_structure.<xmlattr>.alat =  1.026000000000e1
  qes:espresso.output.atomic_species.<xmlattr>.ntyp =  1
  Species: 0
   qes:espresso.output.atomic_species.species.<xmlattr>.name =  Si
   qes:espresso.output.atomic_species.species.pseudo_file =  Si_test.upf
  qes:espresso.output.atomic_structure.<xmlattr>.nat =  2
  Atom: 0
   qes:espresso.output.atomic_structure.atomic_positions.atom.<xmlattr>.name =  Si
   qes.espresso.output.atomic_structure.atomic_positions.atom = 0 0 0
  Atom: 1
   qes:espresso.output.atomic_structure.atomic_positions.atom.<xmlattr>.name =  Si
   qes.espresso.output.atomic_structure.atomic_positions.atom = 2.565 2.565 2.565

   Atomic coordinates (in Bohr, cartesian)
    Atom 0 ( 0 , 0 , 0 )
    Atom 1 ( 2.565 , 2.565 , 2.565 )

   Atomic coordinates (crystal coordinate)
    Atom 0 ( 0 , 0 , 0 )
    Atom 1 ( -0.25 , 0.75 , -0.25 )

  qes:espresso.output.magnetization.noncolin =  false
  qes:espresso.output.magnetization.lsda =  false
  qes:espresso.output.symmetries.nsym =  48
   qes:espresso.output.symmetries.symmetry.rotation =  
          1.000000000000000e0 0.000000000000000e0 0.000000000000000e0
          0.000000000000000e0 1.000000000000000e0 0.000000000000000e0
          0.000000000000000e0 0.000000000000000e0 1.000000000000000e0
          
   qes:espresso.output.symmetries.symmetry.fractional_translation =  0.000000000000000e0 0.000000000000000e0 0.000000000000000e0
   qes:espresso.output.symmetries.symmetry.rotation =  
          0.000000000000000e0 1.000000000000000e0 0.000000000000000e0
          1.000000000000000e0 0.000000000000000e0 0.000000000000000e0
          -1.000000000000000e0 -1.000000000000000e0 -1.000000000000000e0
          
   qes:espresso.output.symmetries.symmetry.fractional_translation =  0.000000000000000e0 0.000000000000000e0 0.000000000000000e0
   qes:espresso.output.symmetries.symmetry.rotation =  
          -1.000000000000000e0 -1.000000000000000e0 -1.000000000000000e0
          0.000000000000000e0 0.000000000000000e0 1.000000000000000e0
          0.000000000000000e0 1.000000000000000e0 0.000000000000000e0
          
   qes:espresso.output.symmetries.symmetry.fractional_translation =  0.000000000000000e0 0.000000000000000e0 0.000000000000000e0
   qes:espresso.output.symmetries.symmetry.rotation =  
          0.000000000000000e0 0.000000000000000e0 1.000000000000000e0
          -1.000000000000000e0 -1.000000000000000e0 -1.000000000000000e0
          1.000000000000000e0 0.000000000000000e0 0.000000000000000e0
          
   qes:espresso.output.symmetries.symmetry.fractional_translation =  0.000000000000000e0 0.000000000000000e0 0.000000000000000e0
   qes:espresso.output.symmetries.symmetry.rotation =  
          0.000000000000000e0 -1.000000000000000e0 0.000000000000000e0
          -1.000000000000000e0 0.000000000000000e0 0.000000000000000e0
          0.000000000000000e0 0.000000000000000e0 -1.000000000000000e0
          
   qes:espresso.output.symmetries.symmetry.fractional_translation =  2.500000000000000e-1 2.500000000000000e-1 2.500000000000000e-1
   qes:espresso.output.symmetries.symmetry.rotation =  
          -1.000000000000000e0 0.000000000000000e0 0.000000000000000e0
          0.000000000000000e0 -1.000000000000000e0 0.000000000000000e0
          1.000000000000000e0 1.000000000000000e0 1.000000000000000e0
          
   qes:espresso.output.symmetries.symmetry.fractional_translation =  2.500000000000000e-1 2.500000000000000e-1 2.500000000000000e-1
   qes:espresso.output.symmetries.symmetry.rotation =  
          0.000000000000000e0 0.000000000000000e0 -1.000000000000000e0
          1.000000000000000e0 1.000000000000000e0 1.000000000000000e0
          0.000000000000000e0 -1.000000000000000e0 0.000000000000000e0
          
   qes:espresso.output.symmetries.symmetry.fractional_translation =  2.500000000000000e-1 2.500000000000000e-1 2.500000000000000e-1
   qes:espresso.output.symmetries.symmetry.rotation =  
          1.000000000000000e0 1.000000000000000e0 1.000000000000000e0
          0.000000000000000e0 0.000000000000000e0 -1.000000000000000e0
          -1.000000000000000e0 0.000000000000000e0 0.000000000000000e0
          
   qes:espresso.output.symmetries.symmetry.fractional_translation =  2.500000000000000e-1 2.500000000000000e-1 2.500000000000000e-1
   qes:espresso.output.symmetries.symmetry.rotation =  
          -1.000000000000000e0 0.000000000000000e0 0.000000000000000e0
          0.000000000000000e0 0.000000000000000e0 -1.000000000000000e0
          0.000000000000000e0 -1.000000000000000e0 0.000000000000000e0
          
   qes:espresso.output.symmetries.symmetry.fractional_translation =  2.500000000000000e-1 2.500000000000000e-1 2.500000000000000e-1
   qes:espresso.output.symmetries.symmetry.rotation =  
          1.000000000000000e0 1.000000000000000e0 1.000000000000000e0
          0.000000000000000e0 -1.000000000000000e0 0.000000000000000e0
          0.000000000000000e0 0.000000000000000e0 -1.000000000000000e0
          
   qes:espresso.output.symmetries.symmetry.fractional_translation =  2.500000000000000e-1 2.500000000000000e-1 2.500000000000000e-1
   qes:espresso.output.symmetries.symmetry.rotation =  
          0.000000000000000e0 -1.000000000000000e0 0.000000000000000e0
          1.000000000000000e0 1.000000000000000e0 1.000000000000000e0
          -1.000000000000000e0 0.000000000000000e0 0.000000000000000e0
          
   qes:espresso.output.symmetries.symmetry.fractional_translation =  2.500000000000000e-1 2.500000000000000e-1 2.500000000000000e-1
   qes:espresso.output.symmetries.symmetry.rotation =  
          0.000000000000000e0 0.000000000000000e0 -1.000000000000000e0
          -1.000000000000000e0 0.000000000000000e0 0.000000000000000e0
          1.000000000000000e0 1.000000000000000e0 1.000000000000000e0
          
   qes:espresso.output.symmetries.symmetry.fractional_translation =  2.500000000000000e-1 2.500000000000000e-1 2.500000000000000e-1
   qes:espresso.output.symmetries.symmetry.rotation =  
          -1.000000000000000e0 0.000000000000000e0 0.000000000000000e0
          1.000000000000000e0 1.000000000000000e0 1.000000000000000e0
          0.000000000000000e0 0.000000000000000e0 -1.000000000000000e0
          
   qes:espresso.output.symmetries.symmetry.fractional_translation =  2.500000000000000e-1 2.500000000000000e-1 2.500000000000000e-1
   qes:espresso.output.symmetries.symmetry.rotation =  
          0.000000000000000e0 0.000000000000000e0 -1.000000000000000e0
          0.000000000000000e0 -1.000000000000000e0 0.000000000000000e0
          -1.000000000000000e0 0.000000000000000e0 0.000000000000000e0
          
   qes:espresso.output.symmetries.symmetry.fractional_translation =  2.500000000000000e-1 2.500000000000000e-1 2.500000000000000e-1
   qes:espresso.output.symmetries.symmetry.rotation =  
          0.000000000000000e0 -1.000000000000000e0 0.000000000000000e0
          0.000000000000000e0 0.000000000000000e0 -1.000000000000000e0
          1.000000000000000e0 1.000000000000000e0 1.000000000000000e0
          
   qes:espresso.output.symmetries.symmetry.fractional_translation =  2.500000000000000e-1 2.500000000000000e-1 2.500000000000000e-1
   qes:espresso.output.symmetries.symmetry.rotation =  
          1.000000000000000e0 1.000000000000000e0 1.000000000000000e0
          -1.000000000000000e0 0.000000000000000e0 0.000000000000000e0
          0.000000000000000e0 -1.000000000000000e0 0.000000000000000e0
          
   qes:espresso.output.symmetries.symmetry.fractional_translation =  2.500000000000000e-1 2.500000000000000e-1 2.500000000000000e-1
   qes:espresso.output.symmetries.symmetry.rotation =  
          -1.000000000000000e0 -1.000000000000000e0 -1.000000000000000e0
          0.000000000000000e0 1.000000000000000e0 0.000000000000000e0
          1.000000000000000e0 0.000000000000000e0 0.000000000000000e0
          
   qes:espresso.output.symmetries.symmetry.fractional_translation =  0.000000000000000e0 0.000000000000000e0 0.000000000000000e0
   qes:espresso.output.symmetries.symmetry.rotation =  
          0.000000000000000e0 0.000000000000000e0 1.000000000000000e0
          1.000000000000000e0 0.000000000000000e0 0.000000000000000e0
          0.000000000000000e0 1.000000000000000e0 0.000000000000000e0
          
   qes:espresso.output.symmetries.symmetry.fractional_translation =  0.000000000000000e0 0.000000000000000e0 0.000000000000000e0
   qes:espresso.output.symmetries.symmetry.rotation =  
          1.000000000000000e0 0.000000000000000e0 0.000000000000000e0
          0.000000000000000e0 0.000000000000000e0 1.000000000000000e0
          -1.000000000000000e0 -1.000000000000000e0 -1.000000000000000e0
          
   qes:espresso.output.symmetries.symmetry.fractional_translation =  0.000000000000000e0 0.000000000000000e0 0.000000000000000e0
   qes:espresso.output.symmetries.symmetry.rotation =  
          0.000000000000000e0 1.000000000000000e0 0.000000000000000e0
          -1.000000000000000e0 -1.000000000000000e0 -1.000000000000000e0
          0.000000000000000e0 0.000000000000000e0 1.000000000000000e0
          
   qes:espresso.output.symmetries.symmetry.fractional_translation =  0.000000000000000e0 0.000000000000000e0 0.000000000000000e0
   qes:espresso.output.symmetries.symmetry.rotation =  
          0.000000000000000e0 0.000000000000000e0 1.000000000000000e0
          0.000000000000000e0 1.000000000000000e0 0.000000000000000e0
          -1.000000000000000e0 -1.000000000000000e0 -1.000000000000000e0
          
   qes:espresso.output.symmetries.symmetry.fractional_translation =  0.000000000000000e0 0.000000000000000e0 0.000000000000000e0
   qes:espresso.output.symmetries.symmetry.rotation =  
          -1.000000000000000e0 -1.000000000000000e0 -1.000000000000000e0
          1.000000000000000e0 0.000000000000000e0 0.000000000000000e0
          0.000000000000000e0 0.000000000000000e0 1.000000000000000e0
          
   qes:espresso.output.symmetries.symmetry.fractional_translation =  0.000000000000000e0 0.000000000000000e0 0.000000000000000e0
   qes:espresso.output.symmetries.symmetry.rotation =  
          0.000000000000000e0 1.000000000000000e0 0.000000000000000e0
          0.000000000000000e0 0.000000000000000e0 1.000000000000000e0
          1.000000000000000e0 0.000000000000000e0 0.000000000000000e0
          
   qes:espresso.output.symmetries.symmetry.fractional_translation =  0.000000000000000e0 0.000000000000000e0 0.000000000000000e0
   qes:espresso.output.symmetries.symmetry.rotation =  
          1.000000000000000e0 0.000000000000000e0 0.000000000000000e0
          -1.000000000000000e0 -1.000000000000000e0 -1.000000000000000e0
          0.000000000000000e0 1.000000000000000e0 0.000000000000000e0
          
   qes:espresso.output.symmetries.symmetry.fractional_translation =  0.000000000000000e0 0.000000000000000e0 0.000000000000000e0
   qes:espresso.output.symmetries.symmetry.rotation =  
          -1.000000000000000e0 0.000000000000000e0 0.000000000000000e0
          0.000000000000000e0 -1.000000000000000e0 0.000000000000000e0
          0.000000000000000e0 0.000000000000000e0 -1.000000000000000e0
          
   qes:espresso.output.symmetries.symmetry.fractional_translation =  2.500000000000000e-1 2.500000000000000e-1 2.500000000000000e-1
   qes:espresso.output.symmetries.symmetry.rotation =  
          0.000000000000000e0 -1.000000000000000e0 0.000000000000000e0
          -1.000000000000000e0 0.000000000000000e0 0.000000000000000e0
          1.000000000000000e0 1.000000000000000e0 1.000000000000000e0
          
   qes:espresso.output.symmetries.symmetry.fractional_translation =  2.500000000000000e-1 2.500000000000000e-1 2.500000000000000e-1
   qes:espresso.output.symmetries.symmetry.rotation =  
          1.000000000000000e0 1.000000000000000e0 1.000000000000000e0
          0.000000000000000e0 0.000000000000000e0 -1.000000000000000e0
          0.000000000000000e0 -1.000000000000000e0 0.000000000000000e0
          
   qes:espresso.output.symmetries.symmetry.fractional_translation =  2.500000000000000e-1 2.500000000000000e-1 2.500000000000000e-1
   qes:espresso.output.symmetries.symmetry.rotation =  
          0.000000000000000e0 0.000000000000000e0 -1.000000000000000e0
          1.000000000000000e0 1.000000000000000e0 1.000000000000000e0
          -1.000000000000000e0 0.000000000000000e0 0.000000000000000e0
          
   qes:espresso.output.symmetries.symmetry.fractional_translation =  2.500000000000000e-1 2.500000000000000e-1 2.500000000000000e-1
   qes:espresso.output.symmetries.symmetry.rotation =  
          0.000000000000000e0 1.000000000000000e0 0.000000000000000e0
          1.000000000000000e0 0.000000000000000e0 0.000000000000000e0
          0.000000000000000e0 0.000000000000000e0 1.000000000000000e0
          
   qes:espresso.output.symmetries.symmetry.fractional_translation =  0.000000000000000e0 0.000000000000000e0 0.000000000000000e0
   qes:espresso.output.symmetries.symmetry.rotation =  
          1.000000000000000e0 0.000000000000000e0 0.000000000000000e0
          0.000000000000000e0 1.000000000000000e0 0.000000000000000e0
          -1.000000000000000e0 -1.000000000000000e0 -1.000000000000000e0
          
   qes:espresso.output.symmetries.symmetry.fractional_translation =  0.000000000000000e0 0.000000000000000e0 0.000000000000000e0
   qes:espresso.output.symmetries.symmetry.rotation =  
          0.000000000000000e0 0.000000000000000e0 1.000000000000000e0
          -1.000000000000000e0 -1.000000000000000e0 -1.000000000000000e0
          0.000000000000000e0 1.000000000000000e0 0.000000000000000e0
          
   qes:espresso.output.symmetries.symmetry.fractional_translation =  0.000000000000000e0 0.000000000000000e0 0.000000000000000e0
   qes:espresso.output.symmetries.symmetry.rotation =  
          -1.000000000000000e0 -1.000000000000000e0 -1.000000000000000e0
          0.000000000000000e0 0.000000000000000e0 1.000000000000000e0
          1.000000000000000e0 0.000000000000000e0 0.000000000000000e0
          
   qes:espresso.output.symmetries.symmetry.fractional_translation =  0.000000000000000e0 0.000000000000000e0 0.000000000000000e0
   qes:espresso.output.symmetries.symmetry.rotation =  
          1.000000000000000e0 0.000000000000000e0 0.000000000000000e0
          0.000000000000000e0 0.000000000000000e0 1.000000000000000e0
          0.000000000000000e0 1.000000000000000e0 0.000000000000000e0
          
   qes:espresso.output.symmetries.symmetry.fractional_translation =  0.000000000000000e0 0.000000000000000e0 0.000000000000000e0
   qes:espresso.output.symmetries.symmetry.rotation =  
          -1.000000000000000e0 -1.000000000000000e0 -1.000000000000000e0
          0.000000000000000e0 1.000000000000000e0 0.000000000000000e0
          0.000000000000000e0 0.000000000000000e0 1.000000000000000e0
          
   qes:espresso.output.symmetries.symmetry.fractional_translation =  0.000000000000000e0 0.000000000000000e0 0.000000000000000e0
   qes:espresso.output.symmetries.symmetry.rotation =  
          0.000000000000000e0 1.000000000000000e0 0.000000000000000e0
          -1.000000000000000e0 -1.000000000000000e0 -1.000000000000000e0
          1.000000000000000e0 0.000000000000000e0 0.000000000000000e0
          
   qes:espresso.output.symmetries.symmetry.fractional_translation =  0.000000000000000e0 0.000000000000000e0 0.000000000000000e0
   qes:espresso.output.symmetries.symmetry.rotation =  
          0.000000000000000e0 0.000000000000000e0 1.000000000000000e0
          1.000000000000000e0 0.000000000000000e0 0.000000000000000e0
          -1.000000000000000e0 -1.000000000000000e0 -1.000000000000000e0
          
   qes:espresso.output.symmetries.symmetry.fractional_translation =  0.000000000000000e0 0.000000000000000e0 0.000000000000000e0
   qes:espresso.output.symmetries.symmetry.rotation =  
          1.000000000000000e0 0.000000000000000e0 0.000000000000000e0
          -1.000000000000000e0 -1.000000000000000e0 -1.000000000000000e0
          0.000000000000000e0 0.000000000000000e0 1.000000000000000e0
          
   qes:espresso.output.symmetries.symmetry.fractional_translation =  0.000000000000000e0 0.000000000000000e0 0.000000000000000e0
   qes:espresso.output.symmetries.symmetry.rotation =  
          0.000000000000000e0 0.000000000000000e0 1.000000000000000e0
          0.000000000000000e0 1.000000000000000e0 0.000000000000000e0
          1.000000000000000e0 0.000000000000000e0 0.000000000000000e0
          
   qes:espresso.output.symmetries.symmetry.fractional_translation =  0.000000000000000e0 0.000000000000000e0 0.000000000000000e0
   qes:espresso.output.symmetries.symmetry.rotation =  
          0.000000000000000e0 1.000000000000000e0 0.000000000000000e0
          0.000000000000000e0 0.000000000000000e0 1.000000000000000e0
          -1.000000000000000e0 -1.000000000000000e0 -1.000000000000000e0
          
   qes:espresso.output.symmetries.symmetry.fractional_translation =  0.000000000000000e0 0.000000000000000e0 0.000000000000000e0
   qes:espresso.output.symmetries.symmetry.rotation =  
          -1.000000000000000e0 -1.000000000000000e0 -1.000000000000000e0
          1.000000000000000e0 0.000000000000000e0 0.000000000000000e0
          0.000000000000000e0 1.000000000000000e0 0.000000000000000e0
          
   qes:espresso.output.symmetries.symmetry.fractional_translation =  0.000000000000000e0 0.000000000000000e0 0.000000000000000e0
   qes:espresso.output.symmetries.symmetry.rotation =  
          1.000000000000000e0 1.000000000000000e0 1.000000000000000e0
          0.000000000000000e0 -1.000000000000000e0 0.000000000000000e0
          -1.000000000000000e0 0.000000000000000e0 0.000000000000000e0
          
   qes:espresso.output.symmetries.symmetry.fractional_translation =  2.500000000000000e-1 2.500000000000000e-1 2.500000000000000e-1
   qes:espresso.output.symmetries.symmetry.rotation =  
          0.000000000000000e0 0.000000000000000e0 -1.000000000000000e0
          -1.000000000000000e0 0.000000000000000e0 0.000000000000000e0
          0.000000000000000e0 -1.000000000000000e0 0.000000000000000e0
          
   qes:espresso.output.symmetries.symmetry.fractional_translation =  2.500000000000000e-1 2.500000000000000e-1 2.500000000000000e-1
   qes:espresso.output.symmetries.symmetry.rotation =  
          -1.000000000000000e0 0.000000000000000e0 0.000000000000000e0
          0.000000000000000e0 0.000000000000000e0 -1.000000000000000e0
          1.000000000000000e0 1.000000000000000e0 1.000000000000000e0
          
   qes:espresso.output.symmetries.symmetry.fractional_translation =  2.500000000000000e-1 2.500000000000000e-1 2.500000000000000e-1
   qes:espresso.output.symmetries.symmetry.rotation =  
          0.000000000000000e0 -1.000000000000000e0 0.000000000000000e0
          1.000000000000000e0 1.000000000000000e0 1.000000000000000e0
          0.000000000000000e0 0.000000000000000e0 -1.000000000000000e0
          
   qes:espresso.output.symmetries.symmetry.fractional_translation =  2.500000000000000e-1 2.500000000000000e-1 2.500000000000000e-1
   qes:espresso.output.symmetries.symmetry.rotation =  
          0.000000000000000e0 0.000000000000000e0 -1.000000000000000e0
          0.000000000000000e0 -1.000000000000000e0 0.000000000000000e0
          1.000000000000000e0 1.000000000000000e0 1.000000000000000e0
          
   qes:espresso.output.symmetries.symmetry.fractional_translation =  2.500000000000000e-1 2.500000000000000e-1 2.500000000000000e-1
   qes:espresso.output.symmetries.symmetry.rotation =  
          1.000000000000000e0 1.000000000000000e0 1.000000000000000e0
          -1.000000000000000e0 0.000000000000000e0 0.000000000000000e0
          0.000000000000000e0 0.000000000000000e0 -1.000000000000000e0
          
   qes:espresso.output.symmetries.symmetry.fractional_translation =  2.500000000000000e-1 2.500000000000000e-1 2.500000000000000e-1
   qes:espresso.output.symmetries.symmetry.rotation =  
          0.000000000000000e0 -1.000000000000000e0 0.000000000000000e0
          0.000000000000000e0 0.000000000000000e0 -1.000000000000000e0
          -1.000000000000000e0 0.000000000000000e0 0.000000000000000e0
          
   qes:espresso.output.symmetries.symmetry.fractional_translation =  2.500000000000000e-1 2.500000000000000e-1 2.500000000000000e-1
   qes:espresso.output.symmetries.symmetry.rotation =  
          -1.000000000000000e0 0.000000000000000e0 0.000000000000000e0
          1.000000000000000e0 1.000000000000000e0 1.000000000000000e0
          0.000000000000000e0 -1.000000000000000e0 0.000000000000000e0
          
   qes:espresso.output.symmetries.symmetry.fractional_translation =  2.500000000000000e-1 2.500000000000000e-1 2.500000000000000e-1
  qes:espresso.input.symmetry_flags.no_t_rev =  false
  qes:espresso.input.symmetry_flags.noinv =  false
  qes:espresso.output.band_structure.nbnd =  6
  qes:espresso.output.band_structure.nks =  2
  Irreducible k-point: 0
   qes:espresso.output.band_structure.ks_energies.k_point =  0.000000000000000e0 0.000000000000000e0 0.000000000000000e0
   qes:espresso.output.band_structure.ks_energies.k_point.<xmlattr>.weight =  1.000000000000e0
   qes:espresso.output.band_structure.ks_energies.npw =  169
   qes::espresso.output.band_structure_ks_energies.eigenvalues.<xmlattr>.size =  6
   qes:espresso.output.band_structure.ks_energies.eigenvalues =  
          -1.960450854841968e-1 2.481454026841480e-1 2.481454026843306e-1 2.481454026862806e-1 3.394822071656674e-1
          3.394822071682509e-1
          
  Irreducible k-point: 1
   qes:espresso.output.band_structure.ks_energies.k_point =  -1.000000000000000e-1 1.000000000000000e-1 -1.000000000000000e-1
   qes:espresso.output.band_structure.ks_energies.k_point.<xmlattr>.weight =  1.000000000000e0
   qes:espresso.output.band_structure.ks_energies.npw =  172
   qes::espresso.output.band_structure_ks_energies.eigenvalues.<xmlattr>.size =  6
   qes:espresso.output.band_structure.ks_energies.eigenvalues =  
          -1.917339085697921e-1 2.052210495004814e-1 2.396520725618017e-1 2.396520725618022e-1 3.445594475343627e-1
          3.513758212291696e-1
          
  qes:espresso.output.band_structure.nelec =  8.000000000000000e0
  qes:espresso.output.basis_set.fft_grid.<xmlattr>.nr1 =  16
  qes:espresso.output.basis_set.fft_grid.<xmlattr>.nr2 =  16
  qes:espresso.output.basis_set.fft_grid.<xmlattr>.nr3 =  16
  qes:espresso.output.total_energy.ewald =  0.000000000000000e0
  qes:espresso.output.basis_set.gamma_only =  false
  qes:espresso.output.algorithmic_info.uspp =  false
  qes:espresso.output.algorithmic_info.paw =  false

 Read QE wave functions from ./example6/wfc1.dat
 Read QE wave functions from ./example6/wfc2.dat

 Bcast QE input variables

 Read_upf
  Species = 0
   UPF ver.2
   UPF.PP_HEADER.<xmlattr>.pseudo_type =  NC
   UPF.PP_HEADER.<xmlattr>.is_ultrasoft =  false
   UPF.PP_HEADER.<xmlattr>.is_paw =  false
   UPF.PP_HEADER.<xmlattr>.is_coulomb =  false
   UPF.PP_HEADER.<xmlattr>.core_correction =  false
   UPF.PP_HEADER.<xmlattr>.z_valence =  4.00000000000000
   Z_valence = 4
   UPF.PP_HEADER.<xmlattr>.element =  Si
   element_name = Si
   atomic number = 14
   UPF.PP_HEADER.<xmlattr>.mesh_size =  1141
   mesh_size = 1141
   UPF.PP_HEADER.<xmlattr>.number_of_proj =  2
   num. of projectors = 2
    angular momentum = 0
    angular momentum = 1
 set atomic_number & Z_valence
 set_upf
 Bcast upf variables

 Time for initialization = 0 days 0 h 0 m 0 s
 Read SCF informations (tc_scfinfo.dat)
 Time for reading tc_scfinfo.dat = 0 days 0 h 0 m 0 s
 Read SCF wave functions (tc_wfc_scf.dat)
 Read SCF orbital energies (tc_energy_scf.dat)
 Time for reading SCF eigenvalues and eigenvectors calculated by TC++ = 0 days 0 h 0 m 0 s
 Time for setting potentials = 0 days 0 h 0 m 0 s

 Start BAND calculation!
  bloch_states.set_filling()
   Fermi energy: 3.682664237 eV

   Spin 0
   k-vector 0 0 0
   (band index, energy (eV), filling)
   0 -12.27715803 2
   1 3.682660469 2
   2 3.682662989 2
   3 3.682664237 2
   4 14.16934539 0
   5 14.16937506 0

   k-vector    0    0 -0.5
   (band index, energy (eV), filling)
   0 -8.964095677 2
   1 -5.022849533 2
   2 2.167229037 2
   3 2.167229271 2
   4 13.34992311 0
   5 15.17833523 0

   k-vector    0 -0.5 -0.5
   (band index, energy (eV), filling)
   0 -6.375748351 2
   1 -6.375745906 2
   2 0.1221346446 2
   3 0.1221372227 2
   4 11.96688175 0
   5 11.96688556 0

  bloch_states.set_density()
   num. of electrons (spin up) = (4,0) , num. of electrons (spin down) = (4,0)
   total magnetization = (0,0)
   num. of electrons inside a sphere with a radius r around each atom
    Atom 0: 
    r (Bohr),  up,  down,  up - down,  up + down
    0.1  6.926115203e-05  6.926115203e-05  0  0.0001385223041
    0.2  6.926115203e-05  6.926115203e-05  0  0.0001385223041
    0.3  6.926115203e-05  6.926115203e-05  0  0.0001385223041
    0.4  6.926115203e-05  6.926115203e-05  0  0.0001385223041
    0.5  0.004640397445  0.004640397445  0  0.00928079489
    0.6  0.004640397445  0.004640397445  0  0.00928079489
    0.7  0.008624357802  0.008624357802  0  0.0172487156
    0.8  0.03123451324  0.03123451324  0  0.06246902648
    0.9  0.03123451324  0.03123451324  0  0.06246902648
    1  0.04536024645  0.04536024645  0  0.09072049289
    1.1  0.07764069059  0.07764069059  0  0.1552813812
    1.2  0.1715932943  0.1715932943  0  0.3431865886
    1.3  0.1816878658  0.1816878658  0  0.3633757316
    1.4  0.2473859546  0.2473859546  0  0.4947719091
    1.5  0.2924411218  0.2924411218  0  0.5848822437
    1.6  0.390873611  0.390873611  0  0.781747222
    1.7  0.5310550926  0.5310550926  0  1.062110185
    1.8  0.6206967973  0.6206967973  0  1.241393595
    1.9  0.7395912713  0.7395912713  0  1.479182543
    2  0.9279180078  0.9279180078  0  1.855836016
    2.1  1.050250826  1.050250826  0  2.100501652
    2.2  1.162444548  1.162444548  0  2.324889095
    2.3  1.31775688  1.31775688  0  2.635513761
    2.4  1.56295997  1.56295997  0  3.12591994
    2.5  1.590605102  1.590605102  0  3.181210203
    2.6  1.718863442  1.718863442  0  3.437726883
    2.7  1.971436226  1.971436226  0  3.942872452
    2.8  2.166853909  2.166853909  0  4.333707817
    2.9  2.244220928  2.244220928  0  4.488441856
    3  2.440075603  2.440075603  0  4.880151206
    3.1  2.594562503  2.594562503  0  5.189125007
    3.2  2.805107899  2.805107899  0  5.610215797
    3.3  2.918505686  2.918505686  0  5.837011371
    3.4  3.101533245  3.101533245  0  6.203066489
    3.5  3.303942611  3.303942611  0  6.607885222
    3.6  3.513095728  3.513095728  0  7.026191456
    3.7  3.589191019  3.589191019  0  7.178382037
    3.8  3.814730333  3.814730333  0  7.629460665
    3.9  3.997737725  3.997737725  0  7.995475449
    4  4.185502205  4.185502205  0  8.37100441
    Atom 1: 
    r (Bohr),  up,  down,  up - down,  up + down
    0.1  6.926200474e-05  6.926200474e-05  0  0.0001385240095
    0.2  6.926200474e-05  6.926200474e-05  0  0.0001385240095
    0.3  6.926200474e-05  6.926200474e-05  0  0.0001385240095
    0.4  6.926200474e-05  6.926200474e-05  0  0.0001385240095
    0.5  0.004640418677  0.004640418677  0  0.009280837354
    0.6  0.004640418677  0.004640418677  0  0.009280837354
    0.7  0.008624392755  0.008624392755  0  0.01724878551
    0.8  0.03123460707  0.03123460707  0  0.06246921414
    0.9  0.03123460707  0.03123460707  0  0.06246921414
    1  0.04536037075  0.04536037075  0  0.0907207415
    1.1  0.07764088188  0.07764088188  0  0.1552817638
    1.2  0.1715936155  0.1715936155  0  0.343187231
    1.3  0.1816882049  0.1816882049  0  0.3633764098
    1.4  0.2473863796  0.2473863796  0  0.4947727592
    1.5  0.2924416007  0.2924416007  0  0.5848832014
    1.6  0.3908741676  0.3908741676  0  0.7817483352
    1.7  0.5310557854  0.5310557854  0  1.062111571
    1.8  0.6206975835  0.6206975835  0  1.241395167
    1.9  0.7395921284  0.7395921284  0  1.479184257
    2  0.927919015  0.927919015  0  1.85583803
    2.1  1.050251918  1.050251918  0  2.100503836
    2.2  1.162445734  1.162445734  0  2.324891469
    2.3  1.317758163  1.317758163  0  2.635516325
    2.4  1.562961395  1.562961395  0  3.12592279
    2.5  1.590606553  1.590606553  0  3.181213106
    2.6  1.718864938  1.718864938  0  3.437729877
    2.7  1.971437821  1.971437821  0  3.942875641
    2.8  2.166855528  2.166855528  0  4.333711057
    2.9  2.244222525  2.244222525  0  4.48844505
    3  2.440077212  2.440077212  0  4.880154424
    3.1  2.594564037  2.594564037  0  5.189128075
    3.2  2.805109306  2.805109306  0  5.610218611
    3.3  2.918507002  2.918507002  0  5.837014003
    3.4  3.101534403  3.101534403  0  6.203068805
    3.5  3.303943442  3.303943442  0  6.607886884
    3.6  3.513096333  3.513096333  0  7.026192666
    3.7  3.589191488  3.589191488  0  7.178382975
    3.8  3.814730357  3.814730357  0  7.629460714
    3.9  3.997737414  3.997737414  0  7.995474829
    4  4.185501643  4.185501643  0  8.371003286

 Time for preparation for BAND calc. (set filling and density) = 0 days 0 h 0 m 0 s
   Print band energies
   Spin 0
   k-vector 0 0 0
   (band index, energy (eV))
   0 -5.334658308
   1 6.752380101
   2 6.752380101
   3 6.752380101
   4 9.237781057
   5 9.237781057

   k-vector   0   0 0.1
   (band index, energy (eV))
   0 -5.217345213
   1 5.584348998
   2 6.521264825
   3 6.521264825
   4 9.375939799
   5 9.561422769

 Iteration 1
  calc_hamiltonian
  cf. dimension of subspace (up, ik=0) = 6
 Time for calculating the one-body terms = 0 days 0 h 0 m 0 s
 Time for calculating the Hartree term = 0 days 0 h 0 m 0 s
 Time for calculating the exchange term = 0 days 0 h 0 m 0 s
 Time for Reduce() Hamiltonian*phi = 0 days 0 h 0 m 0 s
 Time for preparation for the next loop (preconditioning & Gram-Schmidt) = 0 days 0 h 0 m 0 s
 Time for preparation for the next loop (Bcast) = 0 days 0 h 0 m 0 s
  calc_hamiltonian
  cf. dimension of subspace (up, ik=0) = 6
 Time for calculating the one-body terms = 0 days 0 h 0 m 0 s
 Time for calculating the Hartree term = 0 days 0 h 0 m 0 s
 Time for calculating the exchange term = 0 days 0 h 0 m 0 s
 Time for Reduce() Hamiltonian*phi = 0 days 0 h 0 m 0 s
  diagonalize subspace Hamiltonian
 Time for diagonalizing subspace Hamiltonian = 0 days 0 h 0 m 0 s
 Time for diagonalizing subspace Hamiltonian (Bcast) = 0 days 0 h 0 m 0 s
 Time for diagonalization = 0 days 0 h 0 m 0 s
 Dump BAND wave functions (tc_wfc_band.dat)
 Dump BAND orbital energies (tc_energy_band.dat)
 Time for dumping wave functions etc. = 0 days 0 h 0 m 0 s
 Dump BAND eigenvalues (tc_bandplot.dat)
 Time for dumping tc_bandplot.dat = 0 days 0 h 0 m 0 s

   Print band energies
   Spin 0
   k-vector 0 0 0
   (band index, energy (eV))
   0 -12.2072424
   1 3.621722435
   2 3.621724151
   3 3.621727257
   4 14.28416414
   5 14.28416453

   k-vector   0   0 0.1
   (band index, energy (eV))
   0 -12.02227505
   1 2.094746814
   2 3.076886035
   3 3.160560298
   4 14.82086106
   5 15.04121024

   mean absolute energy difference from the previous loop = 0.1665407117 Ht.
 Iteration 2
  calc_hamiltonian
  cf. dimension of subspace (up, ik=0) = 6
 Time for calculating the one-body terms = 0 days 0 h 0 m 0 s
 Time for calculating the Hartree term = 0 days 0 h 0 m 0 s
 Time for calculating the exchange term = 0 days 0 h 0 m 0 s
 Time for Reduce() Hamiltonian*phi = 0 days 0 h 0 m 0 s
 Time for preparation for the next loop (preconditioning & Gram-Schmidt) = 0 days 0 h 0 m 0 s
 Time for preparation for the next loop (Bcast) = 0 days 0 h 0 m 0 s
  calc_hamiltonian
  cf. dimension of subspace (up, ik=0) = 6
 Time for calculating the one-body terms = 0 days 0 h 0 m 0 s
 Time for calculating the Hartree term = 0 days 0 h 0 m 0 s
 Time for calculating the exchange term = 0 days 0 h 0 m 0 s
 Time for Reduce() Hamiltonian*phi = 0 days 0 h 0 m 0 s
  diagonalize subspace Hamiltonian
 Time for diagonalizing subspace Hamiltonian = 0 days 0 h 0 m 0 s
 Time for diagonalizing subspace Hamiltonian (Bcast) = 0 days 0 h 0 m 0 s
 Time for diagonalization = 0 days 0 h 0 m 0 s
 Dump BAND wave functions (tc_wfc_band.dat)
 Dump BAND orbital energies (tc_energy_band.dat)
 Time for dumping wave functions etc. = 0 days 0 h 0 m 0 s
 Dump BAND eigenvalues (tc_bandplot.dat)
 Time for dumping tc_bandplot.dat = 0 days 0 h 0 m 0 s

   Print band energies
   Spin 0
   k-vector 0 0 0
   (band index, energy (eV))
   0 -12.21305708
   1 3.616865857
   2 3.616867565
   3 3.616870694
   4 14.27133561
   5 14.27133611

   k-vector   0   0 0.1
   (band index, energy (eV))
   0 -12.03044704
   1 2.94344161
   2 3.405344146
   3 3.517599792
   4 14.36198809
   5 14.71847963

 CAUTION!! convergence is not achieved...
 Total time = 0 days 0 h 0 m 2 s
